[0.017s] Invoking command in '/home/ocrv/sp_vision_tutorial_27/lecture4/build/nav_hw_interfaces': CMAKE_PREFIX_PATH=/opt/ros/humble /usr/bin/cmake /home/ocrv/sp_vision_tutorial_27/lecture4/homework/src/nav_hw_interfaces -DCMAKE_INSTALL_PREFIX=/home/ocrv/sp_vision_tutorial_27/lecture4/install/nav_hw_interfaces
[0.179s] -- The C compiler identification is GNU 11.4.0
[0.266s] -- The CXX compiler identification is GNU 11.4.0
[0.277s] -- Detecting C compiler ABI info
[0.394s] -- Detecting C compiler ABI info - done
[0.405s] -- Check for working C compiler: /usr/bin/cc - skipped
[0.405s] -- Detecting C compile features
[0.408s] -- Detecting C compile features - done
[0.408s] -- Detecting CXX compiler ABI info
[0.553s] -- Detecting CXX compiler ABI info - done
[0.580s] -- Check for working CXX compiler: /usr/bin/c++ - skipped
[0.581s] -- Detecting CXX compile features
[0.581s] -- Detecting CXX compile features - done
[0.592s] -- Found ament_cmake: 1.3.14 (/opt/ros/humble/share/ament_cmake/cmake)
[0.838s] -- Found Python3: /usr/bin/python3 (found version "3.10.12") found components: Interpreter 
[1.084s] -- Found rosidl_default_generators: 1.2.1 (/opt/ros/humble/share/rosidl_default_generators/cmake)
[1.093s] -- Using all available rosidl_typesupport_c: rosidl_typesupport_fastrtps_c;rosidl_typesupport_introspection_c
[1.100s] -- Found rosidl_adapter: 3.1.9 (/opt/ros/humble/share/rosidl_adapter/cmake)
[1.173s] -- Using all available rosidl_typesupport_cpp: rosidl_typesupport_fastrtps_cpp;rosidl_typesupport_introspection_cpp
[1.243s] -- Found std_msgs: 4.9.2 (/opt/ros/humble/share/std_msgs/cmake)
[1.611s] -- Found ament_cmake_ros: 0.10.1 (/opt/ros/humble/share/ament_cmake_ros/cmake)
[1.876s] -- Using all available rosidl_typesupport_c: rosidl_typesupport_fastrtps_c;rosidl_typesupport_introspection_c
[2.195s] -- Using all available rosidl_typesupport_cpp: rosidl_typesupport_fastrtps_cpp;rosidl_typesupport_introspection_cpp
[2.215s] -- Found PythonInterp: /usr/bin/python3 (found suitable version "3.10.12", minimum required is "3.6") 
[2.217s] -- Found python_cmake_module: 0.10.0 (/opt/ros/humble/share/python_cmake_module/cmake)
[2.256s] -- Found PythonLibs: /usr/lib/x86_64-linux-gnu/libpython3.10.so (found suitable version "3.10.12", minimum required is "3.5") 
[2.259s] -- Using PYTHON_EXECUTABLE: /usr/bin/python3
[2.259s] -- Using PYTHON_INCLUDE_DIRS: /usr/include/python3.10
[2.259s] -- Using PYTHON_LIBRARIES: /usr/lib/x86_64-linux-gnu/libpython3.10.so
[2.293s] -- Found PythonExtra: .so  
[2.442s] -- Configuring done
[2.474s] -- Generating done
[2.494s] -- Build files have been written to: /home/ocrv/sp_vision_tutorial_27/lecture4/build/nav_hw_interfaces
[2.511s] Invoked command in '/home/ocrv/sp_vision_tutorial_27/lecture4/build/nav_hw_interfaces' returned '0': CMAKE_PREFIX_PATH=/opt/ros/humble /usr/bin/cmake /home/ocrv/sp_vision_tutorial_27/lecture4/homework/src/nav_hw_interfaces -DCMAKE_INSTALL_PREFIX=/home/ocrv/sp_vision_tutorial_27/lecture4/install/nav_hw_interfaces
[2.511s] Invoking command in '/home/ocrv/sp_vision_tutorial_27/lecture4/build/nav_hw_interfaces': CMAKE_PREFIX_PATH=/opt/ros/humble /usr/bin/cmake --build /home/ocrv/sp_vision_tutorial_27/lecture4/build/nav_hw_interfaces -- -j4 -l4
[2.597s] [  3%] [34m[1mGenerating C code for ROS interfaces[0m
[2.624s] [  6%] [34m[1mGenerating Rust code for ROS interfaces[0m
[2.629s] [  9%] [34m[1mGenerating C++ code for ROS interfaces[0m
[2.652s] [  9%] Built target ament_cmake_python_copy_nav_hw_interfaces
[3.097s] running egg_info
[3.097s] creating nav_hw_interfaces.egg-info
[3.100s] writing nav_hw_interfaces.egg-info/PKG-INFO
[3.100s] writing dependency_links to nav_hw_interfaces.egg-info/dependency_links.txt
[3.100s] writing top-level names to nav_hw_interfaces.egg-info/top_level.txt
[3.100s] writing manifest file 'nav_hw_interfaces.egg-info/SOURCES.txt'
[3.108s] reading manifest file 'nav_hw_interfaces.egg-info/SOURCES.txt'
[3.108s] writing manifest file 'nav_hw_interfaces.egg-info/SOURCES.txt'
[3.158s] [  9%] Built target ament_cmake_python_build_nav_hw_interfaces_egg
[3.162s] [ 12%] [32mBuilding C object CMakeFiles/nav_hw_interfaces__rosidl_generator_c.dir/rosidl_generator_c/nav_hw_interfaces/msg/detail/sensor_data__functions.c.o[0m
[3.162s] [ 12%] Built target nav_hw_interfaces__cpp
[3.187s] [ 12%] Built target nav_hw_interfaces__rs
[3.187s] [ 15%] [34m[1mGenerating C++ type support for eProsima Fast-RTPS[0m
[3.190s] [ 18%] [34m[1mGenerating C++ introspection for ROS interfaces[0m
[3.222s] [ 21%] [34m[1mGenerating C++ type support dispatch for ROS interfaces[0m
[3.329s] [ 25%] [32m[1mLinking C shared library libnav_hw_interfaces__rosidl_generator_c.so[0m
[3.425s] [ 25%] Built target nav_hw_interfaces__rosidl_generator_c
[3.454s] [ 28%] [34m[1mGenerating C type support for eProsima Fast-RTPS[0m
[3.642s] [ 31%] [32mBuilding CXX object CMakeFiles/nav_hw_interfaces__rosidl_typesupport_cpp.dir/rosidl_typesupport_cpp/nav_hw_interfaces/msg/sensor_data__type_support.cpp.o[0m
[3.687s] [ 34%] [32mBuilding CXX object CMakeFiles/nav_hw_interfaces__rosidl_typesupport_fastrtps_cpp.dir/rosidl_typesupport_fastrtps_cpp/nav_hw_interfaces/msg/detail/dds_fastrtps/sensor_data__type_support.cpp.o[0m
[3.728s] [ 37%] [32mBuilding CXX object CMakeFiles/nav_hw_interfaces__rosidl_typesupport_introspection_cpp.dir/rosidl_typesupport_introspection_cpp/nav_hw_interfaces/msg/detail/sensor_data__type_support.cpp.o[0m
[3.841s] [ 40%] [32mBuilding CXX object CMakeFiles/nav_hw_interfaces__rosidl_typesupport_fastrtps_c.dir/rosidl_typesupport_fastrtps_c/nav_hw_interfaces/msg/detail/sensor_data__type_support_c.cpp.o[0m
[4.171s] [ 43%] [32m[1mLinking CXX shared library libnav_hw_interfaces__rosidl_typesupport_cpp.so[0m
[4.269s] [ 43%] Built target nav_hw_interfaces__rosidl_typesupport_cpp
[4.312s] [ 46%] [34m[1mGenerating C introspection for ROS interfaces[0m
[4.317s] [ 50%] [32m[1mLinking CXX shared library libnav_hw_interfaces__rosidl_typesupport_fastrtps_cpp.so[0m
[4.473s] [ 50%] Built target nav_hw_interfaces__rosidl_typesupport_fastrtps_cpp
[4.501s] [ 53%] [34m[1mGenerating C type support dispatch for ROS interfaces[0m
[4.742s] [ 56%] [32m[1mLinking CXX shared library libnav_hw_interfaces__rosidl_typesupport_introspection_cpp.so[0m
[4.765s] [ 59%] [32m[1mLinking CXX shared library libnav_hw_interfaces__rosidl_typesupport_fastrtps_c.so[0m
[4.881s] [ 62%] [32mBuilding CXX object CMakeFiles/nav_hw_interfaces__rosidl_typesupport_c.dir/rosidl_typesupport_c/nav_hw_interfaces/msg/sensor_data__type_support.cpp.o[0m
[4.890s] [ 65%] [32mBuilding C object CMakeFiles/nav_hw_interfaces__rosidl_typesupport_introspection_c.dir/rosidl_typesupport_introspection_c/nav_hw_interfaces/msg/detail/sensor_data__type_support.c.o[0m
[4.906s] [ 65%] Built target nav_hw_interfaces__rosidl_typesupport_introspection_cpp
[4.936s] [ 68%] [32m[1mLinking CXX shared library libnav_hw_interfaces__rosidl_typesupport_c.so[0m
[4.943s] [ 71%] [32m[1mLinking C shared library libnav_hw_interfaces__rosidl_typesupport_introspection_c.so[0m
[5.020s] [ 71%] Built target nav_hw_interfaces__rosidl_typesupport_introspection_c
[5.024s] [ 71%] Built target nav_hw_interfaces__rosidl_typesupport_fastrtps_c
[5.040s] [ 71%] Built target nav_hw_interfaces__rosidl_typesupport_c
[5.099s] [ 71%] Built target nav_hw_interfaces
[5.151s] [ 75%] [34m[1mGenerating Python code for ROS interfaces[0m
[5.510s] [ 75%] Built target nav_hw_interfaces__py
[5.528s] [ 78%] [32mBuilding C object CMakeFiles/nav_hw_interfaces__rosidl_generator_py.dir/rosidl_generator_py/nav_hw_interfaces/msg/_sensor_data_s.c.o[0m
[5.751s] [ 81%] [32m[1mLinking C shared library rosidl_generator_py/nav_hw_interfaces/libnav_hw_interfaces__rosidl_generator_py.so[0m
[5.829s] [ 81%] Built target nav_hw_interfaces__rosidl_generator_py
[5.862s] [ 84%] [32mBuilding C object CMakeFiles/nav_hw_interfaces__rosidl_typesupport_c__pyext.dir/rosidl_generator_py/nav_hw_interfaces/_nav_hw_interfaces_s.ep.rosidl_typesupport_c.c.o[0m
[5.874s] [ 87%] [32mBuilding C object CMakeFiles/nav_hw_interfaces__rosidl_typesupport_introspection_c__pyext.dir/rosidl_generator_py/nav_hw_interfaces/_nav_hw_interfaces_s.ep.rosidl_typesupport_introspection_c.c.o[0m
[5.886s] [ 90%] [32mBuilding C object CMakeFiles/nav_hw_interfaces__rosidl_typesupport_fastrtps_c__pyext.dir/rosidl_generator_py/nav_hw_interfaces/_nav_hw_interfaces_s.ep.rosidl_typesupport_fastrtps_c.c.o[0m
[6.011s] [ 93%] [32m[1mLinking C shared library rosidl_generator_py/nav_hw_interfaces/nav_hw_interfaces_s__rosidl_typesupport_introspection_c.cpython-310-x86_64-linux-gnu.so[0m
[6.052s] [ 96%] [32m[1mLinking C shared library rosidl_generator_py/nav_hw_interfaces/nav_hw_interfaces_s__rosidl_typesupport_c.cpython-310-x86_64-linux-gnu.so[0m
[6.085s] [100%] [32m[1mLinking C shared library rosidl_generator_py/nav_hw_interfaces/nav_hw_interfaces_s__rosidl_typesupport_fastrtps_c.cpython-310-x86_64-linux-gnu.so[0m
[6.125s] [100%] Built target nav_hw_interfaces__rosidl_typesupport_introspection_c__pyext
[6.156s] [100%] Built target nav_hw_interfaces__rosidl_typesupport_c__pyext
[6.165s] [100%] Built target nav_hw_interfaces__rosidl_typesupport_fastrtps_c__pyext
[6.196s] Invoked command in '/home/ocrv/sp_vision_tutorial_27/lecture4/build/nav_hw_interfaces' returned '0': CMAKE_PREFIX_PATH=/opt/ros/humble /usr/bin/cmake --build /home/ocrv/sp_vision_tutorial_27/lecture4/build/nav_hw_interfaces -- -j4 -l4
[6.203s] Invoking command in '/home/ocrv/sp_vision_tutorial_27/lecture4/build/nav_hw_interfaces': CMAKE_PREFIX_PATH=/opt/ros/humble /usr/bin/cmake --install /home/ocrv/sp_vision_tutorial_27/lecture4/build/nav_hw_interfaces
[6.216s] -- Install configuration: ""
[6.219s] -- Installing: /home/ocrv/sp_vision_tutorial_27/lecture4/install/nav_hw_interfaces/share/ament_index/resource_index/rosidl_interfaces/nav_hw_interfaces
[6.220s] -- Installing: /home/ocrv/sp_vision_tutorial_27/lecture4/install/nav_hw_interfaces/include/nav_hw_interfaces/nav_hw_interfaces
[6.229s] -- Installing: /home/ocrv/sp_vision_tutorial_27/lecture4/install/nav_hw_interfaces/include/nav_hw_interfaces/nav_hw_interfaces/msg
[6.229s] -- Installing: /home/ocrv/sp_vision_tutorial_27/lecture4/install/nav_hw_interfaces/include/nav_hw_interfaces/nav_hw_interfaces/msg/rosidl_generator_c__visibility_control.h
[6.229s] -- Installing: /home/ocrv/sp_vision_tutorial_27/lecture4/install/nav_hw_interfaces/include/nav_hw_interfaces/nav_hw_interfaces/msg/detail
[6.229s] -- Installing: /home/ocrv/sp_vision_tutorial_27/lecture4/install/nav_hw_interfaces/include/nav_hw_interfaces/nav_hw_interfaces/msg/detail/sensor_data__struct.h
[6.229s] -- Installing: /home/ocrv/sp_vision_tutorial_27/lecture4/install/nav_hw_interfaces/include/nav_hw_interfaces/nav_hw_interfaces/msg/detail/sensor_data__type_support.h
[6.229s] -- Installing: /home/ocrv/sp_vision_tutorial_27/lecture4/install/nav_hw_interfaces/include/nav_hw_interfaces/nav_hw_interfaces/msg/detail/sensor_data__functions.h
[6.229s] -- Installing: /home/ocrv/sp_vision_tutorial_27/lecture4/install/nav_hw_interfaces/include/nav_hw_interfaces/nav_hw_interfaces/msg/detail/sensor_data__functions.c
[6.229s] -- Installing: /home/ocrv/sp_vision_tutorial_27/lecture4/install/nav_hw_interfaces/include/nav_hw_interfaces/nav_hw_interfaces/msg/sensor_data.h
[6.229s] -- Installing: /home/ocrv/sp_vision_tutorial_27/lecture4/install/nav_hw_interfaces/share/nav_hw_interfaces/environment/library_path.sh
[6.229s] -- Installing: /home/ocrv/sp_vision_tutorial_27/lecture4/install/nav_hw_interfaces/share/nav_hw_interfaces/environment/library_path.dsv
[6.229s] -- Installing: /home/ocrv/sp_vision_tutorial_27/lecture4/install/nav_hw_interfaces/lib/libnav_hw_interfaces__rosidl_generator_c.so
[6.229s] -- Set runtime path of "/home/ocrv/sp_vision_tutorial_27/lecture4/install/nav_hw_interfaces/lib/libnav_hw_interfaces__rosidl_generator_c.so" to ""
[6.229s] -- Up-to-date: /home/ocrv/sp_vision_tutorial_27/lecture4/install/nav_hw_interfaces/include/nav_hw_interfaces/nav_hw_interfaces
[6.229s] -- Up-to-date: /home/ocrv/sp_vision_tutorial_27/lecture4/install/nav_hw_interfaces/include/nav_hw_interfaces/nav_hw_interfaces/msg
[6.229s] -- Installing: /home/ocrv/sp_vision_tutorial_27/lecture4/install/nav_hw_interfaces/include/nav_hw_interfaces/nav_hw_interfaces/msg/rosidl_typesupport_fastrtps_c__visibility_control.h
[6.229s] -- Up-to-date: /home/ocrv/sp_vision_tutorial_27/lecture4/install/nav_hw_interfaces/include/nav_hw_interfaces/nav_hw_interfaces/msg/detail
[6.229s] -- Installing: /home/ocrv/sp_vision_tutorial_27/lecture4/install/nav_hw_interfaces/include/nav_hw_interfaces/nav_hw_interfaces/msg/detail/sensor_data__rosidl_typesupport_fastrtps_c.h
[6.229s] -- Installing: /home/ocrv/sp_vision_tutorial_27/lecture4/install/nav_hw_interfaces/lib/libnav_hw_interfaces__rosidl_typesupport_fastrtps_c.so
[6.229s] -- Set runtime path of "/home/ocrv/sp_vision_tutorial_27/lecture4/install/nav_hw_interfaces/lib/libnav_hw_interfaces__rosidl_typesupport_fastrtps_c.so" to ""
[6.229s] -- Up-to-date: /home/ocrv/sp_vision_tutorial_27/lecture4/install/nav_hw_interfaces/include/nav_hw_interfaces/nav_hw_interfaces
[6.229s] -- Up-to-date: /home/ocrv/sp_vision_tutorial_27/lecture4/install/nav_hw_interfaces/include/nav_hw_interfaces/nav_hw_interfaces/msg
[6.229s] -- Installing: /home/ocrv/sp_vision_tutorial_27/lecture4/install/nav_hw_interfaces/include/nav_hw_interfaces/nav_hw_interfaces/msg/rosidl_typesupport_introspection_c__visibility_control.h
[6.229s] -- Up-to-date: /home/ocrv/sp_vision_tutorial_27/lecture4/install/nav_hw_interfaces/include/nav_hw_interfaces/nav_hw_interfaces/msg/detail
[6.229s] -- Installing: /home/ocrv/sp_vision_tutorial_27/lecture4/install/nav_hw_interfaces/include/nav_hw_interfaces/nav_hw_interfaces/msg/detail/sensor_data__rosidl_typesupport_introspection_c.h
[6.229s] -- Installing: /home/ocrv/sp_vision_tutorial_27/lecture4/install/nav_hw_interfaces/include/nav_hw_interfaces/nav_hw_interfaces/msg/detail/sensor_data__type_support.c
[6.234s] -- Installing: /home/ocrv/sp_vision_tutorial_27/lecture4/install/nav_hw_interfaces/lib/libnav_hw_interfaces__rosidl_typesupport_introspection_c.so
[6.234s] -- Set runtime path of "/home/ocrv/sp_vision_tutorial_27/lecture4/install/nav_hw_interfaces/lib/libnav_hw_interfaces__rosidl_typesupport_introspection_c.so" to ""
[6.234s] -- Installing: /home/ocrv/sp_vision_tutorial_27/lecture4/install/nav_hw_interfaces/lib/libnav_hw_interfaces__rosidl_typesupport_c.so
[6.234s] -- Set runtime path of "/home/ocrv/sp_vision_tutorial_27/lecture4/install/nav_hw_interfaces/lib/libnav_hw_interfaces__rosidl_typesupport_c.so" to ""
[6.234s] -- Up-to-date: /home/ocrv/sp_vision_tutorial_27/lecture4/install/nav_hw_interfaces/include/nav_hw_interfaces/nav_hw_interfaces
[6.234s] -- Up-to-date: /home/ocrv/sp_vision_tutorial_27/lecture4/install/nav_hw_interfaces/include/nav_hw_interfaces/nav_hw_interfaces/msg
[6.235s] -- Installing: /home/ocrv/sp_vision_tutorial_27/lecture4/install/nav_hw_interfaces/include/nav_hw_interfaces/nav_hw_interfaces/msg/rosidl_generator_cpp__visibility_control.hpp
[6.235s] -- Up-to-date: /home/ocrv/sp_vision_tutorial_27/lecture4/install/nav_hw_interfaces/include/nav_hw_interfaces/nav_hw_interfaces/msg/detail
[6.235s] -- Installing: /home/ocrv/sp_vision_tutorial_27/lecture4/install/nav_hw_interfaces/include/nav_hw_interfaces/nav_hw_interfaces/msg/detail/sensor_data__builder.hpp
[6.237s] -- Installing: /home/ocrv/sp_vision_tutorial_27/lecture4/install/nav_hw_interfaces/include/nav_hw_interfaces/nav_hw_interfaces/msg/detail/sensor_data__traits.hpp
[6.237s] -- Installing: /home/ocrv/sp_vision_tutorial_27/lecture4/install/nav_hw_interfaces/include/nav_hw_interfaces/nav_hw_interfaces/msg/detail/sensor_data__type_support.hpp
[6.237s] -- Installing: /home/ocrv/sp_vision_tutorial_27/lecture4/install/nav_hw_interfaces/include/nav_hw_interfaces/nav_hw_interfaces/msg/detail/sensor_data__struct.hpp
[6.239s] -- Installing: /home/ocrv/sp_vision_tutorial_27/lecture4/install/nav_hw_interfaces/include/nav_hw_interfaces/nav_hw_interfaces/msg/sensor_data.hpp
[6.239s] -- Up-to-date: /home/ocrv/sp_vision_tutorial_27/lecture4/install/nav_hw_interfaces/include/nav_hw_interfaces/nav_hw_interfaces
[6.239s] -- Up-to-date: /home/ocrv/sp_vision_tutorial_27/lecture4/install/nav_hw_interfaces/include/nav_hw_interfaces/nav_hw_interfaces/msg
[6.239s] -- Up-to-date: /home/ocrv/sp_vision_tutorial_27/lecture4/install/nav_hw_interfaces/include/nav_hw_interfaces/nav_hw_interfaces/msg/detail
[6.239s] -- Installing: /home/ocrv/sp_vision_tutorial_27/lecture4/install/nav_hw_interfaces/include/nav_hw_interfaces/nav_hw_interfaces/msg/detail/sensor_data__rosidl_typesupport_fastrtps_cpp.hpp
[6.242s] -- Installing: /home/ocrv/sp_vision_tutorial_27/lecture4/install/nav_hw_interfaces/include/nav_hw_interfaces/nav_hw_interfaces/msg/detail/dds_fastrtps
[6.242s] -- Installing: /home/ocrv/sp_vision_tutorial_27/lecture4/install/nav_hw_interfaces/include/nav_hw_interfaces/nav_hw_interfaces/msg/rosidl_typesupport_fastrtps_cpp__visibility_control.h
[6.243s] -- Installing: /home/ocrv/sp_vision_tutorial_27/lecture4/install/nav_hw_interfaces/lib/libnav_hw_interfaces__rosidl_typesupport_fastrtps_cpp.so
[6.250s] -- Set runtime path of "/home/ocrv/sp_vision_tutorial_27/lecture4/install/nav_hw_interfaces/lib/libnav_hw_interfaces__rosidl_typesupport_fastrtps_cpp.so" to ""
[6.250s] -- Up-to-date: /home/ocrv/sp_vision_tutorial_27/lecture4/install/nav_hw_interfaces/include/nav_hw_interfaces/nav_hw_interfaces
[6.250s] -- Up-to-date: /home/ocrv/sp_vision_tutorial_27/lecture4/install/nav_hw_interfaces/include/nav_hw_interfaces/nav_hw_interfaces/msg
[6.250s] -- Up-to-date: /home/ocrv/sp_vision_tutorial_27/lecture4/install/nav_hw_interfaces/include/nav_hw_interfaces/nav_hw_interfaces/msg/detail
[6.251s] -- Installing: /home/ocrv/sp_vision_tutorial_27/lecture4/install/nav_hw_interfaces/include/nav_hw_interfaces/nav_hw_interfaces/msg/detail/sensor_data__rosidl_typesupport_introspection_cpp.hpp
[6.251s] -- Installing: /home/ocrv/sp_vision_tutorial_27/lecture4/install/nav_hw_interfaces/include/nav_hw_interfaces/nav_hw_interfaces/msg/detail/sensor_data__type_support.cpp
[6.251s] -- Installing: /home/ocrv/sp_vision_tutorial_27/lecture4/install/nav_hw_interfaces/lib/libnav_hw_interfaces__rosidl_typesupport_introspection_cpp.so
[6.251s] -- Set runtime path of "/home/ocrv/sp_vision_tutorial_27/lecture4/install/nav_hw_interfaces/lib/libnav_hw_interfaces__rosidl_typesupport_introspection_cpp.so" to ""
[6.251s] -- Installing: /home/ocrv/sp_vision_tutorial_27/lecture4/install/nav_hw_interfaces/lib/libnav_hw_interfaces__rosidl_typesupport_cpp.so
[6.251s] -- Set runtime path of "/home/ocrv/sp_vision_tutorial_27/lecture4/install/nav_hw_interfaces/lib/libnav_hw_interfaces__rosidl_typesupport_cpp.so" to ""
[6.251s] -- Installing: /home/ocrv/sp_vision_tutorial_27/lecture4/install/nav_hw_interfaces/share/nav_hw_interfaces/environment/pythonpath.sh
[6.251s] -- Installing: /home/ocrv/sp_vision_tutorial_27/lecture4/install/nav_hw_interfaces/share/nav_hw_interfaces/environment/pythonpath.dsv
[6.251s] -- Installing: /home/ocrv/sp_vision_tutorial_27/lecture4/install/nav_hw_interfaces/local/lib/python3.10/dist-packages/nav_hw_interfaces-0.0.0-py3.10.egg-info
[6.251s] -- Installing: /home/ocrv/sp_vision_tutorial_27/lecture4/install/nav_hw_interfaces/local/lib/python3.10/dist-packages/nav_hw_interfaces-0.0.0-py3.10.egg-info/top_level.txt
[6.251s] -- Installing: /home/ocrv/sp_vision_tutorial_27/lecture4/install/nav_hw_interfaces/local/lib/python3.10/dist-packages/nav_hw_interfaces-0.0.0-py3.10.egg-info/PKG-INFO
[6.251s] -- Installing: /home/ocrv/sp_vision_tutorial_27/lecture4/install/nav_hw_interfaces/local/lib/python3.10/dist-packages/nav_hw_interfaces-0.0.0-py3.10.egg-info/dependency_links.txt
[6.251s] -- Installing: /home/ocrv/sp_vision_tutorial_27/lecture4/install/nav_hw_interfaces/local/lib/python3.10/dist-packages/nav_hw_interfaces-0.0.0-py3.10.egg-info/SOURCES.txt
[6.251s] -- Installing: /home/ocrv/sp_vision_tutorial_27/lecture4/install/nav_hw_interfaces/local/lib/python3.10/dist-packages/nav_hw_interfaces
[6.252s] -- Installing: /home/ocrv/sp_vision_tutorial_27/lecture4/install/nav_hw_interfaces/local/lib/python3.10/dist-packages/nav_hw_interfaces/nav_hw_interfaces_s__rosidl_typesupport_fastrtps_c.cpython-310-x86_64-linux-gnu.so
[6.252s] -- Installing: /home/ocrv/sp_vision_tutorial_27/lecture4/install/nav_hw_interfaces/local/lib/python3.10/dist-packages/nav_hw_interfaces/_nav_hw_interfaces_s.ep.rosidl_typesupport_introspection_c.c
[6.252s] -- Installing: /home/ocrv/sp_vision_tutorial_27/lecture4/install/nav_hw_interfaces/local/lib/python3.10/dist-packages/nav_hw_interfaces/nav_hw_interfaces_s__rosidl_typesupport_introspection_c.cpython-310-x86_64-linux-gnu.so
[6.252s] -- Installing: /home/ocrv/sp_vision_tutorial_27/lecture4/install/nav_hw_interfaces/local/lib/python3.10/dist-packages/nav_hw_interfaces/__init__.py
[6.252s] -- Installing: /home/ocrv/sp_vision_tutorial_27/lecture4/install/nav_hw_interfaces/local/lib/python3.10/dist-packages/nav_hw_interfaces/msg
[6.256s] -- Installing: /home/ocrv/sp_vision_tutorial_27/lecture4/install/nav_hw_interfaces/local/lib/python3.10/dist-packages/nav_hw_interfaces/msg/__init__.py
[6.256s] -- Installing: /home/ocrv/sp_vision_tutorial_27/lecture4/install/nav_hw_interfaces/local/lib/python3.10/dist-packages/nav_hw_interfaces/msg/_sensor_data_s.c
[6.256s] -- Installing: /home/ocrv/sp_vision_tutorial_27/lecture4/install/nav_hw_interfaces/local/lib/python3.10/dist-packages/nav_hw_interfaces/msg/_sensor_data.py
[6.256s] -- Installing: /home/ocrv/sp_vision_tutorial_27/lecture4/install/nav_hw_interfaces/local/lib/python3.10/dist-packages/nav_hw_interfaces/nav_hw_interfaces_s__rosidl_typesupport_c.cpython-310-x86_64-linux-gnu.so
[6.256s] -- Installing: /home/ocrv/sp_vision_tutorial_27/lecture4/install/nav_hw_interfaces/local/lib/python3.10/dist-packages/nav_hw_interfaces/libnav_hw_interfaces__rosidl_generator_py.so
[6.256s] -- Installing: /home/ocrv/sp_vision_tutorial_27/lecture4/install/nav_hw_interfaces/local/lib/python3.10/dist-packages/nav_hw_interfaces/_nav_hw_interfaces_s.ep.rosidl_typesupport_fastrtps_c.c
[6.256s] -- Installing: /home/ocrv/sp_vision_tutorial_27/lecture4/install/nav_hw_interfaces/local/lib/python3.10/dist-packages/nav_hw_interfaces/_nav_hw_interfaces_s.ep.rosidl_typesupport_c.c
[6.333s] Listing '/home/ocrv/sp_vision_tutorial_27/lecture4/install/nav_hw_interfaces/local/lib/python3.10/dist-packages/nav_hw_interfaces'...
[6.333s] Compiling '/home/ocrv/sp_vision_tutorial_27/lecture4/install/nav_hw_interfaces/local/lib/python3.10/dist-packages/nav_hw_interfaces/__init__.py'...
[6.333s] Listing '/home/ocrv/sp_vision_tutorial_27/lecture4/install/nav_hw_interfaces/local/lib/python3.10/dist-packages/nav_hw_interfaces/msg'...
[6.333s] Compiling '/home/ocrv/sp_vision_tutorial_27/lecture4/install/nav_hw_interfaces/local/lib/python3.10/dist-packages/nav_hw_interfaces/msg/__init__.py'...
[6.333s] Compiling '/home/ocrv/sp_vision_tutorial_27/lecture4/install/nav_hw_interfaces/local/lib/python3.10/dist-packages/nav_hw_interfaces/msg/_sensor_data.py'...
[6.345s] -- Installing: /home/ocrv/sp_vision_tutorial_27/lecture4/install/nav_hw_interfaces/local/lib/python3.10/dist-packages/nav_hw_interfaces/nav_hw_interfaces_s__rosidl_typesupport_fastrtps_c.cpython-310-x86_64-linux-gnu.so
[6.345s] -- Set runtime path of "/home/ocrv/sp_vision_tutorial_27/lecture4/install/nav_hw_interfaces/local/lib/python3.10/dist-packages/nav_hw_interfaces/nav_hw_interfaces_s__rosidl_typesupport_fastrtps_c.cpython-310-x86_64-linux-gnu.so" to ""
[6.346s] -- Installing: /home/ocrv/sp_vision_tutorial_27/lecture4/install/nav_hw_interfaces/local/lib/python3.10/dist-packages/nav_hw_interfaces/nav_hw_interfaces_s__rosidl_typesupport_introspection_c.cpython-310-x86_64-linux-gnu.so
[6.346s] -- Set runtime path of "/home/ocrv/sp_vision_tutorial_27/lecture4/install/nav_hw_interfaces/local/lib/python3.10/dist-packages/nav_hw_interfaces/nav_hw_interfaces_s__rosidl_typesupport_introspection_c.cpython-310-x86_64-linux-gnu.so" to ""
[6.350s] -- Installing: /home/ocrv/sp_vision_tutorial_27/lecture4/install/nav_hw_interfaces/local/lib/python3.10/dist-packages/nav_hw_interfaces/nav_hw_interfaces_s__rosidl_typesupport_c.cpython-310-x86_64-linux-gnu.so
[6.350s] -- Set runtime path of "/home/ocrv/sp_vision_tutorial_27/lecture4/install/nav_hw_interfaces/local/lib/python3.10/dist-packages/nav_hw_interfaces/nav_hw_interfaces_s__rosidl_typesupport_c.cpython-310-x86_64-linux-gnu.so" to ""
[6.350s] -- Installing: /home/ocrv/sp_vision_tutorial_27/lecture4/install/nav_hw_interfaces/lib/libnav_hw_interfaces__rosidl_generator_py.so
[6.351s] -- Set runtime path of "/home/ocrv/sp_vision_tutorial_27/lecture4/install/nav_hw_interfaces/lib/libnav_hw_interfaces__rosidl_generator_py.so" to ""
[6.351s] -- Installing: /home/ocrv/sp_vision_tutorial_27/lecture4/install/nav_hw_interfaces/share/nav_hw_interfaces/rust
[6.351s] -- Installing: /home/ocrv/sp_vision_tutorial_27/lecture4/install/nav_hw_interfaces/share/nav_hw_interfaces/rust/build.rs
[6.353s] -- Installing: /home/ocrv/sp_vision_tutorial_27/lecture4/install/nav_hw_interfaces/share/nav_hw_interfaces/rust/src
[6.353s] -- Installing: /home/ocrv/sp_vision_tutorial_27/lecture4/install/nav_hw_interfaces/share/nav_hw_interfaces/rust/src/msg.rs
[6.353s] -- Installing: /home/ocrv/sp_vision_tutorial_27/lecture4/install/nav_hw_interfaces/share/nav_hw_interfaces/rust/src/msg
[6.353s] -- Installing: /home/ocrv/sp_vision_tutorial_27/lecture4/install/nav_hw_interfaces/share/nav_hw_interfaces/rust/src/msg/rmw.rs
[6.353s] -- Installing: /home/ocrv/sp_vision_tutorial_27/lecture4/install/nav_hw_interfaces/share/nav_hw_interfaces/rust/src/lib.rs
[6.353s] -- Installing: /home/ocrv/sp_vision_tutorial_27/lecture4/install/nav_hw_interfaces/share/nav_hw_interfaces/rust/Cargo.toml
[6.357s] -- Installing: /home/ocrv/sp_vision_tutorial_27/lecture4/install/nav_hw_interfaces/share/nav_hw_interfaces/msg/SensorData.idl
[6.357s] -- Installing: /home/ocrv/sp_vision_tutorial_27/lecture4/install/nav_hw_interfaces/share/nav_hw_interfaces/msg/SensorData.msg
[6.357s] -- Installing: /home/ocrv/sp_vision_tutorial_27/lecture4/install/nav_hw_interfaces/share/ament_index/resource_index/package_run_dependencies/nav_hw_interfaces
[6.357s] -- Installing: /home/ocrv/sp_vision_tutorial_27/lecture4/install/nav_hw_interfaces/share/ament_index/resource_index/parent_prefix_path/nav_hw_interfaces
[6.357s] -- Installing: /home/ocrv/sp_vision_tutorial_27/lecture4/install/nav_hw_interfaces/share/nav_hw_interfaces/environment/ament_prefix_path.sh
[6.357s] -- Installing: /home/ocrv/sp_vision_tutorial_27/lecture4/install/nav_hw_interfaces/share/nav_hw_interfaces/environment/ament_prefix_path.dsv
[6.365s] -- Installing: /home/ocrv/sp_vision_tutorial_27/lecture4/install/nav_hw_interfaces/share/nav_hw_interfaces/environment/path.sh
[6.365s] -- Installing: /home/ocrv/sp_vision_tutorial_27/lecture4/install/nav_hw_interfaces/share/nav_hw_interfaces/environment/path.dsv
[6.365s] -- Installing: /home/ocrv/sp_vision_tutorial_27/lecture4/install/nav_hw_interfaces/share/nav_hw_interfaces/local_setup.bash
[6.365s] -- Installing: /home/ocrv/sp_vision_tutorial_27/lecture4/install/nav_hw_interfaces/share/nav_hw_interfaces/local_setup.sh
[6.365s] -- Installing: /home/ocrv/sp_vision_tutorial_27/lecture4/install/nav_hw_interfaces/share/nav_hw_interfaces/local_setup.zsh
[6.365s] -- Installing: /home/ocrv/sp_vision_tutorial_27/lecture4/install/nav_hw_interfaces/share/nav_hw_interfaces/local_setup.dsv
[6.365s] -- Installing: /home/ocrv/sp_vision_tutorial_27/lecture4/install/nav_hw_interfaces/share/nav_hw_interfaces/package.dsv
[6.365s] -- Installing: /home/ocrv/sp_vision_tutorial_27/lecture4/install/nav_hw_interfaces/share/ament_index/resource_index/packages/nav_hw_interfaces
[6.365s] -- Installing: /home/ocrv/sp_vision_tutorial_27/lecture4/install/nav_hw_interfaces/share/nav_hw_interfaces/cmake/export_nav_hw_interfaces__rosidl_generator_cExport.cmake
[6.365s] -- Installing: /home/ocrv/sp_vision_tutorial_27/lecture4/install/nav_hw_interfaces/share/nav_hw_interfaces/cmake/export_nav_hw_interfaces__rosidl_generator_cExport-noconfig.cmake
[6.365s] -- Installing: /home/ocrv/sp_vision_tutorial_27/lecture4/install/nav_hw_interfaces/share/nav_hw_interfaces/cmake/export_nav_hw_interfaces__rosidl_typesupport_fastrtps_cExport.cmake
[6.365s] -- Installing: /home/ocrv/sp_vision_tutorial_27/lecture4/install/nav_hw_interfaces/share/nav_hw_interfaces/cmake/export_nav_hw_interfaces__rosidl_typesupport_fastrtps_cExport-noconfig.cmake
[6.365s] -- Installing: /home/ocrv/sp_vision_tutorial_27/lecture4/install/nav_hw_interfaces/share/nav_hw_interfaces/cmake/nav_hw_interfaces__rosidl_typesupport_introspection_cExport.cmake
[6.365s] -- Installing: /home/ocrv/sp_vision_tutorial_27/lecture4/install/nav_hw_interfaces/share/nav_hw_interfaces/cmake/nav_hw_interfaces__rosidl_typesupport_introspection_cExport-noconfig.cmake
[6.365s] -- Installing: /home/ocrv/sp_vision_tutorial_27/lecture4/install/nav_hw_interfaces/share/nav_hw_interfaces/cmake/nav_hw_interfaces__rosidl_typesupport_cExport.cmake
[6.365s] -- Installing: /home/ocrv/sp_vision_tutorial_27/lecture4/install/nav_hw_interfaces/share/nav_hw_interfaces/cmake/nav_hw_interfaces__rosidl_typesupport_cExport-noconfig.cmake
[6.365s] -- Installing: /home/ocrv/sp_vision_tutorial_27/lecture4/install/nav_hw_interfaces/share/nav_hw_interfaces/cmake/export_nav_hw_interfaces__rosidl_generator_cppExport.cmake
[6.365s] -- Installing: /home/ocrv/sp_vision_tutorial_27/lecture4/install/nav_hw_interfaces/share/nav_hw_interfaces/cmake/export_nav_hw_interfaces__rosidl_typesupport_fastrtps_cppExport.cmake
[6.365s] -- Installing: /home/ocrv/sp_vision_tutorial_27/lecture4/install/nav_hw_interfaces/share/nav_hw_interfaces/cmake/export_nav_hw_interfaces__rosidl_typesupport_fastrtps_cppExport-noconfig.cmake
[6.365s] -- Installing: /home/ocrv/sp_vision_tutorial_27/lecture4/install/nav_hw_interfaces/share/nav_hw_interfaces/cmake/nav_hw_interfaces__rosidl_typesupport_introspection_cppExport.cmake
[6.365s] -- Installing: /home/ocrv/sp_vision_tutorial_27/lecture4/install/nav_hw_interfaces/share/nav_hw_interfaces/cmake/nav_hw_interfaces__rosidl_typesupport_introspection_cppExport-noconfig.cmake
[6.369s] -- Installing: /home/ocrv/sp_vision_tutorial_27/lecture4/install/nav_hw_interfaces/share/nav_hw_interfaces/cmake/nav_hw_interfaces__rosidl_typesupport_cppExport.cmake
[6.369s] -- Installing: /home/ocrv/sp_vision_tutorial_27/lecture4/install/nav_hw_interfaces/share/nav_hw_interfaces/cmake/nav_hw_interfaces__rosidl_typesupport_cppExport-noconfig.cmake
[6.369s] -- Installing: /home/ocrv/sp_vision_tutorial_27/lecture4/install/nav_hw_interfaces/share/nav_hw_interfaces/cmake/export_nav_hw_interfaces__rosidl_generator_pyExport.cmake
[6.369s] -- Installing: /home/ocrv/sp_vision_tutorial_27/lecture4/install/nav_hw_interfaces/share/nav_hw_interfaces/cmake/export_nav_hw_interfaces__rosidl_generator_pyExport-noconfig.cmake
[6.369s] -- Installing: /home/ocrv/sp_vision_tutorial_27/lecture4/install/nav_hw_interfaces/share/nav_hw_interfaces/cmake/rosidl_cmake-extras.cmake
[6.369s] -- Installing: /home/ocrv/sp_vision_tutorial_27/lecture4/install/nav_hw_interfaces/share/nav_hw_interfaces/cmake/ament_cmake_export_dependencies-extras.cmake
[6.369s] -- Installing: /home/ocrv/sp_vision_tutorial_27/lecture4/install/nav_hw_interfaces/share/nav_hw_interfaces/cmake/ament_cmake_export_include_directories-extras.cmake
[6.369s] -- Installing: /home/ocrv/sp_vision_tutorial_27/lecture4/install/nav_hw_interfaces/share/nav_hw_interfaces/cmake/ament_cmake_export_libraries-extras.cmake
[6.369s] -- Installing: /home/ocrv/sp_vision_tutorial_27/lecture4/install/nav_hw_interfaces/share/nav_hw_interfaces/cmake/ament_cmake_export_targets-extras.cmake
[6.369s] -- Installing: /home/ocrv/sp_vision_tutorial_27/lecture4/install/nav_hw_interfaces/share/nav_hw_interfaces/cmake/rosidl_cmake_export_typesupport_targets-extras.cmake
[6.369s] -- Installing: /home/ocrv/sp_vision_tutorial_27/lecture4/install/nav_hw_interfaces/share/nav_hw_interfaces/cmake/rosidl_cmake_export_typesupport_libraries-extras.cmake
[6.370s] -- Installing: /home/ocrv/sp_vision_tutorial_27/lecture4/install/nav_hw_interfaces/share/nav_hw_interfaces/cmake/rosidl_cmake_aggregate_target-extras.cmake
[6.376s] -- Installing: /home/ocrv/sp_vision_tutorial_27/lecture4/install/nav_hw_interfaces/share/nav_hw_interfaces/cmake/nav_hw_interfacesConfig.cmake
[6.376s] -- Installing: /home/ocrv/sp_vision_tutorial_27/lecture4/install/nav_hw_interfaces/share/nav_hw_interfaces/cmake/nav_hw_interfacesConfig-version.cmake
[6.376s] -- Installing: /home/ocrv/sp_vision_tutorial_27/lecture4/install/nav_hw_interfaces/share/nav_hw_interfaces/package.xml
[6.383s] Invoked command in '/home/ocrv/sp_vision_tutorial_27/lecture4/build/nav_hw_interfaces' returned '0': CMAKE_PREFIX_PATH=/opt/ros/humble /usr/bin/cmake --install /home/ocrv/sp_vision_tutorial_27/lecture4/build/nav_hw_interfaces
