[0.030s] Invoking command in '/home/ocrv/sp_vision_tutorial_27/lecture4/build/srv_learning': CMAKE_PREFIX_PATH=/opt/ros/humble /usr/bin/cmake /home/ocrv/sp_vision_tutorial_27/lecture4/src/ep2/srv_learning -DCMAKE_INSTALL_PREFIX=/home/ocrv/sp_vision_tutorial_27/lecture4/install/srv_learning
[0.202s] -- The C compiler identification is GNU 11.4.0
[0.377s] -- The CXX compiler identification is GNU 11.4.0
[0.394s] -- Detecting C compiler ABI info
[0.569s] -- Detecting C compiler ABI info - done
[0.579s] -- Check for working C compiler: /usr/bin/cc - skipped
[0.580s] -- Detecting C compile features
[0.580s] -- Detecting C compile features - done
[0.585s] -- Detecting CXX compiler ABI info
[0.718s] -- Detecting CXX compiler ABI info - done
[0.731s] -- Check for working CXX compiler: /usr/bin/c++ - skipped
[0.731s] -- Detecting CXX compile features
[0.731s] -- Detecting CXX compile features - done
[0.732s] -- Found ament_cmake: 1.3.14 (/opt/ros/humble/share/ament_cmake/cmake)
[1.052s] -- Found Python3: /usr/bin/python3 (found version "3.10.12") found components: Interpreter 
[1.273s] -- Found rclcpp: 16.0.21 (/opt/ros/humble/share/rclcpp/cmake)
[1.325s] -- Found rosidl_generator_c: 3.1.9 (/opt/ros/humble/share/rosidl_generator_c/cmake)
[1.331s] -- Found rosidl_adapter: 3.1.9 (/opt/ros/humble/share/rosidl_adapter/cmake)
[1.342s] -- Found rosidl_generator_cpp: 3.1.9 (/opt/ros/humble/share/rosidl_generator_cpp/cmake)
[1.356s] -- Using all available rosidl_typesupport_c: rosidl_typesupport_fastrtps_c;rosidl_typesupport_introspection_c
[1.367s] -- Using all available rosidl_typesupport_cpp: rosidl_typesupport_fastrtps_cpp;rosidl_typesupport_introspection_cpp
[1.486s] -- Found rmw_implementation_cmake: 6.1.4 (/opt/ros/humble/share/rmw_implementation_cmake/cmake)
[1.486s] -- Found rmw_fastrtps_cpp: 6.2.10 (/opt/ros/humble/share/rmw_fastrtps_cpp/cmake)
[1.636s] -- Found OpenSSL: /usr/lib/x86_64-linux-gnu/libcrypto.so (found version "3.0.2")  
[1.671s] -- Found FastRTPS: /opt/ros/humble/include  
[1.739s] -- Using RMW implementation 'rmw_fastrtps_cpp' as default
[1.750s] -- Looking for pthread.h
[1.927s] -- Looking for pthread.h - found
[1.927s] -- Performing Test CMAKE_HAVE_LIBC_PTHREAD
[2.039s] -- Performing Test CMAKE_HAVE_LIBC_PTHREAD - Success
[2.040s] -- Found Threads: TRUE  
[2.107s] -- Found example_interfaces: 0.9.3 (/opt/ros/humble/share/example_interfaces/cmake)
[2.191s] -- Found ament_lint_auto: 0.12.15 (/opt/ros/humble/share/ament_lint_auto/cmake)
[2.339s] -- Added test 'cppcheck' to perform static code analysis on C / C++ code
[2.343s] -- Configured cppcheck include dirs: 
[2.343s] -- Configured cppcheck exclude dirs and/or files: 
[2.343s] -- Added test 'lint_cmake' to check CMake code style
[2.343s] -- Added test 'uncrustify' to check C / C++ code style
[2.343s] -- Configured uncrustify additional arguments: 
[2.344s] -- Added test 'xmllint' to check XML markup files
[2.344s] -- Configuring done
[2.359s] -- Generating done
[2.364s] -- Build files have been written to: /home/ocrv/sp_vision_tutorial_27/lecture4/build/srv_learning
[2.407s] Invoked command in '/home/ocrv/sp_vision_tutorial_27/lecture4/build/srv_learning' returned '0': CMAKE_PREFIX_PATH=/opt/ros/humble /usr/bin/cmake /home/ocrv/sp_vision_tutorial_27/lecture4/src/ep2/srv_learning -DCMAKE_INSTALL_PREFIX=/home/ocrv/sp_vision_tutorial_27/lecture4/install/srv_learning
[2.409s] Invoking command in '/home/ocrv/sp_vision_tutorial_27/lecture4/build/srv_learning': CMAKE_PREFIX_PATH=/opt/ros/humble /usr/bin/cmake --build /home/ocrv/sp_vision_tutorial_27/lecture4/build/srv_learning -- -j4 -l4
[2.532s] [ 25%] [32mBuilding CXX object CMakeFiles/add_two_ints_service.dir/src/AddTwoInts_service.cpp.o[0m
[2.534s] [ 50%] [32mBuilding CXX object CMakeFiles/add_two_ints_client.dir/src/AddTwoInts_client.cpp.o[0m
[7.105s] [ 75%] [32m[1mLinking CXX executable add_two_ints_service[0m
[7.486s] [ 75%] Built target add_two_ints_service
[8.564s] [100%] [32m[1mLinking CXX executable add_two_ints_client[0m
[8.757s] [100%] Built target add_two_ints_client
[8.807s] Invoked command in '/home/ocrv/sp_vision_tutorial_27/lecture4/build/srv_learning' returned '0': CMAKE_PREFIX_PATH=/opt/ros/humble /usr/bin/cmake --build /home/ocrv/sp_vision_tutorial_27/lecture4/build/srv_learning -- -j4 -l4
[8.807s] Invoking command in '/home/ocrv/sp_vision_tutorial_27/lecture4/build/srv_learning': CMAKE_PREFIX_PATH=/opt/ros/humble /usr/bin/cmake --install /home/ocrv/sp_vision_tutorial_27/lecture4/build/srv_learning
[8.819s] -- Install configuration: ""
[8.819s] -- Installing: /home/ocrv/sp_vision_tutorial_27/lecture4/install/srv_learning/lib/srv_learning/add_two_ints_service
[8.824s] -- Set runtime path of "/home/ocrv/sp_vision_tutorial_27/lecture4/install/srv_learning/lib/srv_learning/add_two_ints_service" to ""
[8.824s] -- Installing: /home/ocrv/sp_vision_tutorial_27/lecture4/install/srv_learning/lib/srv_learning/add_two_ints_client
[8.824s] -- Set runtime path of "/home/ocrv/sp_vision_tutorial_27/lecture4/install/srv_learning/lib/srv_learning/add_two_ints_client" to ""
[8.824s] -- Installing: /home/ocrv/sp_vision_tutorial_27/lecture4/install/srv_learning/share/ament_index/resource_index/package_run_dependencies/srv_learning
[8.827s] -- Installing: /home/ocrv/sp_vision_tutorial_27/lecture4/install/srv_learning/share/ament_index/resource_index/parent_prefix_path/srv_learning
[8.827s] -- Installing: /home/ocrv/sp_vision_tutorial_27/lecture4/install/srv_learning/share/srv_learning/environment/ament_prefix_path.sh
[8.827s] -- Installing: /home/ocrv/sp_vision_tutorial_27/lecture4/install/srv_learning/share/srv_learning/environment/ament_prefix_path.dsv
[8.827s] -- Installing: /home/ocrv/sp_vision_tutorial_27/lecture4/install/srv_learning/share/srv_learning/environment/path.sh
[8.827s] -- Installing: /home/ocrv/sp_vision_tutorial_27/lecture4/install/srv_learning/share/srv_learning/environment/path.dsv
[8.827s] -- Installing: /home/ocrv/sp_vision_tutorial_27/lecture4/install/srv_learning/share/srv_learning/local_setup.bash
[8.827s] -- Installing: /home/ocrv/sp_vision_tutorial_27/lecture4/install/srv_learning/share/srv_learning/local_setup.sh
[8.827s] -- Installing: /home/ocrv/sp_vision_tutorial_27/lecture4/install/srv_learning/share/srv_learning/local_setup.zsh
[8.827s] -- Installing: /home/ocrv/sp_vision_tutorial_27/lecture4/install/srv_learning/share/srv_learning/local_setup.dsv
[8.827s] -- Installing: /home/ocrv/sp_vision_tutorial_27/lecture4/install/srv_learning/share/srv_learning/package.dsv
[8.827s] -- Installing: /home/ocrv/sp_vision_tutorial_27/lecture4/install/srv_learning/share/ament_index/resource_index/packages/srv_learning
[8.829s] -- Installing: /home/ocrv/sp_vision_tutorial_27/lecture4/install/srv_learning/share/srv_learning/cmake/srv_learningConfig.cmake
[8.829s] -- Installing: /home/ocrv/sp_vision_tutorial_27/lecture4/install/srv_learning/share/srv_learning/cmake/srv_learningConfig-version.cmake
[8.829s] -- Installing: /home/ocrv/sp_vision_tutorial_27/lecture4/install/srv_learning/share/srv_learning/package.xml
[8.834s] Invoked command in '/home/ocrv/sp_vision_tutorial_27/lecture4/build/srv_learning' returned '0': CMAKE_PREFIX_PATH=/opt/ros/humble /usr/bin/cmake --install /home/ocrv/sp_vision_tutorial_27/lecture4/build/srv_learning
