[0.015s] Invoking command in '/home/ocrv/sp_vision_tutorial_27/lecture4/build/turtlesim': CMAKE_PREFIX_PATH=/opt/ros/humble /usr/bin/cmake /home/ocrv/sp_vision_tutorial_27/lecture4/src/ep2/ros_tutorials/turtlesim -DCMAKE_INSTALL_PREFIX=/home/ocrv/sp_vision_tutorial_27/lecture4/install/turtlesim
[0.160s] -- The C compiler identification is GNU 11.4.0
[0.284s] -- The CXX compiler identification is GNU 11.4.0
[0.295s] -- Detecting C compiler ABI info
[0.484s] -- Detecting C compiler ABI info - done
[0.504s] -- Check for working C compiler: /usr/bin/cc - skipped
[0.504s] -- Detecting C compile features
[0.505s] -- Detecting C compile features - done
[0.509s] -- Detecting CXX compiler ABI info
[0.716s] -- Detecting CXX compiler ABI info - done
[0.727s] -- Check for working CXX compiler: /usr/bin/c++ - skipped
[0.727s] -- Detecting CXX compile features
[0.727s] -- Detecting CXX compile features - done
[0.731s] -- Found ament_cmake: 1.3.14 (/opt/ros/humble/share/ament_cmake/cmake)
[1.058s] -- Found Python3: /usr/bin/python3 (found version "3.10.12") found components: Interpreter 
[1.242s] -- Found ament_index_cpp: 1.4.1 (/opt/ros/humble/share/ament_index_cpp/cmake)
[1.248s] -- Found geometry_msgs: 4.9.2 (/opt/ros/humble/share/geometry_msgs/cmake)
[1.317s] -- Found rosidl_generator_c: 3.1.9 (/opt/ros/humble/share/rosidl_generator_c/cmake)
[1.321s] -- Found rosidl_adapter: 3.1.9 (/opt/ros/humble/share/rosidl_adapter/cmake)
[1.334s] -- Found rosidl_generator_cpp: 3.1.9 (/opt/ros/humble/share/rosidl_generator_cpp/cmake)
[1.350s] -- Using all available rosidl_typesupport_c: rosidl_typesupport_fastrtps_c;rosidl_typesupport_introspection_c
[1.383s] -- Using all available rosidl_typesupport_cpp: rosidl_typesupport_fastrtps_cpp;rosidl_typesupport_introspection_cpp
[1.498s] -- Found rclcpp: 16.0.21 (/opt/ros/humble/share/rclcpp/cmake)
[1.561s] -- Found rmw_implementation_cmake: 6.1.4 (/opt/ros/humble/share/rmw_implementation_cmake/cmake)
[1.565s] -- Found rmw_fastrtps_cpp: 6.2.10 (/opt/ros/humble/share/rmw_fastrtps_cpp/cmake)
[1.704s] -- Found OpenSSL: /usr/lib/x86_64-linux-gnu/libcrypto.so (found version "3.0.2")  
[1.760s] -- Found FastRTPS: /opt/ros/humble/include  
[1.823s] -- Using RMW implementation 'rmw_fastrtps_cpp' as default
[1.836s] -- Looking for pthread.h
[2.045s] -- Looking for pthread.h - found
[2.047s] -- Performing Test CMAKE_HAVE_LIBC_PTHREAD
[2.209s] -- Performing Test CMAKE_HAVE_LIBC_PTHREAD - Success
[2.209s] -- Found Threads: TRUE  
[2.269s] -- Found rclcpp_action: 16.0.21 (/opt/ros/humble/share/rclcpp_action/cmake)
[2.340s] -- Found rosidl_default_generators: 1.2.1 (/opt/ros/humble/share/rosidl_default_generators/cmake)
[2.375s] -- Found std_srvs: 4.9.2 (/opt/ros/humble/share/std_srvs/cmake)
[2.938s] -- Found ament_cmake_ros: 0.10.1 (/opt/ros/humble/share/ament_cmake_ros/cmake)
[3.395s] -- Using all available rosidl_typesupport_c: rosidl_typesupport_fastrtps_c;rosidl_typesupport_introspection_c
[3.747s] -- Using all available rosidl_typesupport_cpp: rosidl_typesupport_fastrtps_cpp;rosidl_typesupport_introspection_cpp
[3.795s] -- Found PythonInterp: /usr/bin/python3 (found suitable version "3.10.12", minimum required is "3.6") 
[3.797s] -- Found python_cmake_module: 0.10.0 (/opt/ros/humble/share/python_cmake_module/cmake)
[3.854s] -- Found PythonLibs: /usr/lib/x86_64-linux-gnu/libpython3.10.so (found suitable version "3.10.12", minimum required is "3.5") 
[3.855s] -- Using PYTHON_EXECUTABLE: /usr/bin/python3
[3.855s] -- Using PYTHON_INCLUDE_DIRS: /usr/include/python3.10
[3.855s] -- Using PYTHON_LIBRARIES: /usr/lib/x86_64-linux-gnu/libpython3.10.so
[3.905s] -- Found PythonExtra: .so  
[4.130s] -- Configuring done
[4.307s] -- Generating done
[4.349s] -- Build files have been written to: /home/ocrv/sp_vision_tutorial_27/lecture4/build/turtlesim
[4.386s] Invoked command in '/home/ocrv/sp_vision_tutorial_27/lecture4/build/turtlesim' returned '0': CMAKE_PREFIX_PATH=/opt/ros/humble /usr/bin/cmake /home/ocrv/sp_vision_tutorial_27/lecture4/src/ep2/ros_tutorials/turtlesim -DCMAKE_INSTALL_PREFIX=/home/ocrv/sp_vision_tutorial_27/lecture4/install/turtlesim
[4.387s] Invoking command in '/home/ocrv/sp_vision_tutorial_27/lecture4/build/turtlesim': CMAKE_PREFIX_PATH=/opt/ros/humble /usr/bin/cmake --build /home/ocrv/sp_vision_tutorial_27/lecture4/build/turtlesim -- -j4 -l4
[4.502s] [  1%] [34m[1mGenerating C code for ROS interfaces[0m
[4.536s] [  2%] [34m[1mGenerating Rust code for ROS interfaces[0m
[4.540s] [  3%] [34m[1mGenerating C++ code for ROS interfaces[0m
[4.563s] [  3%] Built target ament_cmake_python_copy_turtlesim
[4.937s] running egg_info
[4.938s] creating turtlesim.egg-info
[4.938s] writing turtlesim.egg-info/PKG-INFO
[4.938s] writing dependency_links to turtlesim.egg-info/dependency_links.txt
[4.938s] writing top-level names to turtlesim.egg-info/top_level.txt
[4.938s] writing manifest file 'turtlesim.egg-info/SOURCES.txt'
[4.942s] reading manifest file 'turtlesim.egg-info/SOURCES.txt'
[4.942s] writing manifest file 'turtlesim.egg-info/SOURCES.txt'
[4.962s] [  3%] Built target ament_cmake_python_build_turtlesim_egg
[5.206s] [  3%] Built target turtlesim__rs
[5.978s] [  3%] Built target turtlesim__cpp
[6.016s] [  4%] [34m[1mGenerating C++ type support for eProsima Fast-RTPS[0m
[6.016s] [  5%] [34m[1mGenerating C++ introspection for ROS interfaces[0m
[6.035s] [  6%] [34m[1mGenerating C++ type support dispatch for ROS interfaces[0m
[6.867s] [  7%] [32mBuilding C object CMakeFiles/turtlesim__rosidl_generator_c.dir/rosidl_generator_c/turtlesim/action/detail/rotate_absolute__functions.c.o[0m
[6.929s] [  8%] [32mBuilding CXX object CMakeFiles/turtlesim__rosidl_typesupport_cpp.dir/rosidl_typesupport_cpp/turtlesim/action/rotate_absolute__type_support.cpp.o[0m
[7.048s] [  9%] [32mBuilding C object CMakeFiles/turtlesim__rosidl_generator_c.dir/rosidl_generator_c/turtlesim/msg/detail/color__functions.c.o[0m
[7.057s] [ 10%] [32mBuilding CXX object CMakeFiles/turtlesim__rosidl_typesupport_introspection_cpp.dir/rosidl_typesupport_introspection_cpp/turtlesim/action/detail/rotate_absolute__type_support.cpp.o[0m
[7.159s] [ 11%] [32mBuilding C object CMakeFiles/turtlesim__rosidl_generator_c.dir/rosidl_generator_c/turtlesim/msg/detail/pose__functions.c.o[0m
[7.222s] [ 12%] [32mBuilding CXX object CMakeFiles/turtlesim__rosidl_typesupport_fastrtps_cpp.dir/rosidl_typesupport_fastrtps_cpp/turtlesim/action/detail/dds_fastrtps/rotate_absolute__type_support.cpp.o[0m
[7.297s] [ 13%] [32mBuilding C object CMakeFiles/turtlesim__rosidl_generator_c.dir/rosidl_generator_c/turtlesim/srv/detail/kill__functions.c.o[0m
[7.439s] [ 14%] [32mBuilding C object CMakeFiles/turtlesim__rosidl_generator_c.dir/rosidl_generator_c/turtlesim/srv/detail/set_pen__functions.c.o[0m
[7.508s] [ 15%] [32mBuilding C object CMakeFiles/turtlesim__rosidl_generator_c.dir/rosidl_generator_c/turtlesim/srv/detail/spawn__functions.c.o[0m
[7.532s] [ 16%] [32mBuilding CXX object CMakeFiles/turtlesim__rosidl_typesupport_cpp.dir/rosidl_typesupport_cpp/turtlesim/msg/color__type_support.cpp.o[0m
[7.612s] [ 17%] [32mBuilding C object CMakeFiles/turtlesim__rosidl_generator_c.dir/rosidl_generator_c/turtlesim/srv/detail/teleport_absolute__functions.c.o[0m
[7.737s] [ 18%] [32mBuilding C object CMakeFiles/turtlesim__rosidl_generator_c.dir/rosidl_generator_c/turtlesim/srv/detail/teleport_relative__functions.c.o[0m
[7.791s] [ 19%] [32mBuilding CXX object CMakeFiles/turtlesim__rosidl_typesupport_cpp.dir/rosidl_typesupport_cpp/turtlesim/msg/pose__type_support.cpp.o[0m
[7.854s] [ 20%] [32m[1mLinking C shared library libturtlesim__rosidl_generator_c.so[0m
[7.953s] [ 20%] Built target turtlesim__rosidl_generator_c
[7.963s] [ 21%] [32mBuilding CXX object CMakeFiles/turtlesim__rosidl_typesupport_introspection_cpp.dir/rosidl_typesupport_introspection_cpp/turtlesim/msg/detail/color__type_support.cpp.o[0m
[7.975s] [ 22%] [32mBuilding CXX object CMakeFiles/turtlesim__rosidl_typesupport_cpp.dir/rosidl_typesupport_cpp/turtlesim/srv/kill__type_support.cpp.o[0m
[8.062s] [ 23%] [34m[1mGenerating C type support for eProsima Fast-RTPS[0m
[8.157s] [ 24%] [32mBuilding CXX object CMakeFiles/turtlesim__rosidl_typesupport_fastrtps_cpp.dir/rosidl_typesupport_fastrtps_cpp/turtlesim/msg/detail/dds_fastrtps/color__type_support.cpp.o[0m
[8.489s] [ 25%] [32mBuilding CXX object CMakeFiles/turtlesim__rosidl_typesupport_cpp.dir/rosidl_typesupport_cpp/turtlesim/srv/set_pen__type_support.cpp.o[0m
[8.587s] [ 26%] [32mBuilding CXX object CMakeFiles/turtlesim__rosidl_typesupport_introspection_cpp.dir/rosidl_typesupport_introspection_cpp/turtlesim/msg/detail/pose__type_support.cpp.o[0m
[8.805s] [ 27%] [32mBuilding CXX object CMakeFiles/turtlesim__rosidl_typesupport_cpp.dir/rosidl_typesupport_cpp/turtlesim/srv/spawn__type_support.cpp.o[0m
[8.843s] [ 28%] [32mBuilding CXX object CMakeFiles/turtlesim__rosidl_typesupport_fastrtps_cpp.dir/rosidl_typesupport_fastrtps_cpp/turtlesim/msg/detail/dds_fastrtps/pose__type_support.cpp.o[0m
[9.083s] [ 29%] [32mBuilding CXX object CMakeFiles/turtlesim__rosidl_typesupport_cpp.dir/rosidl_typesupport_cpp/turtlesim/srv/teleport_absolute__type_support.cpp.o[0m
[9.158s] [ 30%] [32mBuilding CXX object CMakeFiles/turtlesim__rosidl_typesupport_introspection_cpp.dir/rosidl_typesupport_introspection_cpp/turtlesim/srv/detail/kill__type_support.cpp.o[0m
[9.407s] [ 31%] [32mBuilding CXX object CMakeFiles/turtlesim__rosidl_typesupport_fastrtps_cpp.dir/rosidl_typesupport_fastrtps_cpp/turtlesim/srv/detail/dds_fastrtps/kill__type_support.cpp.o[0m
[9.453s] [ 32%] [32mBuilding CXX object CMakeFiles/turtlesim__rosidl_typesupport_fastrtps_c.dir/rosidl_typesupport_fastrtps_c/turtlesim/action/detail/rotate_absolute__type_support_c.cpp.o[0m
[9.525s] [ 33%] [32mBuilding CXX object CMakeFiles/turtlesim__rosidl_typesupport_cpp.dir/rosidl_typesupport_cpp/turtlesim/srv/teleport_relative__type_support.cpp.o[0m
[9.669s] [ 34%] [32mBuilding CXX object CMakeFiles/turtlesim__rosidl_typesupport_introspection_cpp.dir/rosidl_typesupport_introspection_cpp/turtlesim/srv/detail/set_pen__type_support.cpp.o[0m
[9.921s] [ 35%] [32m[1mLinking CXX shared library libturtlesim__rosidl_typesupport_cpp.so[0m
[9.974s] [ 36%] [32mBuilding CXX object CMakeFiles/turtlesim__rosidl_typesupport_fastrtps_cpp.dir/rosidl_typesupport_fastrtps_cpp/turtlesim/srv/detail/dds_fastrtps/set_pen__type_support.cpp.o[0m
[10.001s] [ 36%] Built target turtlesim__rosidl_typesupport_cpp
[10.024s] [ 37%] [32mBuilding CXX object CMakeFiles/turtlesim__rosidl_typesupport_fastrtps_cpp.dir/rosidl_typesupport_fastrtps_cpp/turtlesim/srv/detail/dds_fastrtps/spawn__type_support.cpp.o[0m
[10.034s] [ 38%] [32mBuilding CXX object CMakeFiles/turtlesim__rosidl_typesupport_fastrtps_c.dir/rosidl_typesupport_fastrtps_c/turtlesim/msg/detail/color__type_support_c.cpp.o[0m
[10.200s] [ 39%] [32mBuilding CXX object CMakeFiles/turtlesim__rosidl_typesupport_introspection_cpp.dir/rosidl_typesupport_introspection_cpp/turtlesim/srv/detail/spawn__type_support.cpp.o[0m
[10.362s] [ 40%] [32mBuilding CXX object CMakeFiles/turtlesim__rosidl_typesupport_introspection_cpp.dir/rosidl_typesupport_introspection_cpp/turtlesim/srv/detail/teleport_absolute__type_support.cpp.o[0m
[10.546s] [ 41%] [32mBuilding CXX object CMakeFiles/turtlesim__rosidl_typesupport_fastrtps_c.dir/rosidl_typesupport_fastrtps_c/turtlesim/msg/detail/pose__type_support_c.cpp.o[0m
[10.562s] [ 42%] [32mBuilding CXX object CMakeFiles/turtlesim__rosidl_typesupport_fastrtps_c.dir/rosidl_typesupport_fastrtps_c/turtlesim/srv/detail/kill__type_support_c.cpp.o[0m
[10.603s] [ 43%] [32mBuilding CXX object CMakeFiles/turtlesim__rosidl_typesupport_fastrtps_cpp.dir/rosidl_typesupport_fastrtps_cpp/turtlesim/srv/detail/dds_fastrtps/teleport_absolute__type_support.cpp.o[0m
[10.742s] [ 44%] [32mBuilding CXX object CMakeFiles/turtlesim__rosidl_typesupport_introspection_cpp.dir/rosidl_typesupport_introspection_cpp/turtlesim/srv/detail/teleport_relative__type_support.cpp.o[0m
[10.862s] [ 45%] [34m[1mGenerating C introspection for ROS interfaces[0m
[10.935s] [ 46%] [32mBuilding CXX object CMakeFiles/turtlesim__rosidl_typesupport_fastrtps_c.dir/rosidl_typesupport_fastrtps_c/turtlesim/srv/detail/set_pen__type_support_c.cpp.o[0m
[11.020s] [ 47%] [32mBuilding CXX object CMakeFiles/turtlesim__rosidl_typesupport_fastrtps_cpp.dir/rosidl_typesupport_fastrtps_cpp/turtlesim/srv/detail/dds_fastrtps/teleport_relative__type_support.cpp.o[0m
[11.119s] [ 48%] [32m[1mLinking CXX shared library libturtlesim__rosidl_typesupport_introspection_cpp.so[0m
[11.282s] [ 48%] Built target turtlesim__rosidl_typesupport_introspection_cpp
[11.310s] [ 49%] [34m[1mGenerating C type support dispatch for ROS interfaces[0m
[11.376s] [ 50%] [32mBuilding CXX object CMakeFiles/turtlesim__rosidl_typesupport_fastrtps_c.dir/rosidl_typesupport_fastrtps_c/turtlesim/srv/detail/spawn__type_support_c.cpp.o[0m
[11.399s] [ 51%] [32m[1mLinking CXX shared library libturtlesim__rosidl_typesupport_fastrtps_cpp.so[0m
[11.488s] [ 51%] Built target turtlesim__rosidl_typesupport_fastrtps_cpp
[11.511s] [ 52%] [34m[1mGenerating include/turtlesim/moc_turtle_frame.cpp[0m
[11.619s] [ 53%] [32mBuilding CXX object CMakeFiles/turtlesim_node.dir/src/turtlesim.cpp.o[0m
[11.690s] [ 54%] [32mBuilding CXX object CMakeFiles/turtlesim__rosidl_typesupport_fastrtps_c.dir/rosidl_typesupport_fastrtps_c/turtlesim/srv/detail/teleport_absolute__type_support_c.cpp.o[0m
[11.714s] [ 55%] [32mBuilding C object CMakeFiles/turtlesim__rosidl_typesupport_introspection_c.dir/rosidl_typesupport_introspection_c/turtlesim/action/detail/rotate_absolute__type_support.c.o[0m
[11.786s] [ 56%] [32mBuilding C object CMakeFiles/turtlesim__rosidl_typesupport_introspection_c.dir/rosidl_typesupport_introspection_c/turtlesim/msg/detail/color__type_support.c.o[0m
[11.853s] [ 57%] [32mBuilding C object CMakeFiles/turtlesim__rosidl_typesupport_introspection_c.dir/rosidl_typesupport_introspection_c/turtlesim/msg/detail/pose__type_support.c.o[0m
[11.896s] [ 58%] [32mBuilding C object CMakeFiles/turtlesim__rosidl_typesupport_introspection_c.dir/rosidl_typesupport_introspection_c/turtlesim/srv/detail/kill__type_support.c.o[0m
[11.941s] [ 59%] [32mBuilding CXX object CMakeFiles/turtlesim__rosidl_typesupport_c.dir/rosidl_typesupport_c/turtlesim/action/rotate_absolute__type_support.cpp.o[0m
[11.949s] [ 60%] [32mBuilding C object CMakeFiles/turtlesim__rosidl_typesupport_introspection_c.dir/rosidl_typesupport_introspection_c/turtlesim/srv/detail/set_pen__type_support.c.o[0m
[11.990s] [ 61%] [32mBuilding C object CMakeFiles/turtlesim__rosidl_typesupport_introspection_c.dir/rosidl_typesupport_introspection_c/turtlesim/srv/detail/spawn__type_support.c.o[0m
[11.997s] [ 62%] [32mBuilding CXX object CMakeFiles/turtlesim__rosidl_typesupport_fastrtps_c.dir/rosidl_typesupport_fastrtps_c/turtlesim/srv/detail/teleport_relative__type_support_c.cpp.o[0m
[12.031s] [ 63%] [32mBuilding C object CMakeFiles/turtlesim__rosidl_typesupport_introspection_c.dir/rosidl_typesupport_introspection_c/turtlesim/srv/detail/teleport_absolute__type_support.c.o[0m
[12.033s] [ 64%] [32mBuilding CXX object CMakeFiles/turtlesim__rosidl_typesupport_c.dir/rosidl_typesupport_c/turtlesim/msg/color__type_support.cpp.o[0m
[12.077s] [ 65%] [32mBuilding CXX object CMakeFiles/turtlesim__rosidl_typesupport_c.dir/rosidl_typesupport_c/turtlesim/msg/pose__type_support.cpp.o[0m
[12.106s] [ 66%] [32mBuilding C object CMakeFiles/turtlesim__rosidl_typesupport_introspection_c.dir/rosidl_typesupport_introspection_c/turtlesim/srv/detail/teleport_relative__type_support.c.o[0m
[12.117s] [ 67%] [32mBuilding CXX object CMakeFiles/turtlesim__rosidl_typesupport_c.dir/rosidl_typesupport_c/turtlesim/srv/kill__type_support.cpp.o[0m
[12.149s] [ 68%] [32mBuilding CXX object CMakeFiles/turtlesim__rosidl_typesupport_c.dir/rosidl_typesupport_c/turtlesim/srv/set_pen__type_support.cpp.o[0m
[12.177s] [ 69%] [32m[1mLinking C shared library libturtlesim__rosidl_typesupport_introspection_c.so[0m
[12.210s] [ 70%] [32mBuilding CXX object CMakeFiles/turtlesim__rosidl_typesupport_c.dir/rosidl_typesupport_c/turtlesim/srv/spawn__type_support.cpp.o[0m
[12.237s] [ 70%] Built target turtlesim__rosidl_typesupport_introspection_c
[12.247s] [ 71%] [32mBuilding CXX object CMakeFiles/turtlesim__rosidl_typesupport_c.dir/rosidl_typesupport_c/turtlesim/srv/teleport_absolute__type_support.cpp.o[0m
[12.283s] [ 72%] [32mBuilding CXX object CMakeFiles/turtle_teleop_key.dir/tutorials/teleop_turtle_key.cpp.o[0m
[12.314s] [ 73%] [32mBuilding CXX object CMakeFiles/turtlesim__rosidl_typesupport_c.dir/rosidl_typesupport_c/turtlesim/srv/teleport_relative__type_support.cpp.o[0m
[12.340s] [ 74%] [32m[1mLinking CXX shared library libturtlesim__rosidl_typesupport_fastrtps_c.so[0m
[12.366s] [ 75%] [32m[1mLinking CXX shared library libturtlesim__rosidl_typesupport_c.so[0m
[12.456s] [ 75%] Built target turtlesim__rosidl_typesupport_c
[12.470s] [ 75%] Built target turtlesim__rosidl_typesupport_fastrtps_c
[12.515s] [ 76%] [32mBuilding CXX object CMakeFiles/draw_square.dir/tutorials/draw_square.cpp.o[0m
[12.515s] [ 77%] [32mBuilding CXX object CMakeFiles/mimic.dir/tutorials/mimic.cpp.o[0m
[17.233s] [ 78%] [32mBuilding CXX object CMakeFiles/turtlesim_node.dir/src/turtle.cpp.o[0m
[19.139s] [ 79%] [32m[1mLinking CXX executable turtle_teleop_key[0m
[19.408s] [ 79%] Built target turtle_teleop_key
[19.417s] [ 80%] [32mBuilding CXX object CMakeFiles/turtlesim_node.dir/src/turtle_frame.cpp.o[0m
[22.079s] [ 81%] [32m[1mLinking CXX executable mimic[0m
[22.562s] [ 82%] [32m[1mLinking CXX executable draw_square[0m
[22.634s] [ 82%] Built target mimic
[22.652s] [ 83%] [32mBuilding CXX object CMakeFiles/turtlesim_node.dir/include/turtlesim/moc_turtle_frame.cpp.o[0m
[22.972s] [ 83%] Built target draw_square
[22.996s] [ 83%] Built target turtlesim
[23.021s] [ 84%] [34m[1mGenerating Python code for ROS interfaces[0m
[24.830s] [ 84%] Built target turtlesim__py
[24.847s] [ 85%] [32mBuilding C object CMakeFiles/turtlesim__rosidl_generator_py.dir/rosidl_generator_py/turtlesim/action/_rotate_absolute_s.c.o[0m
[24.999s] [ 86%] [32mBuilding C object CMakeFiles/turtlesim__rosidl_generator_py.dir/rosidl_generator_py/turtlesim/msg/_color_s.c.o[0m
[25.152s] [ 87%] [32mBuilding C object CMakeFiles/turtlesim__rosidl_generator_py.dir/rosidl_generator_py/turtlesim/msg/_pose_s.c.o[0m
[25.253s] [ 88%] [32mBuilding C object CMakeFiles/turtlesim__rosidl_generator_py.dir/rosidl_generator_py/turtlesim/srv/_kill_s.c.o[0m
[25.374s] [ 89%] [32mBuilding C object CMakeFiles/turtlesim__rosidl_generator_py.dir/rosidl_generator_py/turtlesim/srv/_set_pen_s.c.o[0m
[25.477s] [ 90%] [32mBuilding C object CMakeFiles/turtlesim__rosidl_generator_py.dir/rosidl_generator_py/turtlesim/srv/_spawn_s.c.o[0m
[25.575s] [ 91%] [32mBuilding C object CMakeFiles/turtlesim__rosidl_generator_py.dir/rosidl_generator_py/turtlesim/srv/_teleport_absolute_s.c.o[0m
[25.675s] [ 92%] [32mBuilding C object CMakeFiles/turtlesim__rosidl_generator_py.dir/rosidl_generator_py/turtlesim/srv/_teleport_relative_s.c.o[0m
[25.765s] [ 93%] [32m[1mLinking C shared library rosidl_generator_py/turtlesim/libturtlesim__rosidl_generator_py.so[0m
[25.815s] [ 93%] Built target turtlesim__rosidl_generator_py
[25.843s] [ 94%] [32mBuilding C object CMakeFiles/turtlesim__rosidl_typesupport_fastrtps_c__pyext.dir/rosidl_generator_py/turtlesim/_turtlesim_s.ep.rosidl_typesupport_fastrtps_c.c.o[0m
[25.974s] [ 95%] [32m[1mLinking C shared library rosidl_generator_py/turtlesim/turtlesim_s__rosidl_typesupport_fastrtps_c.cpython-310-x86_64-linux-gnu.so[0m
[26.025s] [ 95%] Built target turtlesim__rosidl_typesupport_fastrtps_c__pyext
[26.049s] [ 96%] [32mBuilding C object CMakeFiles/turtlesim__rosidl_typesupport_introspection_c__pyext.dir/rosidl_generator_py/turtlesim/_turtlesim_s.ep.rosidl_typesupport_introspection_c.c.o[0m
[26.202s] [ 97%] [32m[1mLinking C shared library rosidl_generator_py/turtlesim/turtlesim_s__rosidl_typesupport_introspection_c.cpython-310-x86_64-linux-gnu.so[0m
[26.275s] [ 97%] Built target turtlesim__rosidl_typesupport_introspection_c__pyext
[26.319s] [ 98%] [32mBuilding C object CMakeFiles/turtlesim__rosidl_typesupport_c__pyext.dir/rosidl_generator_py/turtlesim/_turtlesim_s.ep.rosidl_typesupport_c.c.o[0m
[26.481s] [ 99%] [32m[1mLinking C shared library rosidl_generator_py/turtlesim/turtlesim_s__rosidl_typesupport_c.cpython-310-x86_64-linux-gnu.so[0m
[26.524s] [ 99%] Built target turtlesim__rosidl_typesupport_c__pyext
[30.358s] [100%] [32m[1mLinking CXX executable turtlesim_node[0m
[31.807s] [100%] Built target turtlesim_node
[31.820s] Invoked command in '/home/ocrv/sp_vision_tutorial_27/lecture4/build/turtlesim' returned '0': CMAKE_PREFIX_PATH=/opt/ros/humble /usr/bin/cmake --build /home/ocrv/sp_vision_tutorial_27/lecture4/build/turtlesim -- -j4 -l4
[31.822s] Invoking command in '/home/ocrv/sp_vision_tutorial_27/lecture4/build/turtlesim': CMAKE_PREFIX_PATH=/opt/ros/humble /usr/bin/cmake --install /home/ocrv/sp_vision_tutorial_27/lecture4/build/turtlesim
[31.830s] -- Install configuration: ""
[31.830s] -- Installing: /home/ocrv/sp_vision_tutorial_27/lecture4/install/turtlesim/share/ament_index/resource_index/rosidl_interfaces/turtlesim
[31.830s] -- Installing: /home/ocrv/sp_vision_tutorial_27/lecture4/install/turtlesim/include/turtlesim/turtlesim
[31.830s] -- Installing: /home/ocrv/sp_vision_tutorial_27/lecture4/install/turtlesim/include/turtlesim/turtlesim/action
[31.830s] -- Installing: /home/ocrv/sp_vision_tutorial_27/lecture4/install/turtlesim/include/turtlesim/turtlesim/action/rotate_absolute.h
[31.830s] -- Installing: /home/ocrv/sp_vision_tutorial_27/lecture4/install/turtlesim/include/turtlesim/turtlesim/action/detail
[31.830s] -- Installing: /home/ocrv/sp_vision_tutorial_27/lecture4/install/turtlesim/include/turtlesim/turtlesim/action/detail/rotate_absolute__struct.h
[31.830s] -- Installing: /home/ocrv/sp_vision_tutorial_27/lecture4/install/turtlesim/include/turtlesim/turtlesim/action/detail/rotate_absolute__functions.c
[31.830s] -- Installing: /home/ocrv/sp_vision_tutorial_27/lecture4/install/turtlesim/include/turtlesim/turtlesim/action/detail/rotate_absolute__functions.h
[31.830s] -- Installing: /home/ocrv/sp_vision_tutorial_27/lecture4/install/turtlesim/include/turtlesim/turtlesim/action/detail/rotate_absolute__type_support.h
[31.831s] -- Installing: /home/ocrv/sp_vision_tutorial_27/lecture4/install/turtlesim/include/turtlesim/turtlesim/msg
[31.831s] -- Installing: /home/ocrv/sp_vision_tutorial_27/lecture4/install/turtlesim/include/turtlesim/turtlesim/msg/pose.h
[31.831s] -- Installing: /home/ocrv/sp_vision_tutorial_27/lecture4/install/turtlesim/include/turtlesim/turtlesim/msg/color.h
[31.831s] -- Installing: /home/ocrv/sp_vision_tutorial_27/lecture4/install/turtlesim/include/turtlesim/turtlesim/msg/rosidl_generator_c__visibility_control.h
[31.831s] -- Installing: /home/ocrv/sp_vision_tutorial_27/lecture4/install/turtlesim/include/turtlesim/turtlesim/msg/detail
[31.831s] -- Installing: /home/ocrv/sp_vision_tutorial_27/lecture4/install/turtlesim/include/turtlesim/turtlesim/msg/detail/color__functions.c
[31.831s] -- Installing: /home/ocrv/sp_vision_tutorial_27/lecture4/install/turtlesim/include/turtlesim/turtlesim/msg/detail/pose__type_support.h
[31.831s] -- Installing: /home/ocrv/sp_vision_tutorial_27/lecture4/install/turtlesim/include/turtlesim/turtlesim/msg/detail/pose__struct.h
[31.831s] -- Installing: /home/ocrv/sp_vision_tutorial_27/lecture4/install/turtlesim/include/turtlesim/turtlesim/msg/detail/color__struct.h
[31.831s] -- Installing: /home/ocrv/sp_vision_tutorial_27/lecture4/install/turtlesim/include/turtlesim/turtlesim/msg/detail/pose__functions.c
[31.831s] -- Installing: /home/ocrv/sp_vision_tutorial_27/lecture4/install/turtlesim/include/turtlesim/turtlesim/msg/detail/color__type_support.h
[31.831s] -- Installing: /home/ocrv/sp_vision_tutorial_27/lecture4/install/turtlesim/include/turtlesim/turtlesim/msg/detail/color__functions.h
[31.831s] -- Installing: /home/ocrv/sp_vision_tutorial_27/lecture4/install/turtlesim/include/turtlesim/turtlesim/msg/detail/pose__functions.h
[31.831s] -- Installing: /home/ocrv/sp_vision_tutorial_27/lecture4/install/turtlesim/include/turtlesim/turtlesim/srv
[31.832s] -- Installing: /home/ocrv/sp_vision_tutorial_27/lecture4/install/turtlesim/include/turtlesim/turtlesim/srv/spawn.h
[31.832s] -- Installing: /home/ocrv/sp_vision_tutorial_27/lecture4/install/turtlesim/include/turtlesim/turtlesim/srv/teleport_relative.h
[31.832s] -- Installing: /home/ocrv/sp_vision_tutorial_27/lecture4/install/turtlesim/include/turtlesim/turtlesim/srv/detail
[31.832s] -- Installing: /home/ocrv/sp_vision_tutorial_27/lecture4/install/turtlesim/include/turtlesim/turtlesim/srv/detail/kill__functions.c
[31.832s] -- Installing: /home/ocrv/sp_vision_tutorial_27/lecture4/install/turtlesim/include/turtlesim/turtlesim/srv/detail/set_pen__struct.h
[31.832s] -- Installing: /home/ocrv/sp_vision_tutorial_27/lecture4/install/turtlesim/include/turtlesim/turtlesim/srv/detail/set_pen__functions.c
[31.832s] -- Installing: /home/ocrv/sp_vision_tutorial_27/lecture4/install/turtlesim/include/turtlesim/turtlesim/srv/detail/set_pen__type_support.h
[31.832s] -- Installing: /home/ocrv/sp_vision_tutorial_27/lecture4/install/turtlesim/include/turtlesim/turtlesim/srv/detail/spawn__type_support.h
[31.832s] -- Installing: /home/ocrv/sp_vision_tutorial_27/lecture4/install/turtlesim/include/turtlesim/turtlesim/srv/detail/kill__functions.h
[31.832s] -- Installing: /home/ocrv/sp_vision_tutorial_27/lecture4/install/turtlesim/include/turtlesim/turtlesim/srv/detail/set_pen__functions.h
[31.832s] -- Installing: /home/ocrv/sp_vision_tutorial_27/lecture4/install/turtlesim/include/turtlesim/turtlesim/srv/detail/teleport_relative__struct.h
[31.832s] -- Installing: /home/ocrv/sp_vision_tutorial_27/lecture4/install/turtlesim/include/turtlesim/turtlesim/srv/detail/teleport_absolute__struct.h
[31.832s] -- Installing: /home/ocrv/sp_vision_tutorial_27/lecture4/install/turtlesim/include/turtlesim/turtlesim/srv/detail/teleport_relative__functions.c
[31.832s] -- Installing: /home/ocrv/sp_vision_tutorial_27/lecture4/install/turtlesim/include/turtlesim/turtlesim/srv/detail/teleport_relative__functions.h
[31.832s] -- Installing: /home/ocrv/sp_vision_tutorial_27/lecture4/install/turtlesim/include/turtlesim/turtlesim/srv/detail/kill__struct.h
[31.832s] -- Installing: /home/ocrv/sp_vision_tutorial_27/lecture4/install/turtlesim/include/turtlesim/turtlesim/srv/detail/teleport_relative__type_support.h
[31.832s] -- Installing: /home/ocrv/sp_vision_tutorial_27/lecture4/install/turtlesim/include/turtlesim/turtlesim/srv/detail/teleport_absolute__functions.h
[31.832s] -- Installing: /home/ocrv/sp_vision_tutorial_27/lecture4/install/turtlesim/include/turtlesim/turtlesim/srv/detail/spawn__functions.h
[31.833s] -- Installing: /home/ocrv/sp_vision_tutorial_27/lecture4/install/turtlesim/include/turtlesim/turtlesim/srv/detail/kill__type_support.h
[31.833s] -- Installing: /home/ocrv/sp_vision_tutorial_27/lecture4/install/turtlesim/include/turtlesim/turtlesim/srv/detail/teleport_absolute__type_support.h
[31.833s] -- Installing: /home/ocrv/sp_vision_tutorial_27/lecture4/install/turtlesim/include/turtlesim/turtlesim/srv/detail/teleport_absolute__functions.c
[31.833s] -- Installing: /home/ocrv/sp_vision_tutorial_27/lecture4/install/turtlesim/include/turtlesim/turtlesim/srv/detail/spawn__struct.h
[31.833s] -- Installing: /home/ocrv/sp_vision_tutorial_27/lecture4/install/turtlesim/include/turtlesim/turtlesim/srv/detail/spawn__functions.c
[31.833s] -- Installing: /home/ocrv/sp_vision_tutorial_27/lecture4/install/turtlesim/include/turtlesim/turtlesim/srv/set_pen.h
[31.833s] -- Installing: /home/ocrv/sp_vision_tutorial_27/lecture4/install/turtlesim/include/turtlesim/turtlesim/srv/kill.h
[31.833s] -- Installing: /home/ocrv/sp_vision_tutorial_27/lecture4/install/turtlesim/include/turtlesim/turtlesim/srv/teleport_absolute.h
[31.833s] -- Installing: /home/ocrv/sp_vision_tutorial_27/lecture4/install/turtlesim/share/turtlesim/environment/library_path.sh
[31.833s] -- Installing: /home/ocrv/sp_vision_tutorial_27/lecture4/install/turtlesim/share/turtlesim/environment/library_path.dsv
[31.833s] -- Installing: /home/ocrv/sp_vision_tutorial_27/lecture4/install/turtlesim/lib/libturtlesim__rosidl_generator_c.so
[31.833s] -- Set runtime path of "/home/ocrv/sp_vision_tutorial_27/lecture4/install/turtlesim/lib/libturtlesim__rosidl_generator_c.so" to ""
[31.834s] -- Up-to-date: /home/ocrv/sp_vision_tutorial_27/lecture4/install/turtlesim/include/turtlesim/turtlesim
[31.834s] -- Up-to-date: /home/ocrv/sp_vision_tutorial_27/lecture4/install/turtlesim/include/turtlesim/turtlesim/action
[31.834s] -- Up-to-date: /home/ocrv/sp_vision_tutorial_27/lecture4/install/turtlesim/include/turtlesim/turtlesim/action/detail
[31.834s] -- Installing: /home/ocrv/sp_vision_tutorial_27/lecture4/install/turtlesim/include/turtlesim/turtlesim/action/detail/rotate_absolute__rosidl_typesupport_fastrtps_c.h
[31.834s] -- Up-to-date: /home/ocrv/sp_vision_tutorial_27/lecture4/install/turtlesim/include/turtlesim/turtlesim/msg
[31.834s] -- Installing: /home/ocrv/sp_vision_tutorial_27/lecture4/install/turtlesim/include/turtlesim/turtlesim/msg/rosidl_typesupport_fastrtps_c__visibility_control.h
[31.834s] -- Up-to-date: /home/ocrv/sp_vision_tutorial_27/lecture4/install/turtlesim/include/turtlesim/turtlesim/msg/detail
[31.834s] -- Installing: /home/ocrv/sp_vision_tutorial_27/lecture4/install/turtlesim/include/turtlesim/turtlesim/msg/detail/pose__rosidl_typesupport_fastrtps_c.h
[31.834s] -- Installing: /home/ocrv/sp_vision_tutorial_27/lecture4/install/turtlesim/include/turtlesim/turtlesim/msg/detail/color__rosidl_typesupport_fastrtps_c.h
[31.834s] -- Up-to-date: /home/ocrv/sp_vision_tutorial_27/lecture4/install/turtlesim/include/turtlesim/turtlesim/srv
[31.834s] -- Up-to-date: /home/ocrv/sp_vision_tutorial_27/lecture4/install/turtlesim/include/turtlesim/turtlesim/srv/detail
[31.834s] -- Installing: /home/ocrv/sp_vision_tutorial_27/lecture4/install/turtlesim/include/turtlesim/turtlesim/srv/detail/teleport_absolute__rosidl_typesupport_fastrtps_c.h
[31.834s] -- Installing: /home/ocrv/sp_vision_tutorial_27/lecture4/install/turtlesim/include/turtlesim/turtlesim/srv/detail/teleport_relative__rosidl_typesupport_fastrtps_c.h
[31.834s] -- Installing: /home/ocrv/sp_vision_tutorial_27/lecture4/install/turtlesim/include/turtlesim/turtlesim/srv/detail/spawn__rosidl_typesupport_fastrtps_c.h
[31.834s] -- Installing: /home/ocrv/sp_vision_tutorial_27/lecture4/install/turtlesim/include/turtlesim/turtlesim/srv/detail/kill__rosidl_typesupport_fastrtps_c.h
[31.834s] -- Installing: /home/ocrv/sp_vision_tutorial_27/lecture4/install/turtlesim/include/turtlesim/turtlesim/srv/detail/set_pen__rosidl_typesupport_fastrtps_c.h
[31.835s] -- Installing: /home/ocrv/sp_vision_tutorial_27/lecture4/install/turtlesim/lib/libturtlesim__rosidl_typesupport_fastrtps_c.so
[31.835s] -- Set runtime path of "/home/ocrv/sp_vision_tutorial_27/lecture4/install/turtlesim/lib/libturtlesim__rosidl_typesupport_fastrtps_c.so" to ""
[31.835s] -- Up-to-date: /home/ocrv/sp_vision_tutorial_27/lecture4/install/turtlesim/include/turtlesim/turtlesim
[31.835s] -- Up-to-date: /home/ocrv/sp_vision_tutorial_27/lecture4/install/turtlesim/include/turtlesim/turtlesim/action
[31.835s] -- Up-to-date: /home/ocrv/sp_vision_tutorial_27/lecture4/install/turtlesim/include/turtlesim/turtlesim/action/detail
[31.836s] -- Installing: /home/ocrv/sp_vision_tutorial_27/lecture4/install/turtlesim/include/turtlesim/turtlesim/action/detail/rotate_absolute__struct.hpp
[31.836s] -- Installing: /home/ocrv/sp_vision_tutorial_27/lecture4/install/turtlesim/include/turtlesim/turtlesim/action/detail/rotate_absolute__builder.hpp
[31.836s] -- Installing: /home/ocrv/sp_vision_tutorial_27/lecture4/install/turtlesim/include/turtlesim/turtlesim/action/detail/rotate_absolute__type_support.hpp
[31.836s] -- Installing: /home/ocrv/sp_vision_tutorial_27/lecture4/install/turtlesim/include/turtlesim/turtlesim/action/detail/rotate_absolute__traits.hpp
[31.836s] -- Installing: /home/ocrv/sp_vision_tutorial_27/lecture4/install/turtlesim/include/turtlesim/turtlesim/action/rotate_absolute.hpp
[31.836s] -- Up-to-date: /home/ocrv/sp_vision_tutorial_27/lecture4/install/turtlesim/include/turtlesim/turtlesim/msg
[31.836s] -- Installing: /home/ocrv/sp_vision_tutorial_27/lecture4/install/turtlesim/include/turtlesim/turtlesim/msg/pose.hpp
[31.836s] -- Installing: /home/ocrv/sp_vision_tutorial_27/lecture4/install/turtlesim/include/turtlesim/turtlesim/msg/color.hpp
[31.836s] -- Installing: /home/ocrv/sp_vision_tutorial_27/lecture4/install/turtlesim/include/turtlesim/turtlesim/msg/rosidl_generator_cpp__visibility_control.hpp
[31.836s] -- Up-to-date: /home/ocrv/sp_vision_tutorial_27/lecture4/install/turtlesim/include/turtlesim/turtlesim/msg/detail
[31.836s] -- Installing: /home/ocrv/sp_vision_tutorial_27/lecture4/install/turtlesim/include/turtlesim/turtlesim/msg/detail/pose__traits.hpp
[31.836s] -- Installing: /home/ocrv/sp_vision_tutorial_27/lecture4/install/turtlesim/include/turtlesim/turtlesim/msg/detail/color__traits.hpp
[31.836s] -- Installing: /home/ocrv/sp_vision_tutorial_27/lecture4/install/turtlesim/include/turtlesim/turtlesim/msg/detail/color__struct.hpp
[31.836s] -- Installing: /home/ocrv/sp_vision_tutorial_27/lecture4/install/turtlesim/include/turtlesim/turtlesim/msg/detail/pose__struct.hpp
[31.836s] -- Installing: /home/ocrv/sp_vision_tutorial_27/lecture4/install/turtlesim/include/turtlesim/turtlesim/msg/detail/pose__builder.hpp
[31.836s] -- Installing: /home/ocrv/sp_vision_tutorial_27/lecture4/install/turtlesim/include/turtlesim/turtlesim/msg/detail/pose__type_support.hpp
[31.836s] -- Installing: /home/ocrv/sp_vision_tutorial_27/lecture4/install/turtlesim/include/turtlesim/turtlesim/msg/detail/color__type_support.hpp
[31.836s] -- Installing: /home/ocrv/sp_vision_tutorial_27/lecture4/install/turtlesim/include/turtlesim/turtlesim/msg/detail/color__builder.hpp
[31.836s] -- Up-to-date: /home/ocrv/sp_vision_tutorial_27/lecture4/install/turtlesim/include/turtlesim/turtlesim/srv
[31.836s] -- Installing: /home/ocrv/sp_vision_tutorial_27/lecture4/install/turtlesim/include/turtlesim/turtlesim/srv/set_pen.hpp
[31.836s] -- Installing: /home/ocrv/sp_vision_tutorial_27/lecture4/install/turtlesim/include/turtlesim/turtlesim/srv/teleport_relative.hpp
[31.839s] -- Installing: /home/ocrv/sp_vision_tutorial_27/lecture4/install/turtlesim/include/turtlesim/turtlesim/srv/kill.hpp
[31.839s] -- Up-to-date: /home/ocrv/sp_vision_tutorial_27/lecture4/install/turtlesim/include/turtlesim/turtlesim/srv/detail
[31.839s] -- Installing: /home/ocrv/sp_vision_tutorial_27/lecture4/install/turtlesim/include/turtlesim/turtlesim/srv/detail/teleport_absolute__builder.hpp
[31.839s] -- Installing: /home/ocrv/sp_vision_tutorial_27/lecture4/install/turtlesim/include/turtlesim/turtlesim/srv/detail/set_pen__builder.hpp
[31.839s] -- Installing: /home/ocrv/sp_vision_tutorial_27/lecture4/install/turtlesim/include/turtlesim/turtlesim/srv/detail/spawn__type_support.hpp
[31.839s] -- Installing: /home/ocrv/sp_vision_tutorial_27/lecture4/install/turtlesim/include/turtlesim/turtlesim/srv/detail/kill__struct.hpp
[31.839s] -- Installing: /home/ocrv/sp_vision_tutorial_27/lecture4/install/turtlesim/include/turtlesim/turtlesim/srv/detail/set_pen__struct.hpp
[31.839s] -- Installing: /home/ocrv/sp_vision_tutorial_27/lecture4/install/turtlesim/include/turtlesim/turtlesim/srv/detail/teleport_relative__builder.hpp
[31.840s] -- Installing: /home/ocrv/sp_vision_tutorial_27/lecture4/install/turtlesim/include/turtlesim/turtlesim/srv/detail/spawn__traits.hpp
[31.840s] -- Installing: /home/ocrv/sp_vision_tutorial_27/lecture4/install/turtlesim/include/turtlesim/turtlesim/srv/detail/teleport_absolute__traits.hpp
[31.840s] -- Installing: /home/ocrv/sp_vision_tutorial_27/lecture4/install/turtlesim/include/turtlesim/turtlesim/srv/detail/set_pen__traits.hpp
[31.840s] -- Installing: /home/ocrv/sp_vision_tutorial_27/lecture4/install/turtlesim/include/turtlesim/turtlesim/srv/detail/spawn__builder.hpp
[31.840s] -- Installing: /home/ocrv/sp_vision_tutorial_27/lecture4/install/turtlesim/include/turtlesim/turtlesim/srv/detail/teleport_relative__type_support.hpp
[31.840s] -- Installing: /home/ocrv/sp_vision_tutorial_27/lecture4/install/turtlesim/include/turtlesim/turtlesim/srv/detail/teleport_absolute__struct.hpp
[31.840s] -- Installing: /home/ocrv/sp_vision_tutorial_27/lecture4/install/turtlesim/include/turtlesim/turtlesim/srv/detail/kill__type_support.hpp
[31.840s] -- Installing: /home/ocrv/sp_vision_tutorial_27/lecture4/install/turtlesim/include/turtlesim/turtlesim/srv/detail/kill__builder.hpp
[31.840s] -- Installing: /home/ocrv/sp_vision_tutorial_27/lecture4/install/turtlesim/include/turtlesim/turtlesim/srv/detail/kill__traits.hpp
[31.840s] -- Installing: /home/ocrv/sp_vision_tutorial_27/lecture4/install/turtlesim/include/turtlesim/turtlesim/srv/detail/teleport_absolute__type_support.hpp
[31.840s] -- Installing: /home/ocrv/sp_vision_tutorial_27/lecture4/install/turtlesim/include/turtlesim/turtlesim/srv/detail/teleport_relative__traits.hpp
[31.840s] -- Installing: /home/ocrv/sp_vision_tutorial_27/lecture4/install/turtlesim/include/turtlesim/turtlesim/srv/detail/teleport_relative__struct.hpp
[31.840s] -- Installing: /home/ocrv/sp_vision_tutorial_27/lecture4/install/turtlesim/include/turtlesim/turtlesim/srv/detail/spawn__struct.hpp
[31.840s] -- Installing: /home/ocrv/sp_vision_tutorial_27/lecture4/install/turtlesim/include/turtlesim/turtlesim/srv/detail/set_pen__type_support.hpp
[31.840s] -- Installing: /home/ocrv/sp_vision_tutorial_27/lecture4/install/turtlesim/include/turtlesim/turtlesim/srv/spawn.hpp
[31.840s] -- Installing: /home/ocrv/sp_vision_tutorial_27/lecture4/install/turtlesim/include/turtlesim/turtlesim/srv/teleport_absolute.hpp
[31.840s] -- Up-to-date: /home/ocrv/sp_vision_tutorial_27/lecture4/install/turtlesim/include/turtlesim/turtlesim
[31.840s] -- Up-to-date: /home/ocrv/sp_vision_tutorial_27/lecture4/install/turtlesim/include/turtlesim/turtlesim/action
[31.840s] -- Up-to-date: /home/ocrv/sp_vision_tutorial_27/lecture4/install/turtlesim/include/turtlesim/turtlesim/action/detail
[31.840s] -- Installing: /home/ocrv/sp_vision_tutorial_27/lecture4/install/turtlesim/include/turtlesim/turtlesim/action/detail/rotate_absolute__rosidl_typesupport_fastrtps_cpp.hpp
[31.840s] -- Installing: /home/ocrv/sp_vision_tutorial_27/lecture4/install/turtlesim/include/turtlesim/turtlesim/action/detail/dds_fastrtps
[31.840s] -- Up-to-date: /home/ocrv/sp_vision_tutorial_27/lecture4/install/turtlesim/include/turtlesim/turtlesim/msg
[31.840s] -- Up-to-date: /home/ocrv/sp_vision_tutorial_27/lecture4/install/turtlesim/include/turtlesim/turtlesim/msg/detail
[31.840s] -- Installing: /home/ocrv/sp_vision_tutorial_27/lecture4/install/turtlesim/include/turtlesim/turtlesim/msg/detail/dds_fastrtps
[31.840s] -- Installing: /home/ocrv/sp_vision_tutorial_27/lecture4/install/turtlesim/include/turtlesim/turtlesim/msg/detail/color__rosidl_typesupport_fastrtps_cpp.hpp
[31.840s] -- Installing: /home/ocrv/sp_vision_tutorial_27/lecture4/install/turtlesim/include/turtlesim/turtlesim/msg/detail/pose__rosidl_typesupport_fastrtps_cpp.hpp
[31.840s] -- Installing: /home/ocrv/sp_vision_tutorial_27/lecture4/install/turtlesim/include/turtlesim/turtlesim/msg/rosidl_typesupport_fastrtps_cpp__visibility_control.h
[31.840s] -- Up-to-date: /home/ocrv/sp_vision_tutorial_27/lecture4/install/turtlesim/include/turtlesim/turtlesim/srv
[31.840s] -- Up-to-date: /home/ocrv/sp_vision_tutorial_27/lecture4/install/turtlesim/include/turtlesim/turtlesim/srv/detail
[31.840s] -- Installing: /home/ocrv/sp_vision_tutorial_27/lecture4/install/turtlesim/include/turtlesim/turtlesim/srv/detail/teleport_absolute__rosidl_typesupport_fastrtps_cpp.hpp
[31.840s] -- Installing: /home/ocrv/sp_vision_tutorial_27/lecture4/install/turtlesim/include/turtlesim/turtlesim/srv/detail/set_pen__rosidl_typesupport_fastrtps_cpp.hpp
[31.840s] -- Installing: /home/ocrv/sp_vision_tutorial_27/lecture4/install/turtlesim/include/turtlesim/turtlesim/srv/detail/dds_fastrtps
[31.840s] -- Installing: /home/ocrv/sp_vision_tutorial_27/lecture4/install/turtlesim/include/turtlesim/turtlesim/srv/detail/spawn__rosidl_typesupport_fastrtps_cpp.hpp
[31.841s] -- Installing: /home/ocrv/sp_vision_tutorial_27/lecture4/install/turtlesim/include/turtlesim/turtlesim/srv/detail/teleport_relative__rosidl_typesupport_fastrtps_cpp.hpp
[31.841s] -- Installing: /home/ocrv/sp_vision_tutorial_27/lecture4/install/turtlesim/include/turtlesim/turtlesim/srv/detail/kill__rosidl_typesupport_fastrtps_cpp.hpp
[31.841s] -- Installing: /home/ocrv/sp_vision_tutorial_27/lecture4/install/turtlesim/lib/libturtlesim__rosidl_typesupport_fastrtps_cpp.so
[31.841s] -- Set runtime path of "/home/ocrv/sp_vision_tutorial_27/lecture4/install/turtlesim/lib/libturtlesim__rosidl_typesupport_fastrtps_cpp.so" to ""
[31.841s] -- Up-to-date: /home/ocrv/sp_vision_tutorial_27/lecture4/install/turtlesim/include/turtlesim/turtlesim
[31.841s] -- Up-to-date: /home/ocrv/sp_vision_tutorial_27/lecture4/install/turtlesim/include/turtlesim/turtlesim/action
[31.841s] -- Up-to-date: /home/ocrv/sp_vision_tutorial_27/lecture4/install/turtlesim/include/turtlesim/turtlesim/action/detail
[31.841s] -- Installing: /home/ocrv/sp_vision_tutorial_27/lecture4/install/turtlesim/include/turtlesim/turtlesim/action/detail/rotate_absolute__rosidl_typesupport_introspection_c.h
[31.841s] -- Installing: /home/ocrv/sp_vision_tutorial_27/lecture4/install/turtlesim/include/turtlesim/turtlesim/action/detail/rotate_absolute__type_support.c
[31.841s] -- Up-to-date: /home/ocrv/sp_vision_tutorial_27/lecture4/install/turtlesim/include/turtlesim/turtlesim/msg
[31.841s] -- Installing: /home/ocrv/sp_vision_tutorial_27/lecture4/install/turtlesim/include/turtlesim/turtlesim/msg/rosidl_typesupport_introspection_c__visibility_control.h
[31.841s] -- Up-to-date: /home/ocrv/sp_vision_tutorial_27/lecture4/install/turtlesim/include/turtlesim/turtlesim/msg/detail
[31.841s] -- Installing: /home/ocrv/sp_vision_tutorial_27/lecture4/install/turtlesim/include/turtlesim/turtlesim/msg/detail/color__type_support.c
[31.841s] -- Installing: /home/ocrv/sp_vision_tutorial_27/lecture4/install/turtlesim/include/turtlesim/turtlesim/msg/detail/pose__type_support.c
[31.841s] -- Installing: /home/ocrv/sp_vision_tutorial_27/lecture4/install/turtlesim/include/turtlesim/turtlesim/msg/detail/pose__rosidl_typesupport_introspection_c.h
[31.841s] -- Installing: /home/ocrv/sp_vision_tutorial_27/lecture4/install/turtlesim/include/turtlesim/turtlesim/msg/detail/color__rosidl_typesupport_introspection_c.h
[31.841s] -- Up-to-date: /home/ocrv/sp_vision_tutorial_27/lecture4/install/turtlesim/include/turtlesim/turtlesim/srv
[31.841s] -- Up-to-date: /home/ocrv/sp_vision_tutorial_27/lecture4/install/turtlesim/include/turtlesim/turtlesim/srv/detail
[31.841s] -- Installing: /home/ocrv/sp_vision_tutorial_27/lecture4/install/turtlesim/include/turtlesim/turtlesim/srv/detail/spawn__rosidl_typesupport_introspection_c.h
[31.841s] -- Installing: /home/ocrv/sp_vision_tutorial_27/lecture4/install/turtlesim/include/turtlesim/turtlesim/srv/detail/teleport_absolute__type_support.c
[31.841s] -- Installing: /home/ocrv/sp_vision_tutorial_27/lecture4/install/turtlesim/include/turtlesim/turtlesim/srv/detail/teleport_relative__type_support.c
[31.842s] -- Installing: /home/ocrv/sp_vision_tutorial_27/lecture4/install/turtlesim/include/turtlesim/turtlesim/srv/detail/teleport_relative__rosidl_typesupport_introspection_c.h
[31.842s] -- Installing: /home/ocrv/sp_vision_tutorial_27/lecture4/install/turtlesim/include/turtlesim/turtlesim/srv/detail/kill__rosidl_typesupport_introspection_c.h
[31.842s] -- Installing: /home/ocrv/sp_vision_tutorial_27/lecture4/install/turtlesim/include/turtlesim/turtlesim/srv/detail/teleport_absolute__rosidl_typesupport_introspection_c.h
[31.842s] -- Installing: /home/ocrv/sp_vision_tutorial_27/lecture4/install/turtlesim/include/turtlesim/turtlesim/srv/detail/set_pen__type_support.c
[31.842s] -- Installing: /home/ocrv/sp_vision_tutorial_27/lecture4/install/turtlesim/include/turtlesim/turtlesim/srv/detail/kill__type_support.c
[31.842s] -- Installing: /home/ocrv/sp_vision_tutorial_27/lecture4/install/turtlesim/include/turtlesim/turtlesim/srv/detail/set_pen__rosidl_typesupport_introspection_c.h
[31.842s] -- Installing: /home/ocrv/sp_vision_tutorial_27/lecture4/install/turtlesim/include/turtlesim/turtlesim/srv/detail/spawn__type_support.c
[31.842s] -- Installing: /home/ocrv/sp_vision_tutorial_27/lecture4/install/turtlesim/lib/libturtlesim__rosidl_typesupport_introspection_c.so
[31.842s] -- Set runtime path of "/home/ocrv/sp_vision_tutorial_27/lecture4/install/turtlesim/lib/libturtlesim__rosidl_typesupport_introspection_c.so" to ""
[31.842s] -- Installing: /home/ocrv/sp_vision_tutorial_27/lecture4/install/turtlesim/lib/libturtlesim__rosidl_typesupport_c.so
[31.842s] -- Set runtime path of "/home/ocrv/sp_vision_tutorial_27/lecture4/install/turtlesim/lib/libturtlesim__rosidl_typesupport_c.so" to ""
[31.842s] -- Up-to-date: /home/ocrv/sp_vision_tutorial_27/lecture4/install/turtlesim/include/turtlesim/turtlesim
[31.842s] -- Up-to-date: /home/ocrv/sp_vision_tutorial_27/lecture4/install/turtlesim/include/turtlesim/turtlesim/action
[31.842s] -- Up-to-date: /home/ocrv/sp_vision_tutorial_27/lecture4/install/turtlesim/include/turtlesim/turtlesim/action/detail
[31.842s] -- Installing: /home/ocrv/sp_vision_tutorial_27/lecture4/install/turtlesim/include/turtlesim/turtlesim/action/detail/rotate_absolute__rosidl_typesupport_introspection_cpp.hpp
[31.842s] -- Installing: /home/ocrv/sp_vision_tutorial_27/lecture4/install/turtlesim/include/turtlesim/turtlesim/action/detail/rotate_absolute__type_support.cpp
[31.842s] -- Up-to-date: /home/ocrv/sp_vision_tutorial_27/lecture4/install/turtlesim/include/turtlesim/turtlesim/msg
[31.842s] -- Up-to-date: /home/ocrv/sp_vision_tutorial_27/lecture4/install/turtlesim/include/turtlesim/turtlesim/msg/detail
[31.842s] -- Installing: /home/ocrv/sp_vision_tutorial_27/lecture4/install/turtlesim/include/turtlesim/turtlesim/msg/detail/color__type_support.cpp
[31.842s] -- Installing: /home/ocrv/sp_vision_tutorial_27/lecture4/install/turtlesim/include/turtlesim/turtlesim/msg/detail/color__rosidl_typesupport_introspection_cpp.hpp
[31.842s] -- Installing: /home/ocrv/sp_vision_tutorial_27/lecture4/install/turtlesim/include/turtlesim/turtlesim/msg/detail/pose__rosidl_typesupport_introspection_cpp.hpp
[31.842s] -- Installing: /home/ocrv/sp_vision_tutorial_27/lecture4/install/turtlesim/include/turtlesim/turtlesim/msg/detail/pose__type_support.cpp
[31.842s] -- Up-to-date: /home/ocrv/sp_vision_tutorial_27/lecture4/install/turtlesim/include/turtlesim/turtlesim/srv
[31.842s] -- Up-to-date: /home/ocrv/sp_vision_tutorial_27/lecture4/install/turtlesim/include/turtlesim/turtlesim/srv/detail
[31.842s] -- Installing: /home/ocrv/sp_vision_tutorial_27/lecture4/install/turtlesim/include/turtlesim/turtlesim/srv/detail/set_pen__type_support.cpp
[31.842s] -- Installing: /home/ocrv/sp_vision_tutorial_27/lecture4/install/turtlesim/include/turtlesim/turtlesim/srv/detail/spawn__type_support.cpp
[31.843s] -- Installing: /home/ocrv/sp_vision_tutorial_27/lecture4/install/turtlesim/include/turtlesim/turtlesim/srv/detail/teleport_absolute__rosidl_typesupport_introspection_cpp.hpp
[31.843s] -- Installing: /home/ocrv/sp_vision_tutorial_27/lecture4/install/turtlesim/include/turtlesim/turtlesim/srv/detail/set_pen__rosidl_typesupport_introspection_cpp.hpp
[31.843s] -- Installing: /home/ocrv/sp_vision_tutorial_27/lecture4/install/turtlesim/include/turtlesim/turtlesim/srv/detail/teleport_relative__rosidl_typesupport_introspection_cpp.hpp
[31.843s] -- Installing: /home/ocrv/sp_vision_tutorial_27/lecture4/install/turtlesim/include/turtlesim/turtlesim/srv/detail/teleport_absolute__type_support.cpp
[31.843s] -- Installing: /home/ocrv/sp_vision_tutorial_27/lecture4/install/turtlesim/include/turtlesim/turtlesim/srv/detail/spawn__rosidl_typesupport_introspection_cpp.hpp
[31.843s] -- Installing: /home/ocrv/sp_vision_tutorial_27/lecture4/install/turtlesim/include/turtlesim/turtlesim/srv/detail/teleport_relative__type_support.cpp
[31.843s] -- Installing: /home/ocrv/sp_vision_tutorial_27/lecture4/install/turtlesim/include/turtlesim/turtlesim/srv/detail/kill__type_support.cpp
[31.843s] -- Installing: /home/ocrv/sp_vision_tutorial_27/lecture4/install/turtlesim/include/turtlesim/turtlesim/srv/detail/kill__rosidl_typesupport_introspection_cpp.hpp
[31.843s] -- Installing: /home/ocrv/sp_vision_tutorial_27/lecture4/install/turtlesim/lib/libturtlesim__rosidl_typesupport_introspection_cpp.so
[31.843s] -- Set runtime path of "/home/ocrv/sp_vision_tutorial_27/lecture4/install/turtlesim/lib/libturtlesim__rosidl_typesupport_introspection_cpp.so" to ""
[31.843s] -- Installing: /home/ocrv/sp_vision_tutorial_27/lecture4/install/turtlesim/lib/libturtlesim__rosidl_typesupport_cpp.so
[31.843s] -- Set runtime path of "/home/ocrv/sp_vision_tutorial_27/lecture4/install/turtlesim/lib/libturtlesim__rosidl_typesupport_cpp.so" to ""
[31.843s] -- Installing: /home/ocrv/sp_vision_tutorial_27/lecture4/install/turtlesim/share/turtlesim/environment/pythonpath.sh
[31.843s] -- Installing: /home/ocrv/sp_vision_tutorial_27/lecture4/install/turtlesim/share/turtlesim/environment/pythonpath.dsv
[31.843s] -- Installing: /home/ocrv/sp_vision_tutorial_27/lecture4/install/turtlesim/local/lib/python3.10/dist-packages/turtlesim-1.4.3-py3.10.egg-info
[31.844s] -- Installing: /home/ocrv/sp_vision_tutorial_27/lecture4/install/turtlesim/local/lib/python3.10/dist-packages/turtlesim-1.4.3-py3.10.egg-info/top_level.txt
[31.844s] -- Installing: /home/ocrv/sp_vision_tutorial_27/lecture4/install/turtlesim/local/lib/python3.10/dist-packages/turtlesim-1.4.3-py3.10.egg-info/PKG-INFO
[31.844s] -- Installing: /home/ocrv/sp_vision_tutorial_27/lecture4/install/turtlesim/local/lib/python3.10/dist-packages/turtlesim-1.4.3-py3.10.egg-info/dependency_links.txt
[31.844s] -- Installing: /home/ocrv/sp_vision_tutorial_27/lecture4/install/turtlesim/local/lib/python3.10/dist-packages/turtlesim-1.4.3-py3.10.egg-info/SOURCES.txt
[31.844s] -- Installing: /home/ocrv/sp_vision_tutorial_27/lecture4/install/turtlesim/local/lib/python3.10/dist-packages/turtlesim
[31.844s] -- Installing: /home/ocrv/sp_vision_tutorial_27/lecture4/install/turtlesim/local/lib/python3.10/dist-packages/turtlesim/action
[31.844s] -- Installing: /home/ocrv/sp_vision_tutorial_27/lecture4/install/turtlesim/local/lib/python3.10/dist-packages/turtlesim/action/__init__.py
[31.844s] -- Installing: /home/ocrv/sp_vision_tutorial_27/lecture4/install/turtlesim/local/lib/python3.10/dist-packages/turtlesim/action/_rotate_absolute_s.c
[31.844s] -- Installing: /home/ocrv/sp_vision_tutorial_27/lecture4/install/turtlesim/local/lib/python3.10/dist-packages/turtlesim/action/_rotate_absolute.py
[31.844s] -- Installing: /home/ocrv/sp_vision_tutorial_27/lecture4/install/turtlesim/local/lib/python3.10/dist-packages/turtlesim/turtlesim_s__rosidl_typesupport_c.cpython-310-x86_64-linux-gnu.so
[31.844s] -- Installing: /home/ocrv/sp_vision_tutorial_27/lecture4/install/turtlesim/local/lib/python3.10/dist-packages/turtlesim/_turtlesim_s.ep.rosidl_typesupport_introspection_c.c
[31.844s] -- Installing: /home/ocrv/sp_vision_tutorial_27/lecture4/install/turtlesim/local/lib/python3.10/dist-packages/turtlesim/_turtlesim_s.ep.rosidl_typesupport_fastrtps_c.c
[31.845s] -- Installing: /home/ocrv/sp_vision_tutorial_27/lecture4/install/turtlesim/local/lib/python3.10/dist-packages/turtlesim/__init__.py
[31.845s] -- Installing: /home/ocrv/sp_vision_tutorial_27/lecture4/install/turtlesim/local/lib/python3.10/dist-packages/turtlesim/turtlesim_s__rosidl_typesupport_fastrtps_c.cpython-310-x86_64-linux-gnu.so
[31.845s] -- Installing: /home/ocrv/sp_vision_tutorial_27/lecture4/install/turtlesim/local/lib/python3.10/dist-packages/turtlesim/msg
[31.845s] -- Installing: /home/ocrv/sp_vision_tutorial_27/lecture4/install/turtlesim/local/lib/python3.10/dist-packages/turtlesim/msg/_pose_s.c
[31.845s] -- Installing: /home/ocrv/sp_vision_tutorial_27/lecture4/install/turtlesim/local/lib/python3.10/dist-packages/turtlesim/msg/__init__.py
[31.845s] -- Installing: /home/ocrv/sp_vision_tutorial_27/lecture4/install/turtlesim/local/lib/python3.10/dist-packages/turtlesim/msg/_pose.py
[31.845s] -- Installing: /home/ocrv/sp_vision_tutorial_27/lecture4/install/turtlesim/local/lib/python3.10/dist-packages/turtlesim/msg/_color_s.c
[31.845s] -- Installing: /home/ocrv/sp_vision_tutorial_27/lecture4/install/turtlesim/local/lib/python3.10/dist-packages/turtlesim/msg/_color.py
[31.845s] -- Installing: /home/ocrv/sp_vision_tutorial_27/lecture4/install/turtlesim/local/lib/python3.10/dist-packages/turtlesim/_turtlesim_s.ep.rosidl_typesupport_c.c
[31.846s] -- Installing: /home/ocrv/sp_vision_tutorial_27/lecture4/install/turtlesim/local/lib/python3.10/dist-packages/turtlesim/turtlesim_s__rosidl_typesupport_introspection_c.cpython-310-x86_64-linux-gnu.so
[31.846s] -- Installing: /home/ocrv/sp_vision_tutorial_27/lecture4/install/turtlesim/local/lib/python3.10/dist-packages/turtlesim/srv
[31.846s] -- Installing: /home/ocrv/sp_vision_tutorial_27/lecture4/install/turtlesim/local/lib/python3.10/dist-packages/turtlesim/srv/_set_pen_s.c
[31.846s] -- Installing: /home/ocrv/sp_vision_tutorial_27/lecture4/install/turtlesim/local/lib/python3.10/dist-packages/turtlesim/srv/_teleport_relative_s.c
[31.846s] -- Installing: /home/ocrv/sp_vision_tutorial_27/lecture4/install/turtlesim/local/lib/python3.10/dist-packages/turtlesim/srv/_teleport_absolute_s.c
[31.846s] -- Installing: /home/ocrv/sp_vision_tutorial_27/lecture4/install/turtlesim/local/lib/python3.10/dist-packages/turtlesim/srv/_kill_s.c
[31.846s] -- Installing: /home/ocrv/sp_vision_tutorial_27/lecture4/install/turtlesim/local/lib/python3.10/dist-packages/turtlesim/srv/__init__.py
[31.846s] -- Installing: /home/ocrv/sp_vision_tutorial_27/lecture4/install/turtlesim/local/lib/python3.10/dist-packages/turtlesim/srv/_set_pen.py
[31.846s] -- Installing: /home/ocrv/sp_vision_tutorial_27/lecture4/install/turtlesim/local/lib/python3.10/dist-packages/turtlesim/srv/_kill.py
[31.846s] -- Installing: /home/ocrv/sp_vision_tutorial_27/lecture4/install/turtlesim/local/lib/python3.10/dist-packages/turtlesim/srv/_spawn_s.c
[31.846s] -- Installing: /home/ocrv/sp_vision_tutorial_27/lecture4/install/turtlesim/local/lib/python3.10/dist-packages/turtlesim/srv/_teleport_relative.py
[31.846s] -- Installing: /home/ocrv/sp_vision_tutorial_27/lecture4/install/turtlesim/local/lib/python3.10/dist-packages/turtlesim/srv/_spawn.py
[31.846s] -- Installing: /home/ocrv/sp_vision_tutorial_27/lecture4/install/turtlesim/local/lib/python3.10/dist-packages/turtlesim/srv/_teleport_absolute.py
[31.846s] -- Installing: /home/ocrv/sp_vision_tutorial_27/lecture4/install/turtlesim/local/lib/python3.10/dist-packages/turtlesim/libturtlesim__rosidl_generator_py.so
[31.882s] Listing '/home/ocrv/sp_vision_tutorial_27/lecture4/install/turtlesim/local/lib/python3.10/dist-packages/turtlesim'...
[31.882s] Compiling '/home/ocrv/sp_vision_tutorial_27/lecture4/install/turtlesim/local/lib/python3.10/dist-packages/turtlesim/__init__.py'...
[31.882s] Listing '/home/ocrv/sp_vision_tutorial_27/lecture4/install/turtlesim/local/lib/python3.10/dist-packages/turtlesim/action'...
[31.882s] Compiling '/home/ocrv/sp_vision_tutorial_27/lecture4/install/turtlesim/local/lib/python3.10/dist-packages/turtlesim/action/__init__.py'...
[31.882s] Compiling '/home/ocrv/sp_vision_tutorial_27/lecture4/install/turtlesim/local/lib/python3.10/dist-packages/turtlesim/action/_rotate_absolute.py'...
[31.882s] Listing '/home/ocrv/sp_vision_tutorial_27/lecture4/install/turtlesim/local/lib/python3.10/dist-packages/turtlesim/msg'...
[31.882s] Compiling '/home/ocrv/sp_vision_tutorial_27/lecture4/install/turtlesim/local/lib/python3.10/dist-packages/turtlesim/msg/__init__.py'...
[31.882s] Compiling '/home/ocrv/sp_vision_tutorial_27/lecture4/install/turtlesim/local/lib/python3.10/dist-packages/turtlesim/msg/_color.py'...
[31.882s] Compiling '/home/ocrv/sp_vision_tutorial_27/lecture4/install/turtlesim/local/lib/python3.10/dist-packages/turtlesim/msg/_pose.py'...
[31.882s] Listing '/home/ocrv/sp_vision_tutorial_27/lecture4/install/turtlesim/local/lib/python3.10/dist-packages/turtlesim/srv'...
[31.882s] Compiling '/home/ocrv/sp_vision_tutorial_27/lecture4/install/turtlesim/local/lib/python3.10/dist-packages/turtlesim/srv/__init__.py'...
[31.882s] Compiling '/home/ocrv/sp_vision_tutorial_27/lecture4/install/turtlesim/local/lib/python3.10/dist-packages/turtlesim/srv/_kill.py'...
[31.882s] Compiling '/home/ocrv/sp_vision_tutorial_27/lecture4/install/turtlesim/local/lib/python3.10/dist-packages/turtlesim/srv/_set_pen.py'...
[31.882s] Compiling '/home/ocrv/sp_vision_tutorial_27/lecture4/install/turtlesim/local/lib/python3.10/dist-packages/turtlesim/srv/_spawn.py'...
[31.882s] Compiling '/home/ocrv/sp_vision_tutorial_27/lecture4/install/turtlesim/local/lib/python3.10/dist-packages/turtlesim/srv/_teleport_absolute.py'...
[31.882s] Compiling '/home/ocrv/sp_vision_tutorial_27/lecture4/install/turtlesim/local/lib/python3.10/dist-packages/turtlesim/srv/_teleport_relative.py'...
[31.886s] -- Installing: /home/ocrv/sp_vision_tutorial_27/lecture4/install/turtlesim/local/lib/python3.10/dist-packages/turtlesim/turtlesim_s__rosidl_typesupport_fastrtps_c.cpython-310-x86_64-linux-gnu.so
[31.886s] -- Set runtime path of "/home/ocrv/sp_vision_tutorial_27/lecture4/install/turtlesim/local/lib/python3.10/dist-packages/turtlesim/turtlesim_s__rosidl_typesupport_fastrtps_c.cpython-310-x86_64-linux-gnu.so" to ""
[31.886s] -- Installing: /home/ocrv/sp_vision_tutorial_27/lecture4/install/turtlesim/local/lib/python3.10/dist-packages/turtlesim/turtlesim_s__rosidl_typesupport_introspection_c.cpython-310-x86_64-linux-gnu.so
[31.886s] -- Set runtime path of "/home/ocrv/sp_vision_tutorial_27/lecture4/install/turtlesim/local/lib/python3.10/dist-packages/turtlesim/turtlesim_s__rosidl_typesupport_introspection_c.cpython-310-x86_64-linux-gnu.so" to ""
[31.886s] -- Installing: /home/ocrv/sp_vision_tutorial_27/lecture4/install/turtlesim/local/lib/python3.10/dist-packages/turtlesim/turtlesim_s__rosidl_typesupport_c.cpython-310-x86_64-linux-gnu.so
[31.887s] -- Set runtime path of "/home/ocrv/sp_vision_tutorial_27/lecture4/install/turtlesim/local/lib/python3.10/dist-packages/turtlesim/turtlesim_s__rosidl_typesupport_c.cpython-310-x86_64-linux-gnu.so" to ""
[31.887s] -- Installing: /home/ocrv/sp_vision_tutorial_27/lecture4/install/turtlesim/lib/libturtlesim__rosidl_generator_py.so
[31.887s] -- Set runtime path of "/home/ocrv/sp_vision_tutorial_27/lecture4/install/turtlesim/lib/libturtlesim__rosidl_generator_py.so" to ""
[31.887s] -- Installing: /home/ocrv/sp_vision_tutorial_27/lecture4/install/turtlesim/share/turtlesim/rust
[31.888s] -- Installing: /home/ocrv/sp_vision_tutorial_27/lecture4/install/turtlesim/share/turtlesim/rust/build.rs
[31.888s] -- Installing: /home/ocrv/sp_vision_tutorial_27/lecture4/install/turtlesim/share/turtlesim/rust/src
[31.888s] -- Installing: /home/ocrv/sp_vision_tutorial_27/lecture4/install/turtlesim/share/turtlesim/rust/src/action
[31.888s] -- Installing: /home/ocrv/sp_vision_tutorial_27/lecture4/install/turtlesim/share/turtlesim/rust/src/action/rmw.rs
[31.888s] -- Installing: /home/ocrv/sp_vision_tutorial_27/lecture4/install/turtlesim/share/turtlesim/rust/src/msg.rs
[31.888s] -- Installing: /home/ocrv/sp_vision_tutorial_27/lecture4/install/turtlesim/share/turtlesim/rust/src/msg
[31.888s] -- Installing: /home/ocrv/sp_vision_tutorial_27/lecture4/install/turtlesim/share/turtlesim/rust/src/msg/rmw.rs
[31.888s] -- Installing: /home/ocrv/sp_vision_tutorial_27/lecture4/install/turtlesim/share/turtlesim/rust/src/srv.rs
[31.888s] -- Installing: /home/ocrv/sp_vision_tutorial_27/lecture4/install/turtlesim/share/turtlesim/rust/src/action.rs
[31.888s] -- Installing: /home/ocrv/sp_vision_tutorial_27/lecture4/install/turtlesim/share/turtlesim/rust/src/srv
[31.888s] -- Installing: /home/ocrv/sp_vision_tutorial_27/lecture4/install/turtlesim/share/turtlesim/rust/src/srv/rmw.rs
[31.889s] -- Installing: /home/ocrv/sp_vision_tutorial_27/lecture4/install/turtlesim/share/turtlesim/rust/src/lib.rs
[31.889s] -- Installing: /home/ocrv/sp_vision_tutorial_27/lecture4/install/turtlesim/share/turtlesim/rust/Cargo.toml
[31.889s] -- Installing: /home/ocrv/sp_vision_tutorial_27/lecture4/install/turtlesim/share/turtlesim/action/RotateAbsolute.idl
[31.889s] -- Installing: /home/ocrv/sp_vision_tutorial_27/lecture4/install/turtlesim/share/turtlesim/msg/Color.idl
[31.889s] -- Installing: /home/ocrv/sp_vision_tutorial_27/lecture4/install/turtlesim/share/turtlesim/msg/Pose.idl
[31.889s] -- Installing: /home/ocrv/sp_vision_tutorial_27/lecture4/install/turtlesim/share/turtlesim/srv/Kill.idl
[31.889s] -- Installing: /home/ocrv/sp_vision_tutorial_27/lecture4/install/turtlesim/share/turtlesim/srv/SetPen.idl
[31.889s] -- Installing: /home/ocrv/sp_vision_tutorial_27/lecture4/install/turtlesim/share/turtlesim/srv/Spawn.idl
[31.889s] -- Installing: /home/ocrv/sp_vision_tutorial_27/lecture4/install/turtlesim/share/turtlesim/srv/TeleportAbsolute.idl
[31.889s] -- Installing: /home/ocrv/sp_vision_tutorial_27/lecture4/install/turtlesim/share/turtlesim/srv/TeleportRelative.idl
[31.889s] -- Installing: /home/ocrv/sp_vision_tutorial_27/lecture4/install/turtlesim/share/turtlesim/action/RotateAbsolute.action
[31.889s] -- Installing: /home/ocrv/sp_vision_tutorial_27/lecture4/install/turtlesim/share/turtlesim/msg/Color.msg
[31.889s] -- Installing: /home/ocrv/sp_vision_tutorial_27/lecture4/install/turtlesim/share/turtlesim/msg/Pose.msg
[31.889s] -- Installing: /home/ocrv/sp_vision_tutorial_27/lecture4/install/turtlesim/share/turtlesim/srv/Kill.srv
[31.889s] -- Installing: /home/ocrv/sp_vision_tutorial_27/lecture4/install/turtlesim/share/turtlesim/srv/Kill_Request.msg
[31.889s] -- Installing: /home/ocrv/sp_vision_tutorial_27/lecture4/install/turtlesim/share/turtlesim/srv/Kill_Response.msg
[31.889s] -- Installing: /home/ocrv/sp_vision_tutorial_27/lecture4/install/turtlesim/share/turtlesim/srv/SetPen.srv
[31.889s] -- Installing: /home/ocrv/sp_vision_tutorial_27/lecture4/install/turtlesim/share/turtlesim/srv/SetPen_Request.msg
[31.889s] -- Installing: /home/ocrv/sp_vision_tutorial_27/lecture4/install/turtlesim/share/turtlesim/srv/SetPen_Response.msg
[31.890s] -- Installing: /home/ocrv/sp_vision_tutorial_27/lecture4/install/turtlesim/share/turtlesim/srv/Spawn.srv
[31.890s] -- Installing: /home/ocrv/sp_vision_tutorial_27/lecture4/install/turtlesim/share/turtlesim/srv/Spawn_Request.msg
[31.890s] -- Installing: /home/ocrv/sp_vision_tutorial_27/lecture4/install/turtlesim/share/turtlesim/srv/Spawn_Response.msg
[31.890s] -- Installing: /home/ocrv/sp_vision_tutorial_27/lecture4/install/turtlesim/share/turtlesim/srv/TeleportAbsolute.srv
[31.890s] -- Installing: /home/ocrv/sp_vision_tutorial_27/lecture4/install/turtlesim/share/turtlesim/srv/TeleportAbsolute_Request.msg
[31.890s] -- Installing: /home/ocrv/sp_vision_tutorial_27/lecture4/install/turtlesim/share/turtlesim/srv/TeleportAbsolute_Response.msg
[31.890s] -- Installing: /home/ocrv/sp_vision_tutorial_27/lecture4/install/turtlesim/share/turtlesim/srv/TeleportRelative.srv
[31.890s] -- Installing: /home/ocrv/sp_vision_tutorial_27/lecture4/install/turtlesim/share/turtlesim/srv/TeleportRelative_Request.msg
[31.890s] -- Installing: /home/ocrv/sp_vision_tutorial_27/lecture4/install/turtlesim/share/turtlesim/srv/TeleportRelative_Response.msg
[31.890s] -- Installing: /home/ocrv/sp_vision_tutorial_27/lecture4/install/turtlesim/lib/turtlesim/turtlesim_node
[31.896s] -- Set runtime path of "/home/ocrv/sp_vision_tutorial_27/lecture4/install/turtlesim/lib/turtlesim/turtlesim_node" to ""
[31.897s] -- Installing: /home/ocrv/sp_vision_tutorial_27/lecture4/install/turtlesim/lib/turtlesim/turtle_teleop_key
[31.898s] -- Set runtime path of "/home/ocrv/sp_vision_tutorial_27/lecture4/install/turtlesim/lib/turtlesim/turtle_teleop_key" to ""
[31.898s] -- Installing: /home/ocrv/sp_vision_tutorial_27/lecture4/install/turtlesim/lib/turtlesim/draw_square
[31.901s] -- Set runtime path of "/home/ocrv/sp_vision_tutorial_27/lecture4/install/turtlesim/lib/turtlesim/draw_square" to ""
[31.901s] -- Installing: /home/ocrv/sp_vision_tutorial_27/lecture4/install/turtlesim/lib/turtlesim/mimic
[31.904s] -- Set runtime path of "/home/ocrv/sp_vision_tutorial_27/lecture4/install/turtlesim/lib/turtlesim/mimic" to ""
[31.904s] -- Installing: /home/ocrv/sp_vision_tutorial_27/lecture4/install/turtlesim/share/turtlesim/images
[31.904s] -- Installing: /home/ocrv/sp_vision_tutorial_27/lecture4/install/turtlesim/share/turtlesim/images/crystal.png
[31.904s] -- Installing: /home/ocrv/sp_vision_tutorial_27/lecture4/install/turtlesim/share/turtlesim/images/bouncy.png
[31.904s] -- Installing: /home/ocrv/sp_vision_tutorial_27/lecture4/install/turtlesim/share/turtlesim/images/dashing.png
[31.905s] -- Installing: /home/ocrv/sp_vision_tutorial_27/lecture4/install/turtlesim/share/turtlesim/images/eloquent.png
[31.905s] -- Installing: /home/ocrv/sp_vision_tutorial_27/lecture4/install/turtlesim/share/turtlesim/images/galactic.png
[31.905s] -- Installing: /home/ocrv/sp_vision_tutorial_27/lecture4/install/turtlesim/share/turtlesim/images/ardent.png
[31.905s] -- Installing: /home/ocrv/sp_vision_tutorial_27/lecture4/install/turtlesim/share/turtlesim/images/humble.png
[31.905s] -- Installing: /home/ocrv/sp_vision_tutorial_27/lecture4/install/turtlesim/share/turtlesim/images/foxy.png
[31.905s] -- Installing: /home/ocrv/sp_vision_tutorial_27/lecture4/install/turtlesim/share/turtlesim/images/rolling.png
[31.905s] -- Installing: /home/ocrv/sp_vision_tutorial_27/lecture4/install/turtlesim/share/turtlesim/launch
[31.905s] -- Installing: /home/ocrv/sp_vision_tutorial_27/lecture4/install/turtlesim/share/turtlesim/launch/multisim.launch.py
[31.905s] -- Installing: /home/ocrv/sp_vision_tutorial_27/lecture4/install/turtlesim/share/ament_index/resource_index/package_run_dependencies/turtlesim
[31.905s] -- Installing: /home/ocrv/sp_vision_tutorial_27/lecture4/install/turtlesim/share/ament_index/resource_index/parent_prefix_path/turtlesim
[31.905s] -- Installing: /home/ocrv/sp_vision_tutorial_27/lecture4/install/turtlesim/share/turtlesim/environment/ament_prefix_path.sh
[31.905s] -- Installing: /home/ocrv/sp_vision_tutorial_27/lecture4/install/turtlesim/share/turtlesim/environment/ament_prefix_path.dsv
[31.905s] -- Installing: /home/ocrv/sp_vision_tutorial_27/lecture4/install/turtlesim/share/turtlesim/environment/path.sh
[31.906s] -- Installing: /home/ocrv/sp_vision_tutorial_27/lecture4/install/turtlesim/share/turtlesim/environment/path.dsv
[31.906s] -- Installing: /home/ocrv/sp_vision_tutorial_27/lecture4/install/turtlesim/share/turtlesim/local_setup.bash
[31.906s] -- Installing: /home/ocrv/sp_vision_tutorial_27/lecture4/install/turtlesim/share/turtlesim/local_setup.sh
[31.906s] -- Installing: /home/ocrv/sp_vision_tutorial_27/lecture4/install/turtlesim/share/turtlesim/local_setup.zsh
[31.906s] -- Installing: /home/ocrv/sp_vision_tutorial_27/lecture4/install/turtlesim/share/turtlesim/local_setup.dsv
[31.906s] -- Installing: /home/ocrv/sp_vision_tutorial_27/lecture4/install/turtlesim/share/turtlesim/package.dsv
[31.906s] -- Installing: /home/ocrv/sp_vision_tutorial_27/lecture4/install/turtlesim/share/ament_index/resource_index/packages/turtlesim
[31.906s] -- Installing: /home/ocrv/sp_vision_tutorial_27/lecture4/install/turtlesim/share/turtlesim/cmake/export_turtlesim__rosidl_generator_cExport.cmake
[31.906s] -- Installing: /home/ocrv/sp_vision_tutorial_27/lecture4/install/turtlesim/share/turtlesim/cmake/export_turtlesim__rosidl_generator_cExport-noconfig.cmake
[31.906s] -- Installing: /home/ocrv/sp_vision_tutorial_27/lecture4/install/turtlesim/share/turtlesim/cmake/export_turtlesim__rosidl_typesupport_fastrtps_cExport.cmake
[31.906s] -- Installing: /home/ocrv/sp_vision_tutorial_27/lecture4/install/turtlesim/share/turtlesim/cmake/export_turtlesim__rosidl_typesupport_fastrtps_cExport-noconfig.cmake
[31.906s] -- Installing: /home/ocrv/sp_vision_tutorial_27/lecture4/install/turtlesim/share/turtlesim/cmake/export_turtlesim__rosidl_generator_cppExport.cmake
[31.907s] -- Installing: /home/ocrv/sp_vision_tutorial_27/lecture4/install/turtlesim/share/turtlesim/cmake/export_turtlesim__rosidl_typesupport_fastrtps_cppExport.cmake
[31.907s] -- Installing: /home/ocrv/sp_vision_tutorial_27/lecture4/install/turtlesim/share/turtlesim/cmake/export_turtlesim__rosidl_typesupport_fastrtps_cppExport-noconfig.cmake
[31.907s] -- Installing: /home/ocrv/sp_vision_tutorial_27/lecture4/install/turtlesim/share/turtlesim/cmake/turtlesim__rosidl_typesupport_introspection_cExport.cmake
[31.907s] -- Installing: /home/ocrv/sp_vision_tutorial_27/lecture4/install/turtlesim/share/turtlesim/cmake/turtlesim__rosidl_typesupport_introspection_cExport-noconfig.cmake
[31.907s] -- Installing: /home/ocrv/sp_vision_tutorial_27/lecture4/install/turtlesim/share/turtlesim/cmake/turtlesim__rosidl_typesupport_cExport.cmake
[31.907s] -- Installing: /home/ocrv/sp_vision_tutorial_27/lecture4/install/turtlesim/share/turtlesim/cmake/turtlesim__rosidl_typesupport_cExport-noconfig.cmake
[31.907s] -- Installing: /home/ocrv/sp_vision_tutorial_27/lecture4/install/turtlesim/share/turtlesim/cmake/turtlesim__rosidl_typesupport_introspection_cppExport.cmake
[31.907s] -- Installing: /home/ocrv/sp_vision_tutorial_27/lecture4/install/turtlesim/share/turtlesim/cmake/turtlesim__rosidl_typesupport_introspection_cppExport-noconfig.cmake
[31.907s] -- Installing: /home/ocrv/sp_vision_tutorial_27/lecture4/install/turtlesim/share/turtlesim/cmake/turtlesim__rosidl_typesupport_cppExport.cmake
[31.907s] -- Installing: /home/ocrv/sp_vision_tutorial_27/lecture4/install/turtlesim/share/turtlesim/cmake/turtlesim__rosidl_typesupport_cppExport-noconfig.cmake
[31.907s] -- Installing: /home/ocrv/sp_vision_tutorial_27/lecture4/install/turtlesim/share/turtlesim/cmake/export_turtlesim__rosidl_generator_pyExport.cmake
[31.907s] -- Installing: /home/ocrv/sp_vision_tutorial_27/lecture4/install/turtlesim/share/turtlesim/cmake/export_turtlesim__rosidl_generator_pyExport-noconfig.cmake
[31.907s] -- Installing: /home/ocrv/sp_vision_tutorial_27/lecture4/install/turtlesim/share/turtlesim/cmake/rosidl_cmake-extras.cmake
[31.907s] -- Installing: /home/ocrv/sp_vision_tutorial_27/lecture4/install/turtlesim/share/turtlesim/cmake/ament_cmake_export_dependencies-extras.cmake
[31.908s] -- Installing: /home/ocrv/sp_vision_tutorial_27/lecture4/install/turtlesim/share/turtlesim/cmake/ament_cmake_export_include_directories-extras.cmake
[31.908s] -- Installing: /home/ocrv/sp_vision_tutorial_27/lecture4/install/turtlesim/share/turtlesim/cmake/ament_cmake_export_libraries-extras.cmake
[31.908s] -- Installing: /home/ocrv/sp_vision_tutorial_27/lecture4/install/turtlesim/share/turtlesim/cmake/ament_cmake_export_targets-extras.cmake
[31.908s] -- Installing: /home/ocrv/sp_vision_tutorial_27/lecture4/install/turtlesim/share/turtlesim/cmake/rosidl_cmake_export_typesupport_targets-extras.cmake
[31.908s] -- Installing: /home/ocrv/sp_vision_tutorial_27/lecture4/install/turtlesim/share/turtlesim/cmake/rosidl_cmake_export_typesupport_libraries-extras.cmake
[31.908s] -- Installing: /home/ocrv/sp_vision_tutorial_27/lecture4/install/turtlesim/share/turtlesim/cmake/rosidl_cmake_aggregate_target-extras.cmake
[31.908s] -- Installing: /home/ocrv/sp_vision_tutorial_27/lecture4/install/turtlesim/share/turtlesim/cmake/turtlesimConfig.cmake
[31.908s] -- Installing: /home/ocrv/sp_vision_tutorial_27/lecture4/install/turtlesim/share/turtlesim/cmake/turtlesimConfig-version.cmake
[31.908s] -- Installing: /home/ocrv/sp_vision_tutorial_27/lecture4/install/turtlesim/share/turtlesim/package.xml
[31.911s] Invoked command in '/home/ocrv/sp_vision_tutorial_27/lecture4/build/turtlesim' returned '0': CMAKE_PREFIX_PATH=/opt/ros/humble /usr/bin/cmake --install /home/ocrv/sp_vision_tutorial_27/lecture4/build/turtlesim
