[0.017s] Invoking command in '/home/ocrv/sp_vision_tutorial_27/lecture4/build/learning_pkg_c': CMAKE_PREFIX_PATH=/opt/ros/humble /usr/bin/cmake /home/ocrv/sp_vision_tutorial_27/lecture4/src/ep1/learning_pkg_c -DCMAKE_INSTALL_PREFIX=/home/ocrv/sp_vision_tutorial_27/lecture4/install/learning_pkg_c
[0.118s] -- The C compiler identification is GNU 11.4.0
[0.180s] -- The CXX compiler identification is GNU 11.4.0
[0.191s] -- Detecting C compiler ABI info
[0.302s] -- Detecting C compiler ABI info - done
[0.304s] -- Check for working C compiler: /usr/bin/cc - skipped
[0.304s] -- Detecting C compile features
[0.305s] -- Detecting C compile features - done
[0.308s] -- Detecting CXX compiler ABI info
[0.416s] -- Detecting CXX compiler ABI info - done
[0.420s] -- Check for working CXX compiler: /usr/bin/c++ - skipped
[0.421s] -- Detecting CXX compile features
[0.421s] -- Detecting CXX compile features - done
[0.427s] -- Found ament_cmake: 1.3.14 (/opt/ros/humble/share/ament_cmake/cmake)
[0.573s] -- Found Python3: /usr/bin/python3 (found version "3.10.12") found components: Interpreter 
[0.658s] -- Found ament_lint_auto: 0.12.15 (/opt/ros/humble/share/ament_lint_auto/cmake)
[0.769s] -- Added test 'lint_cmake' to check CMake code style
[0.769s] -- Added test 'xmllint' to check XML markup files
[0.771s] -- Configuring done
[0.773s] -- Generating done
[0.776s] -- Build files have been written to: /home/ocrv/sp_vision_tutorial_27/lecture4/build/learning_pkg_c
[0.787s] Invoked command in '/home/ocrv/sp_vision_tutorial_27/lecture4/build/learning_pkg_c' returned '0': CMAKE_PREFIX_PATH=/opt/ros/humble /usr/bin/cmake /home/ocrv/sp_vision_tutorial_27/lecture4/src/ep1/learning_pkg_c -DCMAKE_INSTALL_PREFIX=/home/ocrv/sp_vision_tutorial_27/lecture4/install/learning_pkg_c
[0.792s] Invoking command in '/home/ocrv/sp_vision_tutorial_27/lecture4/build/learning_pkg_c': CMAKE_PREFIX_PATH=/opt/ros/humble /usr/bin/cmake --build /home/ocrv/sp_vision_tutorial_27/lecture4/build/learning_pkg_c -- -j4 -l4
[0.844s] Invoked command in '/home/ocrv/sp_vision_tutorial_27/lecture4/build/learning_pkg_c' returned '0': CMAKE_PREFIX_PATH=/opt/ros/humble /usr/bin/cmake --build /home/ocrv/sp_vision_tutorial_27/lecture4/build/learning_pkg_c -- -j4 -l4
[0.853s] Invoking command in '/home/ocrv/sp_vision_tutorial_27/lecture4/build/learning_pkg_c': CMAKE_PREFIX_PATH=/opt/ros/humble /usr/bin/cmake --install /home/ocrv/sp_vision_tutorial_27/lecture4/build/learning_pkg_c
[0.864s] -- Install configuration: ""
[0.865s] -- Installing: /home/ocrv/sp_vision_tutorial_27/lecture4/install/learning_pkg_c/share/ament_index/resource_index/package_run_dependencies/learning_pkg_c
[0.867s] -- Installing: /home/ocrv/sp_vision_tutorial_27/lecture4/install/learning_pkg_c/share/ament_index/resource_index/parent_prefix_path/learning_pkg_c
[0.867s] -- Installing: /home/ocrv/sp_vision_tutorial_27/lecture4/install/learning_pkg_c/share/learning_pkg_c/environment/ament_prefix_path.sh
[0.867s] -- Installing: /home/ocrv/sp_vision_tutorial_27/lecture4/install/learning_pkg_c/share/learning_pkg_c/environment/ament_prefix_path.dsv
[0.867s] -- Installing: /home/ocrv/sp_vision_tutorial_27/lecture4/install/learning_pkg_c/share/learning_pkg_c/environment/path.sh
[0.867s] -- Installing: /home/ocrv/sp_vision_tutorial_27/lecture4/install/learning_pkg_c/share/learning_pkg_c/environment/path.dsv
[0.868s] -- Installing: /home/ocrv/sp_vision_tutorial_27/lecture4/install/learning_pkg_c/share/learning_pkg_c/local_setup.bash
[0.871s] -- Installing: /home/ocrv/sp_vision_tutorial_27/lecture4/install/learning_pkg_c/share/learning_pkg_c/local_setup.sh
[0.871s] -- Installing: /home/ocrv/sp_vision_tutorial_27/lecture4/install/learning_pkg_c/share/learning_pkg_c/local_setup.zsh
[0.871s] -- Installing: /home/ocrv/sp_vision_tutorial_27/lecture4/install/learning_pkg_c/share/learning_pkg_c/local_setup.dsv
[0.871s] -- Installing: /home/ocrv/sp_vision_tutorial_27/lecture4/install/learning_pkg_c/share/learning_pkg_c/package.dsv
[0.871s] -- Installing: /home/ocrv/sp_vision_tutorial_27/lecture4/install/learning_pkg_c/share/ament_index/resource_index/packages/learning_pkg_c
[0.871s] -- Installing: /home/ocrv/sp_vision_tutorial_27/lecture4/install/learning_pkg_c/share/learning_pkg_c/cmake/learning_pkg_cConfig.cmake
[0.871s] -- Installing: /home/ocrv/sp_vision_tutorial_27/lecture4/install/learning_pkg_c/share/learning_pkg_c/cmake/learning_pkg_cConfig-version.cmake
[0.871s] -- Installing: /home/ocrv/sp_vision_tutorial_27/lecture4/install/learning_pkg_c/share/learning_pkg_c/package.xml
[0.873s] Invoked command in '/home/ocrv/sp_vision_tutorial_27/lecture4/build/learning_pkg_c' returned '0': CMAKE_PREFIX_PATH=/opt/ros/humble /usr/bin/cmake --install /home/ocrv/sp_vision_tutorial_27/lecture4/build/learning_pkg_c
