[0.274s] Invoking command in '/home/ocrv/sp_vision_tutorial_27/lecture4/build/learning_node': CMAKE_PREFIX_PATH=/opt/ros/humble /usr/bin/cmake /home/ocrv/sp_vision_tutorial_27/lecture4/src/ep1/learning_node -DCMAKE_INSTALL_PREFIX=/home/ocrv/sp_vision_tutorial_27/lecture4/install/learning_node
[0.333s] -- The C compiler identification is GNU 11.4.0
[0.401s] -- The CXX compiler identification is GNU 11.4.0
[0.410s] -- Detecting C compiler ABI info
[0.586s] -- Detecting C compiler ABI info - done
[0.595s] -- Check for working C compiler: /usr/bin/cc - skipped
[0.595s] -- Detecting C compile features
[0.600s] -- Detecting C compile features - done
[0.611s] -- Detecting CXX compiler ABI info
[0.818s] -- Detecting CXX compiler ABI info - done
[0.825s] -- Check for working CXX compiler: /usr/bin/c++ - skipped
[0.825s] -- Detecting CXX compile features
[0.826s] -- Detecting CXX compile features - done
[0.827s] -- Found ament_cmake: 1.3.14 (/opt/ros/humble/share/ament_cmake/cmake)
[1.057s] -- Found Python3: /usr/bin/python3 (found version "3.10.12") found components: Interpreter 
[1.228s] -- Found rclcpp: 16.0.21 (/opt/ros/humble/share/rclcpp/cmake)
[1.289s] -- Found rosidl_generator_c: 3.1.9 (/opt/ros/humble/share/rosidl_generator_c/cmake)
[1.293s] -- Found rosidl_adapter: 3.1.9 (/opt/ros/humble/share/rosidl_adapter/cmake)
[1.299s] -- Found rosidl_generator_cpp: 3.1.9 (/opt/ros/humble/share/rosidl_generator_cpp/cmake)
[1.309s] -- Using all available rosidl_typesupport_c: rosidl_typesupport_fastrtps_c;rosidl_typesupport_introspection_c
[1.322s] -- Using all available rosidl_typesupport_cpp: rosidl_typesupport_fastrtps_cpp;rosidl_typesupport_introspection_cpp
[1.372s] -- Found rmw_implementation_cmake: 6.1.4 (/opt/ros/humble/share/rmw_implementation_cmake/cmake)
[1.372s] -- Found rmw_fastrtps_cpp: 6.2.10 (/opt/ros/humble/share/rmw_fastrtps_cpp/cmake)
[1.490s] -- Found OpenSSL: /usr/lib/x86_64-linux-gnu/libcrypto.so (found version "3.0.2")  
[1.513s] -- Found FastRTPS: /opt/ros/humble/include  
[1.567s] -- Using RMW implementation 'rmw_fastrtps_cpp' as default
[1.581s] -- Looking for pthread.h
[1.705s] -- Looking for pthread.h - found
[1.708s] -- Performing Test CMAKE_HAVE_LIBC_PTHREAD
[1.810s] -- Performing Test CMAKE_HAVE_LIBC_PTHREAD - Success
[1.811s] -- Found Threads: TRUE  
[1.873s] -- Found ament_lint_auto: 0.12.15 (/opt/ros/humble/share/ament_lint_auto/cmake)
[1.959s] -- Added test 'cppcheck' to perform static code analysis on C / C++ code
[1.959s] -- Configured cppcheck include dirs: 
[1.959s] -- Configured cppcheck exclude dirs and/or files: 
[1.960s] -- Added test 'lint_cmake' to check CMake code style
[1.962s] -- Added test 'uncrustify' to check C / C++ code style
[1.962s] -- Configured uncrustify additional arguments: 
[1.963s] -- Added test 'xmllint' to check XML markup files
[1.964s] -- Configuring done
[1.973s] -- Generating done
[1.975s] -- Build files have been written to: /home/ocrv/sp_vision_tutorial_27/lecture4/build/learning_node
[1.983s] Invoked command in '/home/ocrv/sp_vision_tutorial_27/lecture4/build/learning_node' returned '0': CMAKE_PREFIX_PATH=/opt/ros/humble /usr/bin/cmake /home/ocrv/sp_vision_tutorial_27/lecture4/src/ep1/learning_node -DCMAKE_INSTALL_PREFIX=/home/ocrv/sp_vision_tutorial_27/lecture4/install/learning_node
[1.984s] Invoking command in '/home/ocrv/sp_vision_tutorial_27/lecture4/build/learning_node': CMAKE_PREFIX_PATH=/opt/ros/humble /usr/bin/cmake --build /home/ocrv/sp_vision_tutorial_27/lecture4/build/learning_node -- -j4 -l4
[2.065s] [ 50%] [32mBuilding CXX object CMakeFiles/helloworld_node.dir/src/helloworld_node.cpp.o[0m
[7.129s] [100%] [32m[1mLinking CXX executable helloworld_node[0m
[7.406s] [100%] Built target helloworld_node
[7.431s] Invoked command in '/home/ocrv/sp_vision_tutorial_27/lecture4/build/learning_node' returned '0': CMAKE_PREFIX_PATH=/opt/ros/humble /usr/bin/cmake --build /home/ocrv/sp_vision_tutorial_27/lecture4/build/learning_node -- -j4 -l4
[7.436s] Invoking command in '/home/ocrv/sp_vision_tutorial_27/lecture4/build/learning_node': CMAKE_PREFIX_PATH=/opt/ros/humble /usr/bin/cmake --install /home/ocrv/sp_vision_tutorial_27/lecture4/build/learning_node
[7.453s] -- Install configuration: ""
[7.453s] -- Installing: /home/ocrv/sp_vision_tutorial_27/lecture4/install/learning_node/lib/learning_node/helloworld_node
[7.453s] -- Set runtime path of "/home/ocrv/sp_vision_tutorial_27/lecture4/install/learning_node/lib/learning_node/helloworld_node" to ""
[7.453s] -- Installing: /home/ocrv/sp_vision_tutorial_27/lecture4/install/learning_node/share/ament_index/resource_index/package_run_dependencies/learning_node
[7.454s] -- Installing: /home/ocrv/sp_vision_tutorial_27/lecture4/install/learning_node/share/ament_index/resource_index/parent_prefix_path/learning_node
[7.454s] -- Installing: /home/ocrv/sp_vision_tutorial_27/lecture4/install/learning_node/share/learning_node/environment/ament_prefix_path.sh
[7.454s] -- Installing: /home/ocrv/sp_vision_tutorial_27/lecture4/install/learning_node/share/learning_node/environment/ament_prefix_path.dsv
[7.454s] -- Installing: /home/ocrv/sp_vision_tutorial_27/lecture4/install/learning_node/share/learning_node/environment/path.sh
[7.454s] -- Installing: /home/ocrv/sp_vision_tutorial_27/lecture4/install/learning_node/share/learning_node/environment/path.dsv
[7.454s] -- Installing: /home/ocrv/sp_vision_tutorial_27/lecture4/install/learning_node/share/learning_node/local_setup.bash
[7.456s] -- Installing: /home/ocrv/sp_vision_tutorial_27/lecture4/install/learning_node/share/learning_node/local_setup.sh
[7.472s] -- Installing: /home/ocrv/sp_vision_tutorial_27/lecture4/install/learning_node/share/learning_node/local_setup.zsh
[7.472s] -- Installing: /home/ocrv/sp_vision_tutorial_27/lecture4/install/learning_node/share/learning_node/local_setup.dsv
[7.472s] -- Installing: /home/ocrv/sp_vision_tutorial_27/lecture4/install/learning_node/share/learning_node/package.dsv
[7.472s] -- Installing: /home/ocrv/sp_vision_tutorial_27/lecture4/install/learning_node/share/ament_index/resource_index/packages/learning_node
[7.472s] -- Installing: /home/ocrv/sp_vision_tutorial_27/lecture4/install/learning_node/share/learning_node/cmake/learning_nodeConfig.cmake
[7.472s] -- Installing: /home/ocrv/sp_vision_tutorial_27/lecture4/install/learning_node/share/learning_node/cmake/learning_nodeConfig-version.cmake
[7.472s] -- Installing: /home/ocrv/sp_vision_tutorial_27/lecture4/install/learning_node/share/learning_node/package.xml
[7.472s] Invoked command in '/home/ocrv/sp_vision_tutorial_27/lecture4/build/learning_node' returned '0': CMAKE_PREFIX_PATH=/opt/ros/humble /usr/bin/cmake --install /home/ocrv/sp_vision_tutorial_27/lecture4/build/learning_node
