[0.811s] Invoking command in '/home/ocrv/sp_vision_tutorial_27/lecture4/src/ep1/learning_pkg_python': PYTHONPATH=/home/ocrv/sp_vision_tutorial_27/lecture4/build/learning_pkg_python/prefix_override:/usr/lib/python3/dist-packages/colcon_core/task/python/colcon_distutils_commands:/home/ocrv/sp_vision_tutorial_27/lecture4/install/learning_pkg_python/lib/python3.10/site-packages:${PYTHONPATH} /usr/bin/python3 -W ignore:setup.py install is deprecated -W ignore:easy_install command is deprecated setup.py egg_info --egg-base ../../../build/learning_pkg_python build --build-base /home/ocrv/sp_vision_tutorial_27/lecture4/build/learning_pkg_python/build install --record /home/ocrv/sp_vision_tutorial_27/lecture4/build/learning_pkg_python/install.log --install-scripts $base/lib/learning_pkg_python --single-version-externally-managed install_data
[1.279s] running egg_info
[1.279s] creating ../../../build/learning_pkg_python/learning_pkg_python.egg-info
[1.280s] writing ../../../build/learning_pkg_python/learning_pkg_python.egg-info/PKG-INFO
[1.280s] writing dependency_links to ../../../build/learning_pkg_python/learning_pkg_python.egg-info/dependency_links.txt
[1.280s] writing entry points to ../../../build/learning_pkg_python/learning_pkg_python.egg-info/entry_points.txt
[1.280s] writing requirements to ../../../build/learning_pkg_python/learning_pkg_python.egg-info/requires.txt
[1.280s] writing top-level names to ../../../build/learning_pkg_python/learning_pkg_python.egg-info/top_level.txt
[1.283s] writing manifest file '../../../build/learning_pkg_python/learning_pkg_python.egg-info/SOURCES.txt'
[1.283s] reading manifest file '../../../build/learning_pkg_python/learning_pkg_python.egg-info/SOURCES.txt'
[1.283s] writing manifest file '../../../build/learning_pkg_python/learning_pkg_python.egg-info/SOURCES.txt'
[1.284s] running build
[1.284s] running build_py
[1.285s] creating /home/ocrv/sp_vision_tutorial_27/lecture4/build/learning_pkg_python/build
[1.285s] creating /home/ocrv/sp_vision_tutorial_27/lecture4/build/learning_pkg_python/build/lib
[1.285s] creating /home/ocrv/sp_vision_tutorial_27/lecture4/build/learning_pkg_python/build/lib/learning_pkg_python
[1.285s] copying learning_pkg_python/__init__.py -> /home/ocrv/sp_vision_tutorial_27/lecture4/build/learning_pkg_python/build/lib/learning_pkg_python
[1.285s] running install
[1.290s] running install_lib
[1.291s] creating /home/ocrv/sp_vision_tutorial_27/lecture4/install/learning_pkg_python/lib/python3.10/site-packages/learning_pkg_python
[1.291s] copying /home/ocrv/sp_vision_tutorial_27/lecture4/build/learning_pkg_python/build/lib/learning_pkg_python/__init__.py -> /home/ocrv/sp_vision_tutorial_27/lecture4/install/learning_pkg_python/lib/python3.10/site-packages/learning_pkg_python
[1.291s] byte-compiling /home/ocrv/sp_vision_tutorial_27/lecture4/install/learning_pkg_python/lib/python3.10/site-packages/learning_pkg_python/__init__.py to __init__.cpython-310.pyc
[1.291s] running install_data
[1.291s] creating /home/ocrv/sp_vision_tutorial_27/lecture4/install/learning_pkg_python/share/ament_index
[1.291s] creating /home/ocrv/sp_vision_tutorial_27/lecture4/install/learning_pkg_python/share/ament_index/resource_index
[1.291s] creating /home/ocrv/sp_vision_tutorial_27/lecture4/install/learning_pkg_python/share/ament_index/resource_index/packages
[1.291s] copying resource/learning_pkg_python -> /home/ocrv/sp_vision_tutorial_27/lecture4/install/learning_pkg_python/share/ament_index/resource_index/packages
[1.291s] copying package.xml -> /home/ocrv/sp_vision_tutorial_27/lecture4/install/learning_pkg_python/share/learning_pkg_python
[1.291s] running install_egg_info
[1.295s] Copying ../../../build/learning_pkg_python/learning_pkg_python.egg-info to /home/ocrv/sp_vision_tutorial_27/lecture4/install/learning_pkg_python/lib/python3.10/site-packages/learning_pkg_python-0.0.0-py3.10.egg-info
[1.297s] running install_scripts
[1.355s] writing list of installed files to '/home/ocrv/sp_vision_tutorial_27/lecture4/build/learning_pkg_python/install.log'
[1.402s] Invoked command in '/home/ocrv/sp_vision_tutorial_27/lecture4/src/ep1/learning_pkg_python' returned '0': PYTHONPATH=/home/ocrv/sp_vision_tutorial_27/lecture4/build/learning_pkg_python/prefix_override:/usr/lib/python3/dist-packages/colcon_core/task/python/colcon_distutils_commands:/home/ocrv/sp_vision_tutorial_27/lecture4/install/learning_pkg_python/lib/python3.10/site-packages:${PYTHONPATH} /usr/bin/python3 -W ignore:setup.py install is deprecated -W ignore:easy_install command is deprecated setup.py egg_info --egg-base ../../../build/learning_pkg_python build --build-base /home/ocrv/sp_vision_tutorial_27/lecture4/build/learning_pkg_python/build install --record /home/ocrv/sp_vision_tutorial_27/lecture4/build/learning_pkg_python/install.log --install-scripts $base/lib/learning_pkg_python --single-version-externally-managed install_data
