[0.078s] DEBUG:colcon:Command line arguments: ['/usr/bin/colcon', 'list']
[0.078s] DEBUG:colcon:Parsed command line arguments: Namespace(log_base=None, log_level=None, verb_name='list', build_base='build', ignore_user_meta=False, metas=['./colcon.meta'], base_paths=['.'], packages_ignore=None, packages_ignore_regex=None, paths=None, packages_up_to=None, packages_up_to_regex=None, packages_above=None, packages_above_and_dependencies=None, packages_above_depth=None, packages_select_by_dep=None, packages_skip_by_dep=None, packages_skip_up_to=None, packages_select_build_failed=False, packages_skip_build_finished=False, packages_select_test_failures=False, packages_skip_test_passed=False, packages_select=None, packages_skip=None, packages_select_regex=None, packages_skip_regex=None, packages_start=None, packages_end=None, allow_overriding=[], topological_order=False, names_only=False, paths_only=False, topological_graph=False, topological_graph_dot=False, topological_graph_density=False, topological_graph_legend=False, topological_graph_dot_cluster=False, topological_graph_dot_include_skipped=False, verb_parser=<colcon_defaults.argument_parser.defaults.DefaultArgumentsDecorator object at 0x7b491d51fe50>, verb_extension=<colcon_package_information.verb.list.ListVerb object at 0x7b491d51ec20>, main=<bound method ListVerb.main of <colcon_package_information.verb.list.ListVerb object at 0x7b491d51ec20>>)
[0.169s] Level 1:colcon.colcon_core.package_discovery:discover_packages(colcon_meta) check parameters
[0.169s] Level 1:colcon.colcon_core.package_discovery:discover_packages(recursive) check parameters
[0.169s] Level 1:colcon.colcon_core.package_discovery:discover_packages(ignore) check parameters
[0.169s] Level 1:colcon.colcon_core.package_discovery:discover_packages(path) check parameters
[0.169s] Level 1:colcon.colcon_core.package_discovery:discover_packages(colcon_meta) discover
[0.169s] Level 1:colcon.colcon_core.package_discovery:discover_packages(recursive) discover
[0.169s] INFO:colcon.colcon_core.package_discovery:Crawling recursively for packages in '/home/ocrv/sp_vision_tutorial_27/lecture4'
[0.169s] Level 1:colcon.colcon_core.package_identification:_identify(.) by extensions ['ignore', 'ignore_ament_install']
[0.169s] Level 1:colcon.colcon_core.package_identification:_identify(.) by extension 'ignore'
[0.169s] Level 1:colcon.colcon_core.package_identification:_identify(.) by extension 'ignore_ament_install'
[0.169s] Level 1:colcon.colcon_core.package_identification:_identify(.) by extensions ['colcon_pkg']
[0.169s] Level 1:colcon.colcon_core.package_identification:_identify(.) by extension 'colcon_pkg'
[0.169s] Level 1:colcon.colcon_core.package_identification:_identify(.) by extensions ['colcon_meta']
[0.169s] Level 1:colcon.colcon_core.package_identification:_identify(.) by extension 'colcon_meta'
[0.169s] Level 1:colcon.colcon_core.package_identification:_identify(.) by extensions ['ros']
[0.169s] Level 1:colcon.colcon_core.package_identification:_identify(.) by extension 'ros'
[0.179s] Level 1:colcon.colcon_core.package_identification:_identify(.) by extensions ['cmake', 'python']
[0.179s] Level 1:colcon.colcon_core.package_identification:_identify(.) by extension 'cmake'
[0.179s] Level 1:colcon.colcon_core.package_identification:_identify(.) by extension 'python'
[0.179s] Level 1:colcon.colcon_core.package_identification:_identify(.) by extensions ['python_setup_py']
[0.179s] Level 1:colcon.colcon_core.package_identification:_identify(.) by extension 'python_setup_py'
[0.179s] Level 1:colcon.colcon_core.package_identification:_identify(build) by extensions ['ignore', 'ignore_ament_install']
[0.179s] Level 1:colcon.colcon_core.package_identification:_identify(build) by extension 'ignore'
[0.179s] Level 1:colcon.colcon_core.package_identification:_identify(build) ignored
[0.179s] Level 1:colcon.colcon_core.package_identification:_identify(homework) by extensions ['ignore', 'ignore_ament_install']
[0.180s] Level 1:colcon.colcon_core.package_identification:_identify(homework) by extension 'ignore'
[0.180s] Level 1:colcon.colcon_core.package_identification:_identify(homework) by extension 'ignore_ament_install'
[0.180s] Level 1:colcon.colcon_core.package_identification:_identify(homework) by extensions ['colcon_pkg']
[0.180s] Level 1:colcon.colcon_core.package_identification:_identify(homework) by extension 'colcon_pkg'
[0.180s] Level 1:colcon.colcon_core.package_identification:_identify(homework) by extensions ['colcon_meta']
[0.180s] Level 1:colcon.colcon_core.package_identification:_identify(homework) by extension 'colcon_meta'
[0.180s] Level 1:colcon.colcon_core.package_identification:_identify(homework) by extensions ['ros']
[0.180s] Level 1:colcon.colcon_core.package_identification:_identify(homework) by extension 'ros'
[0.180s] Level 1:colcon.colcon_core.package_identification:_identify(homework) by extensions ['cmake', 'python']
[0.180s] Level 1:colcon.colcon_core.package_identification:_identify(homework) by extension 'cmake'
[0.180s] Level 1:colcon.colcon_core.package_identification:_identify(homework) by extension 'python'
[0.180s] Level 1:colcon.colcon_core.package_identification:_identify(homework) by extensions ['python_setup_py']
[0.180s] Level 1:colcon.colcon_core.package_identification:_identify(homework) by extension 'python_setup_py'
[0.180s] Level 1:colcon.colcon_core.package_identification:_identify(homework/src) by extensions ['ignore', 'ignore_ament_install']
[0.180s] Level 1:colcon.colcon_core.package_identification:_identify(homework/src) by extension 'ignore'
[0.180s] Level 1:colcon.colcon_core.package_identification:_identify(homework/src) by extension 'ignore_ament_install'
[0.180s] Level 1:colcon.colcon_core.package_identification:_identify(homework/src) by extensions ['colcon_pkg']
[0.180s] Level 1:colcon.colcon_core.package_identification:_identify(homework/src) by extension 'colcon_pkg'
[0.180s] Level 1:colcon.colcon_core.package_identification:_identify(homework/src) by extensions ['colcon_meta']
[0.180s] Level 1:colcon.colcon_core.package_identification:_identify(homework/src) by extension 'colcon_meta'
[0.180s] Level 1:colcon.colcon_core.package_identification:_identify(homework/src) by extensions ['ros']
[0.180s] Level 1:colcon.colcon_core.package_identification:_identify(homework/src) by extension 'ros'
[0.180s] Level 1:colcon.colcon_core.package_identification:_identify(homework/src) by extensions ['cmake', 'python']
[0.180s] Level 1:colcon.colcon_core.package_identification:_identify(homework/src) by extension 'cmake'
[0.180s] Level 1:colcon.colcon_core.package_identification:_identify(homework/src) by extension 'python'
[0.180s] Level 1:colcon.colcon_core.package_identification:_identify(homework/src) by extensions ['python_setup_py']
[0.180s] Level 1:colcon.colcon_core.package_identification:_identify(homework/src) by extension 'python_setup_py'
[0.180s] Level 1:colcon.colcon_core.package_identification:_identify(homework/src/nav_hw_interfaces) by extensions ['ignore', 'ignore_ament_install']
[0.180s] Level 1:colcon.colcon_core.package_identification:_identify(homework/src/nav_hw_interfaces) by extension 'ignore'
[0.180s] Level 1:colcon.colcon_core.package_identification:_identify(homework/src/nav_hw_interfaces) by extension 'ignore_ament_install'
[0.180s] Level 1:colcon.colcon_core.package_identification:_identify(homework/src/nav_hw_interfaces) by extensions ['colcon_pkg']
[0.180s] Level 1:colcon.colcon_core.package_identification:_identify(homework/src/nav_hw_interfaces) by extension 'colcon_pkg'
[0.180s] Level 1:colcon.colcon_core.package_identification:_identify(homework/src/nav_hw_interfaces) by extensions ['colcon_meta']
[0.180s] Level 1:colcon.colcon_core.package_identification:_identify(homework/src/nav_hw_interfaces) by extension 'colcon_meta'
[0.180s] Level 1:colcon.colcon_core.package_identification:_identify(homework/src/nav_hw_interfaces) by extensions ['ros']
[0.181s] Level 1:colcon.colcon_core.package_identification:_identify(homework/src/nav_hw_interfaces) by extension 'ros'
[0.182s] DEBUG:colcon.colcon_core.package_identification:Package 'homework/src/nav_hw_interfaces' with type 'ros.ament_cmake' and name 'nav_hw_interfaces'
[0.183s] Level 1:colcon.colcon_core.package_identification:_identify(homework/src/qos_debugger) by extensions ['ignore', 'ignore_ament_install']
[0.183s] Level 1:colcon.colcon_core.package_identification:_identify(homework/src/qos_debugger) by extension 'ignore'
[0.183s] Level 1:colcon.colcon_core.package_identification:_identify(homework/src/qos_debugger) by extension 'ignore_ament_install'
[0.183s] Level 1:colcon.colcon_core.package_identification:_identify(homework/src/qos_debugger) by extensions ['colcon_pkg']
[0.183s] Level 1:colcon.colcon_core.package_identification:_identify(homework/src/qos_debugger) by extension 'colcon_pkg'
[0.183s] Level 1:colcon.colcon_core.package_identification:_identify(homework/src/qos_debugger) by extensions ['colcon_meta']
[0.183s] Level 1:colcon.colcon_core.package_identification:_identify(homework/src/qos_debugger) by extension 'colcon_meta'
[0.183s] Level 1:colcon.colcon_core.package_identification:_identify(homework/src/qos_debugger) by extensions ['ros']
[0.183s] Level 1:colcon.colcon_core.package_identification:_identify(homework/src/qos_debugger) by extension 'ros'
[0.183s] DEBUG:colcon.colcon_core.package_identification:Package 'homework/src/qos_debugger' with type 'ros.ament_cmake' and name 'qos_debugger'
[0.183s] Level 1:colcon.colcon_core.package_identification:_identify(install) by extensions ['ignore', 'ignore_ament_install']
[0.184s] Level 1:colcon.colcon_core.package_identification:_identify(install) by extension 'ignore'
[0.184s] Level 1:colcon.colcon_core.package_identification:_identify(install) ignored
[0.184s] Level 1:colcon.colcon_core.package_identification:_identify(log) by extensions ['ignore', 'ignore_ament_install']
[0.184s] Level 1:colcon.colcon_core.package_identification:_identify(log) by extension 'ignore'
[0.184s] Level 1:colcon.colcon_core.package_identification:_identify(log) ignored
[0.184s] Level 1:colcon.colcon_core.package_identification:_identify(src) by extensions ['ignore', 'ignore_ament_install']
[0.184s] Level 1:colcon.colcon_core.package_identification:_identify(src) by extension 'ignore'
[0.184s] Level 1:colcon.colcon_core.package_identification:_identify(src) by extension 'ignore_ament_install'
[0.184s] Level 1:colcon.colcon_core.package_identification:_identify(src) by extensions ['colcon_pkg']
[0.184s] Level 1:colcon.colcon_core.package_identification:_identify(src) by extension 'colcon_pkg'
[0.184s] Level 1:colcon.colcon_core.package_identification:_identify(src) by extensions ['colcon_meta']
[0.184s] Level 1:colcon.colcon_core.package_identification:_identify(src) by extension 'colcon_meta'
[0.184s] Level 1:colcon.colcon_core.package_identification:_identify(src) by extensions ['ros']
[0.184s] Level 1:colcon.colcon_core.package_identification:_identify(src) by extension 'ros'
[0.184s] Level 1:colcon.colcon_core.package_identification:_identify(src) by extensions ['cmake', 'python']
[0.184s] Level 1:colcon.colcon_core.package_identification:_identify(src) by extension 'cmake'
[0.184s] Level 1:colcon.colcon_core.package_identification:_identify(src) by extension 'python'
[0.184s] Level 1:colcon.colcon_core.package_identification:_identify(src) by extensions ['python_setup_py']
[0.184s] Level 1:colcon.colcon_core.package_identification:_identify(src) by extension 'python_setup_py'
[0.184s] Level 1:colcon.colcon_core.package_identification:_identify(src/ep1) by extensions ['ignore', 'ignore_ament_install']
[0.184s] Level 1:colcon.colcon_core.package_identification:_identify(src/ep1) by extension 'ignore'
[0.184s] Level 1:colcon.colcon_core.package_identification:_identify(src/ep1) by extension 'ignore_ament_install'
[0.184s] Level 1:colcon.colcon_core.package_identification:_identify(src/ep1) by extensions ['colcon_pkg']
[0.184s] Level 1:colcon.colcon_core.package_identification:_identify(src/ep1) by extension 'colcon_pkg'
[0.184s] Level 1:colcon.colcon_core.package_identification:_identify(src/ep1) by extensions ['colcon_meta']
[0.184s] Level 1:colcon.colcon_core.package_identification:_identify(src/ep1) by extension 'colcon_meta'
[0.185s] Level 1:colcon.colcon_core.package_identification:_identify(src/ep1) by extensions ['ros']
[0.185s] Level 1:colcon.colcon_core.package_identification:_identify(src/ep1) by extension 'ros'
[0.185s] Level 1:colcon.colcon_core.package_identification:_identify(src/ep1) by extensions ['cmake', 'python']
[0.185s] Level 1:colcon.colcon_core.package_identification:_identify(src/ep1) by extension 'cmake'
[0.185s] Level 1:colcon.colcon_core.package_identification:_identify(src/ep1) by extension 'python'
[0.185s] Level 1:colcon.colcon_core.package_identification:_identify(src/ep1) by extensions ['python_setup_py']
[0.185s] Level 1:colcon.colcon_core.package_identification:_identify(src/ep1) by extension 'python_setup_py'
[0.185s] Level 1:colcon.colcon_core.package_identification:_identify(src/ep1/learning_node) by extensions ['ignore', 'ignore_ament_install']
[0.185s] Level 1:colcon.colcon_core.package_identification:_identify(src/ep1/learning_node) by extension 'ignore'
[0.185s] Level 1:colcon.colcon_core.package_identification:_identify(src/ep1/learning_node) by extension 'ignore_ament_install'
[0.185s] Level 1:colcon.colcon_core.package_identification:_identify(src/ep1/learning_node) by extensions ['colcon_pkg']
[0.185s] Level 1:colcon.colcon_core.package_identification:_identify(src/ep1/learning_node) by extension 'colcon_pkg'
[0.185s] Level 1:colcon.colcon_core.package_identification:_identify(src/ep1/learning_node) by extensions ['colcon_meta']
[0.185s] Level 1:colcon.colcon_core.package_identification:_identify(src/ep1/learning_node) by extension 'colcon_meta'
[0.185s] Level 1:colcon.colcon_core.package_identification:_identify(src/ep1/learning_node) by extensions ['ros']
[0.185s] Level 1:colcon.colcon_core.package_identification:_identify(src/ep1/learning_node) by extension 'ros'
[0.185s] DEBUG:colcon.colcon_core.package_identification:Package 'src/ep1/learning_node' with type 'ros.ament_cmake' and name 'learning_node'
[0.185s] Level 1:colcon.colcon_core.package_identification:_identify(src/ep1/learning_pkg_c) by extensions ['ignore', 'ignore_ament_install']
[0.185s] Level 1:colcon.colcon_core.package_identification:_identify(src/ep1/learning_pkg_c) by extension 'ignore'
[0.186s] Level 1:colcon.colcon_core.package_identification:_identify(src/ep1/learning_pkg_c) by extension 'ignore_ament_install'
[0.186s] Level 1:colcon.colcon_core.package_identification:_identify(src/ep1/learning_pkg_c) by extensions ['colcon_pkg']
[0.186s] Level 1:colcon.colcon_core.package_identification:_identify(src/ep1/learning_pkg_c) by extension 'colcon_pkg'
[0.186s] Level 1:colcon.colcon_core.package_identification:_identify(src/ep1/learning_pkg_c) by extensions ['colcon_meta']
[0.186s] Level 1:colcon.colcon_core.package_identification:_identify(src/ep1/learning_pkg_c) by extension 'colcon_meta'
[0.186s] Level 1:colcon.colcon_core.package_identification:_identify(src/ep1/learning_pkg_c) by extensions ['ros']
[0.186s] Level 1:colcon.colcon_core.package_identification:_identify(src/ep1/learning_pkg_c) by extension 'ros'
[0.186s] DEBUG:colcon.colcon_core.package_identification:Package 'src/ep1/learning_pkg_c' with type 'ros.ament_cmake' and name 'learning_pkg_c'
[0.186s] Level 1:colcon.colcon_core.package_identification:_identify(src/ep1/learning_pkg_python) by extensions ['ignore', 'ignore_ament_install']
[0.186s] Level 1:colcon.colcon_core.package_identification:_identify(src/ep1/learning_pkg_python) by extension 'ignore'
[0.186s] Level 1:colcon.colcon_core.package_identification:_identify(src/ep1/learning_pkg_python) by extension 'ignore_ament_install'
[0.186s] Level 1:colcon.colcon_core.package_identification:_identify(src/ep1/learning_pkg_python) by extensions ['colcon_pkg']
[0.186s] Level 1:colcon.colcon_core.package_identification:_identify(src/ep1/learning_pkg_python) by extension 'colcon_pkg'
[0.186s] Level 1:colcon.colcon_core.package_identification:_identify(src/ep1/learning_pkg_python) by extensions ['colcon_meta']
[0.186s] Level 1:colcon.colcon_core.package_identification:_identify(src/ep1/learning_pkg_python) by extension 'colcon_meta'
[0.186s] Level 1:colcon.colcon_core.package_identification:_identify(src/ep1/learning_pkg_python) by extensions ['ros']
[0.186s] Level 1:colcon.colcon_core.package_identification:_identify(src/ep1/learning_pkg_python) by extension 'ros'
[0.187s] DEBUG:colcon.colcon_core.package_identification:Package 'src/ep1/learning_pkg_python' with type 'ros.ament_python' and name 'learning_pkg_python'
[0.187s] Level 1:colcon.colcon_core.package_identification:_identify(src/ep2) by extensions ['ignore', 'ignore_ament_install']
[0.187s] Level 1:colcon.colcon_core.package_identification:_identify(src/ep2) by extension 'ignore'
[0.187s] Level 1:colcon.colcon_core.package_identification:_identify(src/ep2) by extension 'ignore_ament_install'
[0.187s] Level 1:colcon.colcon_core.package_identification:_identify(src/ep2) by extensions ['colcon_pkg']
[0.187s] Level 1:colcon.colcon_core.package_identification:_identify(src/ep2) by extension 'colcon_pkg'
[0.187s] Level 1:colcon.colcon_core.package_identification:_identify(src/ep2) by extensions ['colcon_meta']
[0.187s] Level 1:colcon.colcon_core.package_identification:_identify(src/ep2) by extension 'colcon_meta'
[0.187s] Level 1:colcon.colcon_core.package_identification:_identify(src/ep2) by extensions ['ros']
[0.187s] Level 1:colcon.colcon_core.package_identification:_identify(src/ep2) by extension 'ros'
[0.187s] Level 1:colcon.colcon_core.package_identification:_identify(src/ep2) by extensions ['cmake', 'python']
[0.187s] Level 1:colcon.colcon_core.package_identification:_identify(src/ep2) by extension 'cmake'
[0.187s] Level 1:colcon.colcon_core.package_identification:_identify(src/ep2) by extension 'python'
[0.187s] Level 1:colcon.colcon_core.package_identification:_identify(src/ep2) by extensions ['python_setup_py']
[0.187s] Level 1:colcon.colcon_core.package_identification:_identify(src/ep2) by extension 'python_setup_py'
[0.187s] Level 1:colcon.colcon_core.package_identification:_identify(src/ep2/ros_tutorials) by extensions ['ignore', 'ignore_ament_install']
[0.187s] Level 1:colcon.colcon_core.package_identification:_identify(src/ep2/ros_tutorials) by extension 'ignore'
[0.187s] Level 1:colcon.colcon_core.package_identification:_identify(src/ep2/ros_tutorials) by extension 'ignore_ament_install'
[0.187s] Level 1:colcon.colcon_core.package_identification:_identify(src/ep2/ros_tutorials) by extensions ['colcon_pkg']
[0.187s] Level 1:colcon.colcon_core.package_identification:_identify(src/ep2/ros_tutorials) by extension 'colcon_pkg'
[0.187s] Level 1:colcon.colcon_core.package_identification:_identify(src/ep2/ros_tutorials) by extensions ['colcon_meta']
[0.187s] Level 1:colcon.colcon_core.package_identification:_identify(src/ep2/ros_tutorials) by extension 'colcon_meta'
[0.187s] Level 1:colcon.colcon_core.package_identification:_identify(src/ep2/ros_tutorials) by extensions ['ros']
[0.187s] Level 1:colcon.colcon_core.package_identification:_identify(src/ep2/ros_tutorials) by extension 'ros'
[0.187s] Level 1:colcon.colcon_core.package_identification:_identify(src/ep2/ros_tutorials) by extensions ['cmake', 'python']
[0.187s] Level 1:colcon.colcon_core.package_identification:_identify(src/ep2/ros_tutorials) by extension 'cmake'
[0.187s] Level 1:colcon.colcon_core.package_identification:_identify(src/ep2/ros_tutorials) by extension 'python'
[0.187s] Level 1:colcon.colcon_core.package_identification:_identify(src/ep2/ros_tutorials) by extensions ['python_setup_py']
[0.187s] Level 1:colcon.colcon_core.package_identification:_identify(src/ep2/ros_tutorials) by extension 'python_setup_py'
[0.187s] Level 1:colcon.colcon_core.package_identification:_identify(src/ep2/ros_tutorials/ros_tutorials) by extensions ['ignore', 'ignore_ament_install']
[0.188s] Level 1:colcon.colcon_core.package_identification:_identify(src/ep2/ros_tutorials/ros_tutorials) by extension 'ignore'
[0.188s] Level 1:colcon.colcon_core.package_identification:_identify(src/ep2/ros_tutorials/ros_tutorials) ignored
[0.188s] Level 1:colcon.colcon_core.package_identification:_identify(src/ep2/ros_tutorials/roscpp_tutorials) by extensions ['ignore', 'ignore_ament_install']
[0.188s] Level 1:colcon.colcon_core.package_identification:_identify(src/ep2/ros_tutorials/roscpp_tutorials) by extension 'ignore'
[0.188s] Level 1:colcon.colcon_core.package_identification:_identify(src/ep2/ros_tutorials/roscpp_tutorials) ignored
[0.188s] Level 1:colcon.colcon_core.package_identification:_identify(src/ep2/ros_tutorials/rospy_tutorials) by extensions ['ignore', 'ignore_ament_install']
[0.188s] Level 1:colcon.colcon_core.package_identification:_identify(src/ep2/ros_tutorials/rospy_tutorials) by extension 'ignore'
[0.188s] Level 1:colcon.colcon_core.package_identification:_identify(src/ep2/ros_tutorials/rospy_tutorials) ignored
[0.188s] Level 1:colcon.colcon_core.package_identification:_identify(src/ep2/ros_tutorials/turtlesim) by extensions ['ignore', 'ignore_ament_install']
[0.188s] Level 1:colcon.colcon_core.package_identification:_identify(src/ep2/ros_tutorials/turtlesim) by extension 'ignore'
[0.188s] Level 1:colcon.colcon_core.package_identification:_identify(src/ep2/ros_tutorials/turtlesim) by extension 'ignore_ament_install'
[0.188s] Level 1:colcon.colcon_core.package_identification:_identify(src/ep2/ros_tutorials/turtlesim) by extensions ['colcon_pkg']
[0.188s] Level 1:colcon.colcon_core.package_identification:_identify(src/ep2/ros_tutorials/turtlesim) by extension 'colcon_pkg'
[0.188s] Level 1:colcon.colcon_core.package_identification:_identify(src/ep2/ros_tutorials/turtlesim) by extensions ['colcon_meta']
[0.188s] Level 1:colcon.colcon_core.package_identification:_identify(src/ep2/ros_tutorials/turtlesim) by extension 'colcon_meta'
[0.188s] Level 1:colcon.colcon_core.package_identification:_identify(src/ep2/ros_tutorials/turtlesim) by extensions ['ros']
[0.188s] Level 1:colcon.colcon_core.package_identification:_identify(src/ep2/ros_tutorials/turtlesim) by extension 'ros'
[0.189s] DEBUG:colcon.colcon_core.package_identification:Package 'src/ep2/ros_tutorials/turtlesim' with type 'ros.ament_cmake' and name 'turtlesim'
[0.189s] Level 1:colcon.colcon_core.package_identification:_identify(src/ep2/srv_learning) by extensions ['ignore', 'ignore_ament_install']
[0.189s] Level 1:colcon.colcon_core.package_identification:_identify(src/ep2/srv_learning) by extension 'ignore'
[0.189s] Level 1:colcon.colcon_core.package_identification:_identify(src/ep2/srv_learning) by extension 'ignore_ament_install'
[0.189s] Level 1:colcon.colcon_core.package_identification:_identify(src/ep2/srv_learning) by extensions ['colcon_pkg']
[0.189s] Level 1:colcon.colcon_core.package_identification:_identify(src/ep2/srv_learning) by extension 'colcon_pkg'
[0.189s] Level 1:colcon.colcon_core.package_identification:_identify(src/ep2/srv_learning) by extensions ['colcon_meta']
[0.189s] Level 1:colcon.colcon_core.package_identification:_identify(src/ep2/srv_learning) by extension 'colcon_meta'
[0.189s] Level 1:colcon.colcon_core.package_identification:_identify(src/ep2/srv_learning) by extensions ['ros']
[0.189s] Level 1:colcon.colcon_core.package_identification:_identify(src/ep2/srv_learning) by extension 'ros'
[0.190s] DEBUG:colcon.colcon_core.package_identification:Package 'src/ep2/srv_learning' with type 'ros.ament_cmake' and name 'srv_learning'
[0.190s] Level 1:colcon.colcon_core.package_identification:_identify(src/ep2/topic_learning_pub) by extensions ['ignore', 'ignore_ament_install']
[0.190s] Level 1:colcon.colcon_core.package_identification:_identify(src/ep2/topic_learning_pub) by extension 'ignore'
[0.190s] Level 1:colcon.colcon_core.package_identification:_identify(src/ep2/topic_learning_pub) by extension 'ignore_ament_install'
[0.190s] Level 1:colcon.colcon_core.package_identification:_identify(src/ep2/topic_learning_pub) by extensions ['colcon_pkg']
[0.190s] Level 1:colcon.colcon_core.package_identification:_identify(src/ep2/topic_learning_pub) by extension 'colcon_pkg'
[0.190s] Level 1:colcon.colcon_core.package_identification:_identify(src/ep2/topic_learning_pub) by extensions ['colcon_meta']
[0.190s] Level 1:colcon.colcon_core.package_identification:_identify(src/ep2/topic_learning_pub) by extension 'colcon_meta'
[0.190s] Level 1:colcon.colcon_core.package_identification:_identify(src/ep2/topic_learning_pub) by extensions ['ros']
[0.190s] Level 1:colcon.colcon_core.package_identification:_identify(src/ep2/topic_learning_pub) by extension 'ros'
[0.190s] DEBUG:colcon.colcon_core.package_identification:Package 'src/ep2/topic_learning_pub' with type 'ros.ament_cmake' and name 'topic_learning_pub'
[0.190s] Level 1:colcon.colcon_core.package_identification:_identify(src/ep2/topic_learning_sub) by extensions ['ignore', 'ignore_ament_install']
[0.191s] Level 1:colcon.colcon_core.package_identification:_identify(src/ep2/topic_learning_sub) by extension 'ignore'
[0.191s] Level 1:colcon.colcon_core.package_identification:_identify(src/ep2/topic_learning_sub) by extension 'ignore_ament_install'
[0.191s] Level 1:colcon.colcon_core.package_identification:_identify(src/ep2/topic_learning_sub) by extensions ['colcon_pkg']
[0.191s] Level 1:colcon.colcon_core.package_identification:_identify(src/ep2/topic_learning_sub) by extension 'colcon_pkg'
[0.191s] Level 1:colcon.colcon_core.package_identification:_identify(src/ep2/topic_learning_sub) by extensions ['colcon_meta']
[0.191s] Level 1:colcon.colcon_core.package_identification:_identify(src/ep2/topic_learning_sub) by extension 'colcon_meta'
[0.191s] Level 1:colcon.colcon_core.package_identification:_identify(src/ep2/topic_learning_sub) by extensions ['ros']
[0.191s] Level 1:colcon.colcon_core.package_identification:_identify(src/ep2/topic_learning_sub) by extension 'ros'
[0.191s] DEBUG:colcon.colcon_core.package_identification:Package 'src/ep2/topic_learning_sub' with type 'ros.ament_python' and name 'topic_learning_sub'
[0.191s] Level 1:colcon.colcon_core.package_identification:_identify(src/ep3) by extensions ['ignore', 'ignore_ament_install']
[0.191s] Level 1:colcon.colcon_core.package_identification:_identify(src/ep3) by extension 'ignore'
[0.191s] Level 1:colcon.colcon_core.package_identification:_identify(src/ep3) by extension 'ignore_ament_install'
[0.191s] Level 1:colcon.colcon_core.package_identification:_identify(src/ep3) by extensions ['colcon_pkg']
[0.191s] Level 1:colcon.colcon_core.package_identification:_identify(src/ep3) by extension 'colcon_pkg'
[0.191s] Level 1:colcon.colcon_core.package_identification:_identify(src/ep3) by extensions ['colcon_meta']
[0.191s] Level 1:colcon.colcon_core.package_identification:_identify(src/ep3) by extension 'colcon_meta'
[0.191s] Level 1:colcon.colcon_core.package_identification:_identify(src/ep3) by extensions ['ros']
[0.191s] Level 1:colcon.colcon_core.package_identification:_identify(src/ep3) by extension 'ros'
[0.191s] Level 1:colcon.colcon_core.package_identification:_identify(src/ep3) by extensions ['cmake', 'python']
[0.191s] Level 1:colcon.colcon_core.package_identification:_identify(src/ep3) by extension 'cmake'
[0.191s] Level 1:colcon.colcon_core.package_identification:_identify(src/ep3) by extension 'python'
[0.191s] Level 1:colcon.colcon_core.package_identification:_identify(src/ep3) by extensions ['python_setup_py']
[0.191s] Level 1:colcon.colcon_core.package_identification:_identify(src/ep3) by extension 'python_setup_py'
[0.191s] Level 1:colcon.colcon_core.package_identification:_identify(src/ep3/launch_learning) by extensions ['ignore', 'ignore_ament_install']
[0.191s] Level 1:colcon.colcon_core.package_identification:_identify(src/ep3/launch_learning) by extension 'ignore'
[0.192s] Level 1:colcon.colcon_core.package_identification:_identify(src/ep3/launch_learning) by extension 'ignore_ament_install'
[0.192s] Level 1:colcon.colcon_core.package_identification:_identify(src/ep3/launch_learning) by extensions ['colcon_pkg']
[0.192s] Level 1:colcon.colcon_core.package_identification:_identify(src/ep3/launch_learning) by extension 'colcon_pkg'
[0.192s] Level 1:colcon.colcon_core.package_identification:_identify(src/ep3/launch_learning) by extensions ['colcon_meta']
[0.192s] Level 1:colcon.colcon_core.package_identification:_identify(src/ep3/launch_learning) by extension 'colcon_meta'
[0.192s] Level 1:colcon.colcon_core.package_identification:_identify(src/ep3/launch_learning) by extensions ['ros']
[0.192s] Level 1:colcon.colcon_core.package_identification:_identify(src/ep3/launch_learning) by extension 'ros'
[0.192s] DEBUG:colcon.colcon_core.package_identification:Package 'src/ep3/launch_learning' with type 'ros.ament_cmake' and name 'launch_learning'
[0.192s] Level 1:colcon.colcon_core.package_discovery:discover_packages(recursive) using defaults
[0.192s] Level 1:colcon.colcon_core.package_discovery:discover_packages(ignore) discover
[0.192s] Level 1:colcon.colcon_core.package_discovery:discover_packages(ignore) using defaults
[0.192s] Level 1:colcon.colcon_core.package_discovery:discover_packages(path) discover
[0.192s] Level 1:colcon.colcon_core.package_discovery:discover_packages(path) using defaults
