[0.020s] Invoking command in '/home/ocrv/sp_vision_tutorial_27/lecture4/build/qos_debugger': AMENT_PREFIX_PATH=/home/ocrv/sp_vision_tutorial_27/lecture4/install/nav_hw_interfaces:${AMENT_PREFIX_PATH} CMAKE_PREFIX_PATH=/home/ocrv/sp_vision_tutorial_27/lecture4/install/nav_hw_interfaces:/opt/ros/humble LD_LIBRARY_PATH=/home/ocrv/sp_vision_tutorial_27/lecture4/install/nav_hw_interfaces/lib:/opt/ros/humble/opt/rviz_ogre_vendor/lib:/opt/ros/humble/lib/x86_64-linux-gnu:/opt/ros/humble/lib:/opt/MVS/lib/64:/opt/MVS/lib/32:/opt/MVS/lib/64:/opt/MVS/lib/32:/opt/MVS/lib/64:/opt/MVS/lib/32:/opt/MVS/lib/64:/opt/MVS/lib/32 PYTHONPATH=/home/ocrv/sp_vision_tutorial_27/lecture4/install/nav_hw_interfaces/local/lib/python3.10/dist-packages:${PYTHONPATH} /usr/bin/cmake /home/ocrv/sp_vision_tutorial_27/lecture4/homework/src/qos_debugger -DCMAKE_INSTALL_PREFIX=/home/ocrv/sp_vision_tutorial_27/lecture4/install/qos_debugger
[0.155s] -- The C compiler identification is GNU 11.4.0
[0.295s] -- The CXX compiler identification is GNU 11.4.0
[0.308s] -- Detecting C compiler ABI info
[0.467s] -- Detecting C compiler ABI info - done
[0.476s] -- Check for working C compiler: /usr/bin/cc - skipped
[0.476s] -- Detecting C compile features
[0.477s] -- Detecting C compile features - done
[0.481s] -- Detecting CXX compiler ABI info
[0.678s] -- Detecting CXX compiler ABI info - done
[0.697s] -- Check for working CXX compiler: /usr/bin/c++ - skipped
[0.702s] -- Detecting CXX compile features
[0.703s] -- Detecting CXX compile features - done
[0.705s] -- Found ament_cmake: 1.3.14 (/opt/ros/humble/share/ament_cmake/cmake)
[1.000s] -- Found Python3: /usr/bin/python3 (found version "3.10.12") found components: Interpreter 
[1.084s] -- Found rclcpp: 16.0.21 (/opt/ros/humble/share/rclcpp/cmake)
[1.155s] -- Found rosidl_generator_c: 3.1.9 (/opt/ros/humble/share/rosidl_generator_c/cmake)
[1.161s] -- Found rosidl_adapter: 3.1.9 (/opt/ros/humble/share/rosidl_adapter/cmake)
[1.173s] -- Found rosidl_generator_cpp: 3.1.9 (/opt/ros/humble/share/rosidl_generator_cpp/cmake)
[1.204s] -- Using all available rosidl_typesupport_c: rosidl_typesupport_fastrtps_c;rosidl_typesupport_introspection_c
[1.233s] -- Using all available rosidl_typesupport_cpp: rosidl_typesupport_fastrtps_cpp;rosidl_typesupport_introspection_cpp
[1.291s] -- Found rmw_implementation_cmake: 6.1.4 (/opt/ros/humble/share/rmw_implementation_cmake/cmake)
[1.292s] -- Found rmw_fastrtps_cpp: 6.2.10 (/opt/ros/humble/share/rmw_fastrtps_cpp/cmake)
[1.450s] -- Found OpenSSL: /usr/lib/x86_64-linux-gnu/libcrypto.so (found version "3.0.2")  
[1.470s] -- Found FastRTPS: /opt/ros/humble/include  
[1.538s] -- Using RMW implementation 'rmw_fastrtps_cpp' as default
[1.568s] -- Looking for pthread.h
[1.734s] -- Looking for pthread.h - found
[1.735s] -- Performing Test CMAKE_HAVE_LIBC_PTHREAD
[1.946s] -- Performing Test CMAKE_HAVE_LIBC_PTHREAD - Success
[1.946s] -- Found Threads: TRUE  
[2.029s] -- Found nav_hw_interfaces: 0.0.0 (/home/ocrv/sp_vision_tutorial_27/lecture4/install/nav_hw_interfaces/share/nav_hw_interfaces/cmake)
[2.149s] -- Configuring done
[2.179s] -- Generating done
[2.188s] -- Build files have been written to: /home/ocrv/sp_vision_tutorial_27/lecture4/build/qos_debugger
[2.206s] Invoked command in '/home/ocrv/sp_vision_tutorial_27/lecture4/build/qos_debugger' returned '0': AMENT_PREFIX_PATH=/home/ocrv/sp_vision_tutorial_27/lecture4/install/nav_hw_interfaces:${AMENT_PREFIX_PATH} CMAKE_PREFIX_PATH=/home/ocrv/sp_vision_tutorial_27/lecture4/install/nav_hw_interfaces:/opt/ros/humble LD_LIBRARY_PATH=/home/ocrv/sp_vision_tutorial_27/lecture4/install/nav_hw_interfaces/lib:/opt/ros/humble/opt/rviz_ogre_vendor/lib:/opt/ros/humble/lib/x86_64-linux-gnu:/opt/ros/humble/lib:/opt/MVS/lib/64:/opt/MVS/lib/32:/opt/MVS/lib/64:/opt/MVS/lib/32:/opt/MVS/lib/64:/opt/MVS/lib/32:/opt/MVS/lib/64:/opt/MVS/lib/32 PYTHONPATH=/home/ocrv/sp_vision_tutorial_27/lecture4/install/nav_hw_interfaces/local/lib/python3.10/dist-packages:${PYTHONPATH} /usr/bin/cmake /home/ocrv/sp_vision_tutorial_27/lecture4/homework/src/qos_debugger -DCMAKE_INSTALL_PREFIX=/home/ocrv/sp_vision_tutorial_27/lecture4/install/qos_debugger
[2.210s] Invoking command in '/home/ocrv/sp_vision_tutorial_27/lecture4/build/qos_debugger': AMENT_PREFIX_PATH=/home/ocrv/sp_vision_tutorial_27/lecture4/install/nav_hw_interfaces:${AMENT_PREFIX_PATH} CMAKE_PREFIX_PATH=/home/ocrv/sp_vision_tutorial_27/lecture4/install/nav_hw_interfaces:/opt/ros/humble LD_LIBRARY_PATH=/home/ocrv/sp_vision_tutorial_27/lecture4/install/nav_hw_interfaces/lib:/opt/ros/humble/opt/rviz_ogre_vendor/lib:/opt/ros/humble/lib/x86_64-linux-gnu:/opt/ros/humble/lib:/opt/MVS/lib/64:/opt/MVS/lib/32:/opt/MVS/lib/64:/opt/MVS/lib/32:/opt/MVS/lib/64:/opt/MVS/lib/32:/opt/MVS/lib/64:/opt/MVS/lib/32 PYTHONPATH=/home/ocrv/sp_vision_tutorial_27/lecture4/install/nav_hw_interfaces/local/lib/python3.10/dist-packages:${PYTHONPATH} /usr/bin/cmake --build /home/ocrv/sp_vision_tutorial_27/lecture4/build/qos_debugger -- -j4 -l4
[2.313s] [ 25%] [32mBuilding CXX object CMakeFiles/qos_debugger_sub.dir/src/qos_debugger_sub.cpp.o[0m
[2.318s] [ 50%] [32mBuilding CXX object CMakeFiles/qos_debugger_pub.dir/src/qos_debugger_pub.cpp.o[0m
[8.711s] [ 75%] [32m[1mLinking CXX executable qos_debugger_pub[0m
[9.026s] [ 75%] Built target qos_debugger_pub
[13.262s] [100%] [32m[1mLinking CXX executable qos_debugger_sub[0m
[13.986s] [100%] Built target qos_debugger_sub
[14.007s] Invoked command in '/home/ocrv/sp_vision_tutorial_27/lecture4/build/qos_debugger' returned '0': AMENT_PREFIX_PATH=/home/ocrv/sp_vision_tutorial_27/lecture4/install/nav_hw_interfaces:${AMENT_PREFIX_PATH} CMAKE_PREFIX_PATH=/home/ocrv/sp_vision_tutorial_27/lecture4/install/nav_hw_interfaces:/opt/ros/humble LD_LIBRARY_PATH=/home/ocrv/sp_vision_tutorial_27/lecture4/install/nav_hw_interfaces/lib:/opt/ros/humble/opt/rviz_ogre_vendor/lib:/opt/ros/humble/lib/x86_64-linux-gnu:/opt/ros/humble/lib:/opt/MVS/lib/64:/opt/MVS/lib/32:/opt/MVS/lib/64:/opt/MVS/lib/32:/opt/MVS/lib/64:/opt/MVS/lib/32:/opt/MVS/lib/64:/opt/MVS/lib/32 PYTHONPATH=/home/ocrv/sp_vision_tutorial_27/lecture4/install/nav_hw_interfaces/local/lib/python3.10/dist-packages:${PYTHONPATH} /usr/bin/cmake --build /home/ocrv/sp_vision_tutorial_27/lecture4/build/qos_debugger -- -j4 -l4
[14.012s] Invoking command in '/home/ocrv/sp_vision_tutorial_27/lecture4/build/qos_debugger': AMENT_PREFIX_PATH=/home/ocrv/sp_vision_tutorial_27/lecture4/install/nav_hw_interfaces:${AMENT_PREFIX_PATH} CMAKE_PREFIX_PATH=/home/ocrv/sp_vision_tutorial_27/lecture4/install/nav_hw_interfaces:/opt/ros/humble LD_LIBRARY_PATH=/home/ocrv/sp_vision_tutorial_27/lecture4/install/nav_hw_interfaces/lib:/opt/ros/humble/opt/rviz_ogre_vendor/lib:/opt/ros/humble/lib/x86_64-linux-gnu:/opt/ros/humble/lib:/opt/MVS/lib/64:/opt/MVS/lib/32:/opt/MVS/lib/64:/opt/MVS/lib/32:/opt/MVS/lib/64:/opt/MVS/lib/32:/opt/MVS/lib/64:/opt/MVS/lib/32 PYTHONPATH=/home/ocrv/sp_vision_tutorial_27/lecture4/install/nav_hw_interfaces/local/lib/python3.10/dist-packages:${PYTHONPATH} /usr/bin/cmake --install /home/ocrv/sp_vision_tutorial_27/lecture4/build/qos_debugger
[14.026s] -- Install configuration: ""
[14.026s] -- Installing: /home/ocrv/sp_vision_tutorial_27/lecture4/install/qos_debugger/lib/qos_debugger/qos_debugger_pub
[14.028s] -- Set runtime path of "/home/ocrv/sp_vision_tutorial_27/lecture4/install/qos_debugger/lib/qos_debugger/qos_debugger_pub" to ""
[14.028s] -- Installing: /home/ocrv/sp_vision_tutorial_27/lecture4/install/qos_debugger/lib/qos_debugger/qos_debugger_sub
[14.038s] -- Set runtime path of "/home/ocrv/sp_vision_tutorial_27/lecture4/install/qos_debugger/lib/qos_debugger/qos_debugger_sub" to ""
[14.038s] -- Installing: /home/ocrv/sp_vision_tutorial_27/lecture4/install/qos_debugger/share/ament_index/resource_index/package_run_dependencies/qos_debugger
[14.038s] -- Installing: /home/ocrv/sp_vision_tutorial_27/lecture4/install/qos_debugger/share/ament_index/resource_index/parent_prefix_path/qos_debugger
[14.039s] -- Installing: /home/ocrv/sp_vision_tutorial_27/lecture4/install/qos_debugger/share/qos_debugger/environment/ament_prefix_path.sh
[14.043s] -- Installing: /home/ocrv/sp_vision_tutorial_27/lecture4/install/qos_debugger/share/qos_debugger/environment/ament_prefix_path.dsv
[14.043s] -- Installing: /home/ocrv/sp_vision_tutorial_27/lecture4/install/qos_debugger/share/qos_debugger/environment/path.sh
[14.043s] -- Installing: /home/ocrv/sp_vision_tutorial_27/lecture4/install/qos_debugger/share/qos_debugger/environment/path.dsv
[14.043s] -- Installing: /home/ocrv/sp_vision_tutorial_27/lecture4/install/qos_debugger/share/qos_debugger/local_setup.bash
[14.043s] -- Installing: /home/ocrv/sp_vision_tutorial_27/lecture4/install/qos_debugger/share/qos_debugger/local_setup.sh
[14.043s] -- Installing: /home/ocrv/sp_vision_tutorial_27/lecture4/install/qos_debugger/share/qos_debugger/local_setup.zsh
[14.043s] -- Installing: /home/ocrv/sp_vision_tutorial_27/lecture4/install/qos_debugger/share/qos_debugger/local_setup.dsv
[14.043s] -- Installing: /home/ocrv/sp_vision_tutorial_27/lecture4/install/qos_debugger/share/qos_debugger/package.dsv
[14.043s] -- Installing: /home/ocrv/sp_vision_tutorial_27/lecture4/install/qos_debugger/share/ament_index/resource_index/packages/qos_debugger
[14.043s] -- Installing: /home/ocrv/sp_vision_tutorial_27/lecture4/install/qos_debugger/share/qos_debugger/cmake/qos_debuggerConfig.cmake
[14.043s] -- Installing: /home/ocrv/sp_vision_tutorial_27/lecture4/install/qos_debugger/share/qos_debugger/cmake/qos_debuggerConfig-version.cmake
[14.043s] -- Installing: /home/ocrv/sp_vision_tutorial_27/lecture4/install/qos_debugger/share/qos_debugger/package.xml
[14.051s] Invoked command in '/home/ocrv/sp_vision_tutorial_27/lecture4/build/qos_debugger' returned '0': AMENT_PREFIX_PATH=/home/ocrv/sp_vision_tutorial_27/lecture4/install/nav_hw_interfaces:${AMENT_PREFIX_PATH} CMAKE_PREFIX_PATH=/home/ocrv/sp_vision_tutorial_27/lecture4/install/nav_hw_interfaces:/opt/ros/humble LD_LIBRARY_PATH=/home/ocrv/sp_vision_tutorial_27/lecture4/install/nav_hw_interfaces/lib:/opt/ros/humble/opt/rviz_ogre_vendor/lib:/opt/ros/humble/lib/x86_64-linux-gnu:/opt/ros/humble/lib:/opt/MVS/lib/64:/opt/MVS/lib/32:/opt/MVS/lib/64:/opt/MVS/lib/32:/opt/MVS/lib/64:/opt/MVS/lib/32:/opt/MVS/lib/64:/opt/MVS/lib/32 PYTHONPATH=/home/ocrv/sp_vision_tutorial_27/lecture4/install/nav_hw_interfaces/local/lib/python3.10/dist-packages:${PYTHONPATH} /usr/bin/cmake --install /home/ocrv/sp_vision_tutorial_27/lecture4/build/qos_debugger
