[0.024s] Invoking command in '/home/ocrv/sp_vision_tutorial_27/lecture4/build/topic_learning_pub': CMAKE_PREFIX_PATH=/opt/ros/humble /usr/bin/cmake /home/ocrv/sp_vision_tutorial_27/lecture4/src/ep2/topic_learning_pub -DCMAKE_INSTALL_PREFIX=/home/ocrv/sp_vision_tutorial_27/lecture4/install/topic_learning_pub
[0.174s] -- The C compiler identification is GNU 11.4.0
[0.246s] -- The CXX compiler identification is GNU 11.4.0
[0.263s] -- Detecting C compiler ABI info
[0.371s] -- Detecting C compiler ABI info - done
[0.385s] -- Check for working C compiler: /usr/bin/cc - skipped
[0.388s] -- Detecting C compile features
[0.393s] -- Detecting C compile features - done
[0.398s] -- Detecting CXX compiler ABI info
[0.585s] -- Detecting CXX compiler ABI info - done
[0.604s] -- Check for working CXX compiler: /usr/bin/c++ - skipped
[0.604s] -- Detecting CXX compile features
[0.604s] -- Detecting CXX compile features - done
[0.611s] -- Found ament_cmake: 1.3.14 (/opt/ros/humble/share/ament_cmake/cmake)
[0.840s] -- Found Python3: /usr/bin/python3 (found version "3.10.12") found components: Interpreter 
[1.032s] -- Found rclcpp: 16.0.21 (/opt/ros/humble/share/rclcpp/cmake)
[1.146s] -- Found rosidl_generator_c: 3.1.9 (/opt/ros/humble/share/rosidl_generator_c/cmake)
[1.148s] -- Found rosidl_adapter: 3.1.9 (/opt/ros/humble/share/rosidl_adapter/cmake)
[1.163s] -- Found rosidl_generator_cpp: 3.1.9 (/opt/ros/humble/share/rosidl_generator_cpp/cmake)
[1.189s] -- Using all available rosidl_typesupport_c: rosidl_typesupport_fastrtps_c;rosidl_typesupport_introspection_c
[1.214s] -- Using all available rosidl_typesupport_cpp: rosidl_typesupport_fastrtps_cpp;rosidl_typesupport_introspection_cpp
[1.304s] -- Found rmw_implementation_cmake: 6.1.4 (/opt/ros/humble/share/rmw_implementation_cmake/cmake)
[1.309s] -- Found rmw_fastrtps_cpp: 6.2.10 (/opt/ros/humble/share/rmw_fastrtps_cpp/cmake)
[1.473s] -- Found OpenSSL: /usr/lib/x86_64-linux-gnu/libcrypto.so (found version "3.0.2")  
[1.509s] -- Found FastRTPS: /opt/ros/humble/include  
[1.563s] -- Using RMW implementation 'rmw_fastrtps_cpp' as default
[1.579s] -- Looking for pthread.h
[1.689s] -- Looking for pthread.h - found
[1.690s] -- Performing Test CMAKE_HAVE_LIBC_PTHREAD
[1.806s] -- Performing Test CMAKE_HAVE_LIBC_PTHREAD - Success
[1.806s] -- Found Threads: TRUE  
[1.880s] -- Found ament_lint_auto: 0.12.15 (/opt/ros/humble/share/ament_lint_auto/cmake)
[1.963s] -- Added test 'cppcheck' to perform static code analysis on C / C++ code
[1.963s] -- Configured cppcheck include dirs: 
[1.963s] -- Configured cppcheck exclude dirs and/or files: 
[1.967s] -- Added test 'lint_cmake' to check CMake code style
[1.968s] -- Added test 'uncrustify' to check C / C++ code style
[1.968s] -- Configured uncrustify additional arguments: 
[1.971s] -- Added test 'xmllint' to check XML markup files
[1.974s] -- Configuring done
[1.984s] -- Generating done
[1.987s] -- Build files have been written to: /home/ocrv/sp_vision_tutorial_27/lecture4/build/topic_learning_pub
[1.995s] Invoked command in '/home/ocrv/sp_vision_tutorial_27/lecture4/build/topic_learning_pub' returned '0': CMAKE_PREFIX_PATH=/opt/ros/humble /usr/bin/cmake /home/ocrv/sp_vision_tutorial_27/lecture4/src/ep2/topic_learning_pub -DCMAKE_INSTALL_PREFIX=/home/ocrv/sp_vision_tutorial_27/lecture4/install/topic_learning_pub
[1.996s] Invoking command in '/home/ocrv/sp_vision_tutorial_27/lecture4/build/topic_learning_pub': CMAKE_PREFIX_PATH=/opt/ros/humble /usr/bin/cmake --build /home/ocrv/sp_vision_tutorial_27/lecture4/build/topic_learning_pub -- -j4 -l4
[2.089s] [ 25%] [32mBuilding CXX object CMakeFiles/qos_publisher.dir/src/qos_publisher.cpp.o[0m
[2.094s] [ 50%] [32mBuilding CXX object CMakeFiles/publisher_node.dir/src/publisher_node.cpp.o[0m
[8.738s] [ 75%] [32m[1mLinking CXX executable publisher_node[0m
[9.109s] [ 75%] Built target publisher_node
[9.623s] [100%] [32m[1mLinking CXX executable qos_publisher[0m
[9.865s] [100%] Built target qos_publisher
[9.907s] Invoked command in '/home/ocrv/sp_vision_tutorial_27/lecture4/build/topic_learning_pub' returned '0': CMAKE_PREFIX_PATH=/opt/ros/humble /usr/bin/cmake --build /home/ocrv/sp_vision_tutorial_27/lecture4/build/topic_learning_pub -- -j4 -l4
[9.907s] Invoking command in '/home/ocrv/sp_vision_tutorial_27/lecture4/build/topic_learning_pub': CMAKE_PREFIX_PATH=/opt/ros/humble /usr/bin/cmake --install /home/ocrv/sp_vision_tutorial_27/lecture4/build/topic_learning_pub
[9.942s] -- Install configuration: ""
[9.942s] -- Installing: /home/ocrv/sp_vision_tutorial_27/lecture4/install/topic_learning_pub/lib/topic_learning_pub/publisher_node
[9.942s] -- Set runtime path of "/home/ocrv/sp_vision_tutorial_27/lecture4/install/topic_learning_pub/lib/topic_learning_pub/publisher_node" to ""
[9.942s] -- Installing: /home/ocrv/sp_vision_tutorial_27/lecture4/install/topic_learning_pub/lib/topic_learning_pub/qos_publisher
[9.942s] -- Set runtime path of "/home/ocrv/sp_vision_tutorial_27/lecture4/install/topic_learning_pub/lib/topic_learning_pub/qos_publisher" to ""
[9.942s] -- Installing: /home/ocrv/sp_vision_tutorial_27/lecture4/install/topic_learning_pub/share/ament_index/resource_index/package_run_dependencies/topic_learning_pub
[9.942s] -- Installing: /home/ocrv/sp_vision_tutorial_27/lecture4/install/topic_learning_pub/share/ament_index/resource_index/parent_prefix_path/topic_learning_pub
[9.942s] -- Installing: /home/ocrv/sp_vision_tutorial_27/lecture4/install/topic_learning_pub/share/topic_learning_pub/environment/ament_prefix_path.sh
[9.944s] -- Installing: /home/ocrv/sp_vision_tutorial_27/lecture4/install/topic_learning_pub/share/topic_learning_pub/environment/ament_prefix_path.dsv
[9.945s] -- Installing: /home/ocrv/sp_vision_tutorial_27/lecture4/install/topic_learning_pub/share/topic_learning_pub/environment/path.sh
[9.945s] -- Installing: /home/ocrv/sp_vision_tutorial_27/lecture4/install/topic_learning_pub/share/topic_learning_pub/environment/path.dsv
[9.945s] -- Installing: /home/ocrv/sp_vision_tutorial_27/lecture4/install/topic_learning_pub/share/topic_learning_pub/local_setup.bash
[9.945s] -- Installing: /home/ocrv/sp_vision_tutorial_27/lecture4/install/topic_learning_pub/share/topic_learning_pub/local_setup.sh
[9.945s] -- Installing: /home/ocrv/sp_vision_tutorial_27/lecture4/install/topic_learning_pub/share/topic_learning_pub/local_setup.zsh
[9.946s] -- Installing: /home/ocrv/sp_vision_tutorial_27/lecture4/install/topic_learning_pub/share/topic_learning_pub/local_setup.dsv
[9.952s] -- Installing: /home/ocrv/sp_vision_tutorial_27/lecture4/install/topic_learning_pub/share/topic_learning_pub/package.dsv
[9.952s] -- Installing: /home/ocrv/sp_vision_tutorial_27/lecture4/install/topic_learning_pub/share/ament_index/resource_index/packages/topic_learning_pub
[9.952s] -- Installing: /home/ocrv/sp_vision_tutorial_27/lecture4/install/topic_learning_pub/share/topic_learning_pub/cmake/topic_learning_pubConfig.cmake
[9.952s] -- Installing: /home/ocrv/sp_vision_tutorial_27/lecture4/install/topic_learning_pub/share/topic_learning_pub/cmake/topic_learning_pubConfig-version.cmake
[9.952s] -- Installing: /home/ocrv/sp_vision_tutorial_27/lecture4/install/topic_learning_pub/share/topic_learning_pub/package.xml
[9.957s] Invoked command in '/home/ocrv/sp_vision_tutorial_27/lecture4/build/topic_learning_pub' returned '0': CMAKE_PREFIX_PATH=/opt/ros/humble /usr/bin/cmake --install /home/ocrv/sp_vision_tutorial_27/lecture4/build/topic_learning_pub
